
[1m[46m RUN [49m[22m [36mv4.0.18 [39m[90mC:/dev/horoscope_front/frontend[39m

 [31mÔØ»[39m src/components/ui/Button/Button.test.tsx [2m([22m[2m16 tests[22m[2m | [22m[31m1 failed[39m[2m)[22m[33m 540[2mms[22m[39m
     [32mÔ£ô[39m renders primary button by default[32m 85[2mms[22m[39m
       [32mÔ£ô[39m renders primary variant correctly[32m 20[2mms[22m[39m
       [32mÔ£ô[39m renders secondary variant correctly[32m 21[2mms[22m[39m
       [32mÔ£ô[39m renders ghost variant correctly[32m 22[2mms[22m[39m
       [32mÔ£ô[39m renders danger variant correctly[32m 23[2mms[22m[39m
       [32mÔ£ô[39m renders sm size correctly[32m 25[2mms[22m[39m
       [32mÔ£ô[39m renders md size correctly[32m 29[2mms[22m[39m
       [32mÔ£ô[39m renders lg size correctly[32m 33[2mms[22m[39m
       [32mÔ£ô[39m handles disabled state[32m 39[2mms[22m[39m
       [32mÔ£ô[39m handles loading state[32m 42[2mms[22m[39m
       [32mÔ£ô[39m renders left icon[32m 2[2mms[22m[39m
       [32mÔ£ô[39m renders right icon[32m 1[2mms[22m[39m
[31m       [31m├ù[31m does not render icons when loading[39m[32m 3[2mms[22m[39m
       [32mÔ£ô[39m passes fullWidth and custom className[32m 63[2mms[22m[39m
       [32mÔ£ô[39m defaults to type="button"[32m 64[2mms[22m[39m
       [32mÔ£ô[39m allows overriding type="submit"[32m 66[2mms[22m[39m

[2m Test Files [22m [1m[31m1 failed[39m[22m[90m (1)[39m
[2m      Tests [22m [1m[31m1 failed[39m[22m[2m | [22m[1m[32m15 passed[39m[22m[90m (16)[39m
[2m   Start at [22m 23:20:42
[2m   Duration [22m 1.31s[2m (transform 45ms, setup 79ms, import 95ms, tests 540ms, environment 490ms)[22m

