
> horoscope-front@0.0.0 test
> vitest run


[7m[1m[36m RUN [39m[22m[27m [36mv1.6.1[39m [90mC:/dev/horoscope_front[39m

 [32mÔ£ô[39m src/shared/auth/redirect.test.ts [2m ([22m[2m10 tests[22m[2m)[22m[90m 3[2mms[22m[39m
 [32mÔ£ô[39m src/shared/auth/token.test.ts [2m ([22m[2m11 tests[22m[2m)[22m[90m 7[2mms[22m[39m
stderr | src/shared/config/features.test.ts > features config > assertValidFeatureKey > devrait avertir pour une cl├® invalide en dev
Unknown feature key: invalid.feature.key. Valid keys: chat.messages/day, horoscope.today/premium, horoscope.natal, horoscope.pdf.natal, account.export

 [32mÔ£ô[39m src/shared/config/features.test.ts [2m ([22m[2m5 tests[22m[2m)[22m[90m 5[2mms[22m[39m
 [32mÔ£ô[39m src/stores/horoscopeStore.test.ts [2m ([22m[2m10 tests[22m[2m)[22m[90m 7[2mms[22m[39m
 [32mÔ£ô[39m src/shared/config/plans.test.ts [2m ([22m[2m8 tests[22m[2m)[22m[90m 3[2mms[22m[39m
 [32mÔ£ô[39m src/shared/api/paywall.service.test.ts [2m ([22m[2m6 tests[22m[2m)[22m[90m 7[2mms[22m[39m
 [32mÔ£ô[39m src/shared/api/horoscope.service.test.ts [2m ([22m[2m13 tests[22m[2m)[22m[90m 9[2mms[22m[39m
 [32mÔ£ô[39m src/shared/api/chat.service.test.ts [2m ([22m[2m11 tests[22m[2m)[22m[90m 13[2mms[22m[39m
 [32mÔ£ô[39m src/shared/hooks/useTitle.test.ts [2m ([22m[2m2 tests[22m[2m)[22m[90m 18[2mms[22m[39m
 [32mÔ£ô[39m src/app/router.test.tsx [2m ([22m[2m9 tests[22m[2m)[22m[90m 184[2mms[22m[39m
 [32mÔ£ô[39m src/stores/authStore.test.ts [2m ([22m[2m9 tests[22m[2m)[22m[90m 9[2mms[22m[39m
 [32mÔ£ô[39m src/shared/api/auth.service.test.ts [2m ([22m[2m15 tests[22m[2m)[22m[90m 15[2mms[22m[39m
 [32mÔ£ô[39m src/shared/api/billing.service.test.ts [2m ([22m[2m15 tests[22m[2m)[22m[90m 19[2mms[22m[39m
 [32mÔ£ô[39m src/stores/chatStore.test.ts [2m ([22m[2m16 tests[22m[2m)[22m[90m 20[2mms[22m[39m
 [32mÔ£ô[39m src/app/AppProviders.test.tsx [2m ([22m[2m13 tests[22m[2m)[22m[90m 71[2mms[22m[39m
 [32mÔ£ô[39m src/app/layouts/PublicLayout.test.tsx [2m ([22m[2m3 tests[22m[2m)[22m[90m 80[2mms[22m[39m
 [32mÔ£ô[39m src/app/layouts/PrivateLayout.test.tsx [2m ([22m[2m4 tests[22m[2m)[22m[90m 85[2mms[22m[39m
 [32mÔ£ô[39m src/widgets/PortalButton/PortalButton.test.tsx [2m ([22m[2m10 tests[22m[2m)[22m[90m 205[2mms[22m[39m
 [32mÔ£ô[39m src/widgets/UpgradeButton/UpgradeButton.test.tsx [2m ([22m[2m11 tests[22m[2m)[22m[90m 244[2mms[22m[39m
 [32mÔ£ô[39m src/features/billing/PaywallGate.test.tsx [2m ([22m[2m7 tests[22m[2m)[22m[90m 172[2mms[22m[39m
 [32mÔ£ô[39m src/app/App.test.tsx [2m ([22m[2m1 test[22m[2m)[22m[90m 56[2mms[22m[39m
 [32mÔ£ô[39m src/features/chat/hooks/useChat.test.tsx [2m ([22m[2m13 tests[22m[2m)[22m[33m 303[2mms[22m[39m
 [32mÔ£ô[39m src/features/billing/hooks/usePortal.test.tsx [2m ([22m[2m7 tests[22m[2m)[22m[33m 418[2mms[22m[39m
 [32mÔ£ô[39m src/features/billing/hooks/useCheckout.test.tsx [2m ([22m[2m9 tests[22m[2m)[22m[33m 444[2mms[22m[39m
 [32mÔ£ô[39m src/features/billing/hooks/usePaywall.test.tsx [2m ([22m[2m7 tests[22m[2m)[22m[33m 465[2mms[22m[39m
 [32mÔ£ô[39m src/shared/api/client.test.ts [2m ([22m[2m22 tests[22m[2m)[22m[33m 3536[2mms[22m[39m

[2m Test Files [22m [1m[32m26 passed[39m[22m[90m (26)[39m
[2m      Tests [22m [1m[32m247 passed[39m[22m[90m (247)[39m
[2m   Start at [22m 11:30:01
[2m   Duration [22m 6.05s[2m (transform 1.69s, setup 16.35s, collect 4.08s, tests 6.40s, environment 32.55s, prepare 5.96s)[22m

