FFFFFFFFFFFFFFFFFFFFFFFFFFFFFFFFFFFFFFFFF                                [100%]
================================== FAILURES ===================================
_________________ test_gateway_transmits_gpt5_params_from_db __________________

db_session = <sqlalchemy.orm.session.Session object at 0x0000015B380CCD70>

    @pytest.mark.asyncio
    async def test_gateway_transmits_gpt5_params_from_db(db_session: Session):
        """VÚrifie que le Gateway extrait reasoning/verbosity de la DB et les passe au client."""
        use_case = "test_gpt5_params"
    
        uc = LlmUseCaseConfigModel(
            key=use_case,
            display_name="Test GPT-5",
            description="Test",
            required_prompt_placeholders=["locale", "use_case"],
        )
        db_session.add(uc)
    
        prompt = LlmPromptVersionModel(
            use_case_key=use_case,
            status=PromptStatus.PUBLISHED,
            model="gpt-5",
            developer_prompt="Test GPT-5",
            reasoning_effort="low",
            verbosity="high",
            created_by="test",
        )
        db_session.add(prompt)
        db_session.commit()
    
        mock_client = AsyncMock()
        mock_client.execute.return_value = _make_mock_result("gpt-5")
    
        gateway = LLMGateway(responses_client=mock_client)
    
        try:
>           await gateway.execute(
                use_case=use_case,
                user_input={},
                context={"locale": "fr", "use_case": use_case},
                request_id="test-req",
                trace_id="test-trace",
                user_id=1,
                db=db_session,
            )

app\tests\integration\test_gateway_gpt5_params.py:74: 
_ _ _ _ _ _ _ _ _ _ _ _ _ _ _ _ _ _ _ _ _ _ _ _ _ _ _ _ _ _ _ _ _ _ _ _ _ _ _ _
app\llm_orchestration\gateway.py:580: in execute
    return await self.execute_request(request, db=db)
           ^^^^^^^^^^^^^^^^^^^^^^^^^^^^^^^^^^^^^^^^^^
_ _ _ _ _ _ _ _ _ _ _ _ _ _ _ _ _ _ _ _ _ _ _ _ _ _ _ _ _ _ _ _ _ _ _ _ _ _ _ _

self = <app.llm_orchestration.gateway.LLMGateway object at 0x0000015B380CECF0>
request = LLMExecutionRequest(user_input=ExecutionUserInput(use_case='test_gpt5_params', locale='fr', message=None, question=Non...rsion_id_override=None, visited_use_cases=[]), overrides=None, user_id=1, request_id='test-req', trace_id='test-trace')
db = <sqlalchemy.orm.session.Session object at 0x0000015B380CCD70>

    async def execute_request(
        self, request: LLMExecutionRequest, db: Optional[Session] = None
    ) -> GatewayResult:
        """Canonical entry point for LLM orchestration using typed contracts."""
        start_time = time.perf_counter()
        use_case = request.user_input.use_case
        visited = request.flags.visited_use_cases
        is_repair_call = request.flags.is_repair_call
    
        try:
            if use_case in visited and not is_repair_call:
                raise GatewayError(f"Infinite fallback loop detected for use case '{use_case}'", details={"visited": visited})
    
            # Stage 1: Resolve Plan (Now includes QualifiedContext)
            try:
                plan, qualified_ctx = await self._resolve_plan(request, db)
            except Exception as e:
                logger.error("gateway_step_failed:resolve_plan use_case=%s error=%s", use_case, e)
                raise
    
            if not is_repair_call:
                logger.info("llm_gateway_start use_case=%s request_id=%s", use_case, request.request_id)
    
            # Stage 2: Build Messages
            try:
                messages = self._build_messages(request, plan, qualified_ctx)
            except Exception as e:
                logger.error("gateway_step_failed:build_messages use_case=%s error=%s", use_case, e)
                raise
    
            # Stage 3: Call Provider
            try:
                provider_result = await self._call_provider(messages, plan, request)
            except Exception as e:
                logger.error("gateway_step_failed:call_provider use_case=%s error=%s", use_case, e)
                raise
    
            # Stage 4: Validate & Normalize
            try:
                validation = self._validate_and_normalize(provider_result.raw_output, plan, request)
                if validation.valid:
                    provider_result.structured_output = validation.parsed
            except Exception as e:
                logger.error("gateway_step_failed:validate_and_normalize use_case=%s error=%s", use_case, e)
                raise
    
            # Stage 5: Recovery (Repair/Fallback)
            try:
                if not validation.valid:
                    recovery = await self._handle_repair_or_fallback(validation, request, plan, provider_result, db=db)
                else:
>                   recovery = RecoveryResult(result=provider_result)
                               ^^^^^^^^^^^^^^^^^^^^^^^^^^^^^^^^^^^^^^
E                   pydantic_core._pydantic_core.ValidationError: 1 validation error for RecoveryResult
E                   result
E                     Input should be a valid dictionary or instance of GatewayResult [type=model_type, input_value=<MagicMock name='mock.exe...e()' id='1491294021216'>, input_type=MagicMock]
E                       For further information visit https://errors.pydantic.dev/2.12/v/model_type

app\llm_orchestration\gateway.py:982: ValidationError
------------------------------ Captured log call ------------------------------
WARNING  app.llm_orchestration.gateway:gateway.py:610 gateway_common_context_failed use_case=test_gpt5_params error=birth profile not found
ERROR    app.llm_orchestration.gateway:gateway.py:984 gateway_step_failed:recovery use_case=test_gpt5_params error=1 validation error for RecoveryResult
result
  Input should be a valid dictionary or instance of GatewayResult [type=model_type, input_value=<MagicMock name='mock.exe...e()' id='1491294021216'>, input_type=MagicMock]
    For further information visit https://errors.pydantic.dev/2.12/v/model_type
_______________ test_gateway_does_not_pass_reasoning_for_gpt4o ________________

db_session = <sqlalchemy.orm.session.Session object at 0x0000015B380CF620>

    @pytest.mark.asyncio
    async def test_gateway_does_not_pass_reasoning_for_gpt4o(db_session: Session):
        """Un use case gpt-4o-mini sans reasoning_effort/verbosity transmet None au client."""
        use_case = "test_gpt4o_no_reasoning"
    
        uc = LlmUseCaseConfigModel(
            key=use_case,
            display_name="Test GPT-4o-mini",
            description="Test",
            required_prompt_placeholders=["locale", "use_case"],
        )
        db_session.add(uc)
    
        prompt = LlmPromptVersionModel(
            use_case_key=use_case,
            status=PromptStatus.PUBLISHED,
            model="gpt-4o-mini",
            developer_prompt="Test gpt-4o-mini",
            reasoning_effort=None,  # Pas de reasoning pour gpt-4o-mini
            verbosity=None,
            created_by="test",
        )
        db_session.add(prompt)
        db_session.commit()
    
        mock_client = AsyncMock()
        mock_client.execute.return_value = _make_mock_result("gpt-4o-mini")
    
        gateway = LLMGateway(responses_client=mock_client)
    
        try:
>           await gateway.execute(
                use_case=use_case,
                user_input={},
                context={"locale": "fr", "use_case": use_case},
                request_id="test-req-4o",
                trace_id="test-trace-4o",
                user_id=1,
                db=db_session,
            )

app\tests\integration\test_gateway_gpt5_params.py:126: 
_ _ _ _ _ _ _ _ _ _ _ _ _ _ _ _ _ _ _ _ _ _ _ _ _ _ _ _ _ _ _ _ _ _ _ _ _ _ _ _
app\llm_orchestration\gateway.py:580: in execute
    return await self.execute_request(request, db=db)
           ^^^^^^^^^^^^^^^^^^^^^^^^^^^^^^^^^^^^^^^^^^
_ _ _ _ _ _ _ _ _ _ _ _ _ _ _ _ _ _ _ _ _ _ _ _ _ _ _ _ _ _ _ _ _ _ _ _ _ _ _ _

self = <app.llm_orchestration.gateway.LLMGateway object at 0x0000015B3873C2D0>
request = LLMExecutionRequest(user_input=ExecutionUserInput(use_case='test_gpt4o_no_reasoning', locale='fr', message=None, quest...id_override=None, visited_use_cases=[]), overrides=None, user_id=1, request_id='test-req-4o', trace_id='test-trace-4o')
db = <sqlalchemy.orm.session.Session object at 0x0000015B380CF620>

    async def execute_request(
        self, request: LLMExecutionRequest, db: Optional[Session] = None
    ) -> GatewayResult:
        """Canonical entry point for LLM orchestration using typed contracts."""
        start_time = time.perf_counter()
        use_case = request.user_input.use_case
        visited = request.flags.visited_use_cases
        is_repair_call = request.flags.is_repair_call
    
        try:
            if use_case in visited and not is_repair_call:
                raise GatewayError(f"Infinite fallback loop detected for use case '{use_case}'", details={"visited": visited})
    
            # Stage 1: Resolve Plan (Now includes QualifiedContext)
            try:
                plan, qualified_ctx = await self._resolve_plan(request, db)
            except Exception as e:
                logger.error("gateway_step_failed:resolve_plan use_case=%s error=%s", use_case, e)
                raise
    
            if not is_repair_call:
                logger.info("llm_gateway_start use_case=%s request_id=%s", use_case, request.request_id)
    
            # Stage 2: Build Messages
            try:
                messages = self._build_messages(request, plan, qualified_ctx)
            except Exception as e:
                logger.error("gateway_step_failed:build_messages use_case=%s error=%s", use_case, e)
                raise
    
            # Stage 3: Call Provider
            try:
                provider_result = await self._call_provider(messages, plan, request)
            except Exception as e:
                logger.error("gateway_step_failed:call_provider use_case=%s error=%s", use_case, e)
                raise
    
            # Stage 4: Validate & Normalize
            try:
                validation = self._validate_and_normalize(provider_result.raw_output, plan, request)
                if validation.valid:
                    provider_result.structured_output = validation.parsed
            except Exception as e:
                logger.error("gateway_step_failed:validate_and_normalize use_case=%s error=%s", use_case, e)
                raise
    
            # Stage 5: Recovery (Repair/Fallback)
            try:
                if not validation.valid:
                    recovery = await self._handle_repair_or_fallback(validation, request, plan, provider_result, db=db)
                else:
>                   recovery = RecoveryResult(result=provider_result)
                               ^^^^^^^^^^^^^^^^^^^^^^^^^^^^^^^^^^^^^^
E                   pydantic_core._pydantic_core.ValidationError: 1 validation error for RecoveryResult
E                   result
E                     Input should be a valid dictionary or instance of GatewayResult [type=model_type, input_value=<MagicMock name='mock.exe...e()' id='1491300533312'>, input_type=MagicMock]
E                       For further information visit https://errors.pydantic.dev/2.12/v/model_type

app\llm_orchestration\gateway.py:982: ValidationError
------------------------------ Captured log call ------------------------------
WARNING  app.llm_orchestration.gateway:gateway.py:610 gateway_common_context_failed use_case=test_gpt4o_no_reasoning error=birth profile not found
ERROR    app.llm_orchestration.gateway:gateway.py:984 gateway_step_failed:recovery use_case=test_gpt4o_no_reasoning error=1 validation error for RecoveryResult
result
  Input should be a valid dictionary or instance of GatewayResult [type=model_type, input_value=<MagicMock name='mock.exe...e()' id='1491300533312'>, input_type=MagicMock]
    For further information visit https://errors.pydantic.dev/2.12/v/model_type
___________________ test_guidance_success_daily_and_weekly ____________________

self = <app.llm_orchestration.providers.responses_client.ResponsesClient object at 0x0000015B38707620>
operation = 'responses_create'
func_factory = <function ResponsesClient.execute.<locals>.do_create at 0x0000015B3997C0E0>

    async def _execute_with_retry(
        self,
        operation: str,
        func_factory: Any,
        *,
        timeout_seconds: int,
    ) -> Any:
        """Reuse retry logic from OpenAIClient pattern."""
        max_retries = ai_engine_settings.max_retries
        base_delay_ms = ai_engine_settings.retry_base_delay_ms
        max_delay_ms = ai_engine_settings.retry_max_delay_ms
    
        last_error: Exception | None = None
        for attempt in range(max_retries + 1):
            try:
>               return await asyncio.wait_for(func_factory(), timeout=timeout_seconds)
                       ^^^^^^^^^^^^^^^^^^^^^^^^^^^^^^^^^^^^^^^^^^^^^^^^^^^^^^^^^^^^^^^

app\llm_orchestration\providers\responses_client.py:210: 
_ _ _ _ _ _ _ _ _ _ _ _ _ _ _ _ _ _ _ _ _ _ _ _ _ _ _ _ _ _ _ _ _ _ _ _ _ _ _ _
C:\Users\cyril\AppData\Local\Programs\Python\Python313\Lib\asyncio\tasks.py:507: in wait_for
    return await fut
           ^^^^^^^^^
app\llm_orchestration\providers\responses_client.py:148: in do_create
    return await client.responses.create(**params)
           ^^^^^^^^^^^^^^^^^^^^^^^^^^^^^^^^^^^^^^^
..\.venv\Lib\site-packages\openai\resources\responses\responses.py:2507: in create
    return await self._post(
..\.venv\Lib\site-packages\openai\_base_client.py:1884: in post
    return await self.request(cast_to, opts, stream=stream, stream_cls=stream_cls)
           ^^^^^^^^^^^^^^^^^^^^^^^^^^^^^^^^^^^^^^^^^^^^^^^^^^^^^^^^^^^^^^^^^^^^^^^
_ _ _ _ _ _ _ _ _ _ _ _ _ _ _ _ _ _ _ _ _ _ _ _ _ _ _ _ _ _ _ _ _ _ _ _ _ _ _ _

self = <openai.AsyncOpenAI object at 0x0000015B38706660>
cast_to = <class 'openai.types.responses.response.Response'>
options = FinalRequestOptions(method='post', url='/responses', params={}, headers={'x-request-id': '720b133bff9d4fe28e03f917bd81...ly', 'schema': {'type': 'object', 'required': ['summary', 'key_points', 'advice']}, 'strict': True}}}, extra_json=None)

    async def request(
        self,
        cast_to: Type[ResponseT],
        options: FinalRequestOptions,
        *,
        stream: bool = False,
        stream_cls: type[_AsyncStreamT] | None = None,
    ) -> ResponseT | _AsyncStreamT:
        if self._platform is None:
            # `get_platform` can make blocking IO calls so we
            # execute it earlier while we are in an async context
            self._platform = await asyncify(get_platform)()
    
        cast_to = self._maybe_override_cast_to(cast_to, options)
    
        # create a copy of the options we were given so that if the
        # options are mutated later & we then retry, the retries are
        # given the original options
        input_options = model_copy(options)
        if input_options.idempotency_key is None and input_options.method.lower() != "get":
            # ensure the idempotency key is reused between requests
            input_options.idempotency_key = self._idempotency_key()
    
        response: httpx.Response | None = None
        max_retries = input_options.get_max_retries(self.max_retries)
    
        retries_taken = 0
        for retries_taken in range(max_retries + 1):
            options = model_copy(input_options)
            options = await self._prepare_options(options)
    
            remaining_retries = max_retries - retries_taken
            request = self._build_request(options, retries_taken=retries_taken)
            await self._prepare_request(request)
    
            kwargs: HttpxSendArgs = {}
            if self.custom_auth is not None:
                kwargs["auth"] = self.custom_auth
    
            if options.follow_redirects is not None:
                kwargs["follow_redirects"] = options.follow_redirects
    
            log.debug("Sending HTTP Request: %s %s", request.method, request.url)
    
            response = None
            try:
                response = await self._client.send(
                    request,
                    stream=stream or self._should_stream_response_body(request=request),
                    **kwargs,
                )
            except httpx.TimeoutException as err:
                log.debug("Encountered httpx.TimeoutException", exc_info=True)
    
                if remaining_retries > 0:
                    await self._sleep_for_retry(
                        retries_taken=retries_taken,
                        max_retries=max_retries,
                        options=input_options,
                        response=None,
                    )
                    continue
    
                log.debug("Raising timeout error")
                raise APITimeoutError(request=request) from err
            except Exception as err:
                log.debug("Encountered Exception", exc_info=True)
    
                if remaining_retries > 0:
                    await self._sleep_for_retry(
                        retries_taken=retries_taken,
                        max_retries=max_retries,
                        options=input_options,
                        response=None,
                    )
                    continue
    
                log.debug("Raising connection error")
                raise APIConnectionError(request=request) from err
    
            log.debug(
                'HTTP Response: %s %s "%i %s" %s',
                request.method,
                request.url,
                response.status_code,
                response.reason_phrase,
                response.headers,
            )
            log.debug("request_id: %s", response.headers.get("x-request-id"))
    
            try:
                response.raise_for_status()
            except httpx.HTTPStatusError as err:  # thrown on 4xx and 5xx status code
                log.debug("Encountered httpx.HTTPStatusError", exc_info=True)
    
                if remaining_retries > 0 and self._should_retry(err.response):
                    await err.response.aclose()
                    await self._sleep_for_retry(
                        retries_taken=retries_taken,
                        max_retries=max_retries,
                        options=input_options,
                        response=response,
                    )
                    continue
    
                # If the response is streamed then we need to explicitly read the response
                # to completion before attempting to access the response text.
                if not err.response.is_closed:
                    await err.response.aread()
    
                log.debug("Re-raising status error")
>               raise self._make_status_error_from_response(err.response) from None
E               openai.BadRequestError: Error code: 400 - {'error': {'message': "Invalid schema for response_format 'guidance_daily': In context=(), 'additionalProperties' is required to be supplied and to be false.", 'type': 'invalid_request_error', 'param': 'text.format.schema', 'code': 'invalid_json_schema'}}

..\.venv\Lib\site-packages\openai\_base_client.py:1669: BadRequestError

The above exception was the direct cause of the following exception:

use_case = 'guidance_daily'
context = {'astro_context': None, 'birth_date': '1990-06-15', 'birth_time': '10:30', 'birth_timezone': 'Europe/Paris', ...}
user_id = 1, request_id = '720b133bff9d4fe28e03f917bd81da96'
trace_id = '720b133bff9d4fe28e03f917bd81da96', locale = 'fr-FR'
db = <sqlalchemy.orm.session.Session object at 0x0000015B38657490>

    @staticmethod
    async def generate_guidance(
        use_case: str,
        context: dict[str, str | None],
        user_id: int,
        request_id: str,
        trace_id: str,
        locale: str = "fr-FR",
        db: Optional[Session] = None,
    ) -> Any:
        """
        Generate guidance via the AI Engine.
        """
        if _test_guidance_generator is not None:
            # For testing, we mock a result object
            text = await _test_guidance_generator(
                use_case, context, user_id, request_id, trace_id, locale
            )
            from app.llm_orchestration.models import GatewayMeta, GatewayResult, UsageInfo
    
            return GatewayResult(
                use_case=use_case,
                request_id=request_id,
                trace_id=trace_id,
                raw_output=text,
                usage=UsageInfo(),
                meta=GatewayMeta(latency_ms=0, model="test-model"),
            )
    
        try:
            from app.llm_orchestration.gateway import LLMGateway
    
            gateway = LLMGateway()
            request = _build_guidance_request(
                use_case=use_case,
                context=context,
                locale=locale,
                user_id=user_id,
                request_id=request_id,
                trace_id=trace_id
            )
>           result = await gateway.execute_request(request=request, db=db)
                     ^^^^^^^^^^^^^^^^^^^^^^^^^^^^^^^^^^^^^^^^^^^^^^^^^^^^^

app\services\ai_engine_adapter.py:692: 
_ _ _ _ _ _ _ _ _ _ _ _ _ _ _ _ _ _ _ _ _ _ _ _ _ _ _ _ _ _ _ _ _ _ _ _ _ _ _ _
app\llm_orchestration\gateway.py:963: in execute_request
    provider_result = await self._call_provider(messages, plan, request)
                      ^^^^^^^^^^^^^^^^^^^^^^^^^^^^^^^^^^^^^^^^^^^^^^^^^^
app\llm_orchestration\gateway.py:762: in _call_provider
    return await self.client.execute(
app\llm_orchestration\providers\responses_client.py:156: in execute
    raise err
app\llm_orchestration\providers\responses_client.py:151: in execute
    response = await self._execute_with_retry(
_ _ _ _ _ _ _ _ _ _ _ _ _ _ _ _ _ _ _ _ _ _ _ _ _ _ _ _ _ _ _ _ _ _ _ _ _ _ _ _

self = <app.llm_orchestration.providers.responses_client.ResponsesClient object at 0x0000015B38707620>
operation = 'responses_create'
func_factory = <function ResponsesClient.execute.<locals>.do_create at 0x0000015B3997C0E0>

    async def _execute_with_retry(
        self,
        operation: str,
        func_factory: Any,
        *,
        timeout_seconds: int,
    ) -> Any:
        """Reuse retry logic from OpenAIClient pattern."""
        max_retries = ai_engine_settings.max_retries
        base_delay_ms = ai_engine_settings.retry_base_delay_ms
        max_delay_ms = ai_engine_settings.retry_max_delay_ms
    
        last_error: Exception | None = None
        for attempt in range(max_retries + 1):
            try:
                return await asyncio.wait_for(func_factory(), timeout=timeout_seconds)
            except asyncio.TimeoutError as err:
                logger.warning(
                    "responses_timeout operation=%s attempt=%d timeout=%ds",
                    operation,
                    attempt + 1,
                    timeout_seconds,
                )
                last_error = err
            except Exception as err:
                # Handle OpenAI SDK-specific exceptions (non-retryable)
                if isinstance(err, RateLimitError):
                    raise UpstreamRateLimitError() from err
                if isinstance(err, APITimeoutError):
                    raise UpstreamTimeoutError(timeout_seconds) from err
                if isinstance(err, APIConnectionError):
                    raise UpstreamError(
                        f"Connection error: {str(err)}",
                        details={"kind": "connection_error"},
                    ) from err
    
                logger.warning(
                    "responses_error operation=%s attempt=%d error=%s",
                    operation,
                    attempt + 1,
                    str(err),
                )
                last_error = err
    
            if attempt < max_retries:
                delay_ms = min(base_delay_ms * (2**attempt), max_delay_ms)
                jitter_ms = random.randint(0, delay_ms // 4)
                await asyncio.sleep((delay_ms + jitter_ms) / 1000.0)
    
        if isinstance(last_error, asyncio.TimeoutError):
            raise UpstreamTimeoutError(timeout_seconds) from last_error
>       raise UpstreamError(
            f"responses {operation} failed after {max_retries + 1} attempts",
            details={"error": str(last_error)},
        ) from last_error
E       app.ai_engine.exceptions.UpstreamError: responses responses_create failed after 3 attempts

app\llm_orchestration\providers\responses_client.py:246: UpstreamError

The above exception was the direct cause of the following exception:

    def test_guidance_success_daily_and_weekly() -> None:
        _cleanup_tables()
        access_token = _register_and_get_access_token()
        _seed_birth_profile(access_token)
    
>       daily = client.post(
            "/v1/guidance",
            headers={"Authorization": f"Bearer {access_token}"},
            json={"period": "daily"},
        )

app\tests\integration\test_guidance_api.py:194: 
_ _ _ _ _ _ _ _ _ _ _ _ _ _ _ _ _ _ _ _ _ _ _ _ _ _ _ _ _ _ _ _ _ _ _ _ _ _ _ _
..\.venv\Lib\site-packages\starlette\testclient.py:546: in post
    return super().post(
..\.venv\Lib\site-packages\httpx\_client.py:1144: in post
    return self.request(
..\.venv\Lib\site-packages\starlette\testclient.py:445: in request
    return super().request(
..\.venv\Lib\site-packages\httpx\_client.py:825: in request
    return self.send(request, auth=auth, follow_redirects=follow_redirects)
           ^^^^^^^^^^^^^^^^^^^^^^^^^^^^^^^^^^^^^^^^^^^^^^^^^^^^^^^^^^^^^^^^
..\.venv\Lib\site-packages\httpx\_client.py:914: in send
    response = self._send_handling_auth(
..\.venv\Lib\site-packages\httpx\_client.py:942: in _send_handling_auth
    response = self._send_handling_redirects(
..\.venv\Lib\site-packages\httpx\_client.py:979: in _send_handling_redirects
    response = self._send_single_request(request)
               ^^^^^^^^^^^^^^^^^^^^^^^^^^^^^^^^^^
..\.venv\Lib\site-packages\httpx\_client.py:1014: in _send_single_request
    response = transport.handle_request(request)
               ^^^^^^^^^^^^^^^^^^^^^^^^^^^^^^^^^
..\.venv\Lib\site-packages\starlette\testclient.py:348: in handle_request
    raise exc
..\.venv\Lib\site-packages\starlette\testclient.py:345: in handle_request
    portal.call(self.app, scope, receive, send)
..\.venv\Lib\site-packages\anyio\from_thread.py:334: in call
    return cast(T_Retval, self.start_task_soon(func, *args).result())
                          ^^^^^^^^^^^^^^^^^^^^^^^^^^^^^^^^^^^^^^^^^^
C:\Users\cyril\AppData\Local\Programs\Python\Python313\Lib\concurrent\futures\_base.py:456: in result
    return self.__get_result()
           ^^^^^^^^^^^^^^^^^^^
C:\Users\cyril\AppData\Local\Programs\Python\Python313\Lib\concurrent\futures\_base.py:401: in __get_result
    raise self._exception
..\.venv\Lib\site-packages\anyio\from_thread.py:259: in _call_func
    retval = await retval_or_awaitable
             ^^^^^^^^^^^^^^^^^^^^^^^^^
..\.venv\Lib\site-packages\fastapi\applications.py:1134: in __call__
    await super().__call__(scope, receive, send)
..\.venv\Lib\site-packages\starlette\applications.py:107: in __call__
    await self.middleware_stack(scope, receive, send)
..\.venv\Lib\site-packages\starlette\middleware\errors.py:186: in __call__
    raise exc
..\.venv\Lib\site-packages\starlette\middleware\errors.py:164: in __call__
    await self.app(scope, receive, _send)
..\.venv\Lib\site-packages\starlette\middleware\cors.py:87: in __call__
    await self.app(scope, receive, send)
..\.venv\Lib\site-packages\starlette\middleware\base.py:191: in __call__
    with recv_stream, send_stream, collapse_excgroups():
                                   ^^^^^^^^^^^^^^^^^^^^
C:\Users\cyril\AppData\Local\Programs\Python\Python313\Lib\contextlib.py:162: in __exit__
    self.gen.throw(value)
..\.venv\Lib\site-packages\starlette\_utils.py:87: in collapse_excgroups
    raise exc
..\.venv\Lib\site-packages\starlette\middleware\base.py:193: in __call__
    response = await self.dispatch_func(request, call_next)
               ^^^^^^^^^^^^^^^^^^^^^^^^^^^^^^^^^^^^^^^^^^^^
app\main.py:429: in observability_http_middleware
    response = await call_next(request)
               ^^^^^^^^^^^^^^^^^^^^^^^^
..\.venv\Lib\site-packages\starlette\middleware\base.py:168: in call_next
    raise app_exc from app_exc.__cause__ or app_exc.__context__
..\.venv\Lib\site-packages\starlette\middleware\base.py:144: in coro
    await self.app(scope, receive_or_disconnect, send_no_error)
..\.venv\Lib\site-packages\starlette\middleware\exceptions.py:63: in __call__
    await wrap_app_handling_exceptions(self.app, conn)(scope, receive, send)
..\.venv\Lib\site-packages\starlette\_exception_handler.py:53: in wrapped_app
    raise exc
..\.venv\Lib\site-packages\starlette\_exception_handler.py:42: in wrapped_app
    await app(scope, receive, sender)
..\.venv\Lib\site-packages\fastapi\middleware\asyncexitstack.py:18: in __call__
    await self.app(scope, receive, send)
..\.venv\Lib\site-packages\starlette\routing.py:716: in __call__
    await self.middleware_stack(scope, receive, send)
..\.venv\Lib\site-packages\starlette\routing.py:736: in app
    await route.handle(scope, receive, send)
..\.venv\Lib\site-packages\starlette\routing.py:290: in handle
    await self.app(scope, receive, send)
..\.venv\Lib\site-packages\fastapi\routing.py:119: in app
    await wrap_app_handling_exceptions(app, request)(scope, receive, send)
..\.venv\Lib\site-packages\starlette\_exception_handler.py:53: in wrapped_app
    raise exc
..\.venv\Lib\site-packages\starlette\_exception_handler.py:42: in wrapped_app
    await app(scope, receive, sender)
..\.venv\Lib\site-packages\fastapi\routing.py:105: in app
    response = await f(request)
               ^^^^^^^^^^^^^^^^
..\.venv\Lib\site-packages\fastapi\routing.py:424: in app
    raw_response = await run_endpoint_function(
..\.venv\Lib\site-packages\fastapi\routing.py:314: in run_endpoint_function
    return await run_in_threadpool(dependant.call, **values)
           ^^^^^^^^^^^^^^^^^^^^^^^^^^^^^^^^^^^^^^^^^^^^^^^^^
..\.venv\Lib\site-packages\starlette\concurrency.py:32: in run_in_threadpool
    return await anyio.to_thread.run_sync(func)
           ^^^^^^^^^^^^^^^^^^^^^^^^^^^^^^^^^^^^
..\.venv\Lib\site-packages\anyio\to_thread.py:63: in run_sync
    return await get_async_backend().run_sync_in_worker_thread(
..\.venv\Lib\site-packages\anyio\_backends\_asyncio.py:2502: in run_sync_in_worker_thread
    return await future
           ^^^^^^^^^^^^
..\.venv\Lib\site-packages\anyio\_backends\_asyncio.py:986: in run
    result = context.run(func, *args)
             ^^^^^^^^^^^^^^^^^^^^^^^^
app\api\v1\routers\guidance.py:93: in request_guidance
    response = GuidanceService.request_guidance(
app\services\guidance_service.py:582: in request_guidance
    return asyncio.run(
C:\Users\cyril\AppData\Local\Programs\Python\Python313\Lib\asyncio\runners.py:195: in run
    return runner.run(main)
           ^^^^^^^^^^^^^^^^
C:\Users\cyril\AppData\Local\Programs\Python\Python313\Lib\asyncio\runners.py:118: in run
    return self._loop.run_until_complete(task)
           ^^^^^^^^^^^^^^^^^^^^^^^^^^^^^^^^^^^
C:\Users\cyril\AppData\Local\Programs\Python\Python313\Lib\asyncio\base_events.py:725: in run_until_complete
    return future.result()
           ^^^^^^^^^^^^^^^
app\services\guidance_service.py:710: in request_guidance_async
    result = await AIEngineAdapter.generate_guidance(
app\services\ai_engine_adapter.py:723: in generate_guidance
    logger.error(
C:\Users\cyril\AppData\Local\Programs\Python\Python313\Lib\logging\__init__.py:1549: in error
    self._log(ERROR, msg, args, **kwargs)
C:\Users\cyril\AppData\Local\Programs\Python\Python313\Lib\logging\__init__.py:1665: in _log
    self.handle(record)
C:\Users\cyril\AppData\Local\Programs\Python\Python313\Lib\logging\__init__.py:1681: in handle
    self.callHandlers(record)
C:\Users\cyril\AppData\Local\Programs\Python\Python313\Lib\logging\__init__.py:1737: in callHandlers
    hdlr.handle(record)
C:\Users\cyril\AppData\Local\Programs\Python\Python313\Lib\logging\__init__.py:1027: in handle
    self.emit(record)
..\.venv\Lib\site-packages\_pytest\logging.py:384: in emit
    super().emit(record)
C:\Users\cyril\AppData\Local\Programs\Python\Python313\Lib\logging\__init__.py:1159: in emit
    self.handleError(record)
C:\Users\cyril\AppData\Local\Programs\Python\Python313\Lib\logging\__init__.py:1151: in emit
    msg = self.format(record)
          ^^^^^^^^^^^^^^^^^^^
C:\Users\cyril\AppData\Local\Programs\Python\Python313\Lib\logging\__init__.py:999: in format
    return fmt.format(record)
           ^^^^^^^^^^^^^^^^^^
..\.venv\Lib\site-packages\_pytest\logging.py:137: in format
    return super().format(record)
           ^^^^^^^^^^^^^^^^^^^^^^
C:\Users\cyril\AppData\Local\Programs\Python\Python313\Lib\logging\__init__.py:712: in format
    record.message = record.getMessage()
                     ^^^^^^^^^^^^^^^^^^^
_ _ _ _ _ _ _ _ _ _ _ _ _ _ _ _ _ _ _ _ _ _ _ _ _ _ _ _ _ _ _ _ _ _ _ _ _ _ _ _

self = <LogRecord: app.services.ai_engine_adapter, 40, C:\dev\horoscope_front\backend\app\services\ai_engine_adapter.py, 723, "ai_engine_adapter_v2_unexpected_error request_id=%s error=%s">

    def getMessage(self):
        """
        Return the message for this LogRecord.
    
        Return the message for this LogRecord after merging any user-supplied
        arguments with the message.
        """
        msg = str(self.msg)
        if self.args:
>           msg = msg % self.args
                  ^^^^^^^^^^^^^^^
E           TypeError: not all arguments converted during string formatting

C:\Users\cyril\AppData\Local\Programs\Python\Python313\Lib\logging\__init__.py:400: TypeError
------------------------------ Captured log call ------------------------------
WARNING  app.services.astro_context_builder:astro_context_builder.py:211 astro_context_build_failed user_id=1 error=[location_missing] Localisation introuvable
WARNING  app.prompts.common_context:common_context.py:205 common_context_degraded user_id=1 use_case=guidance_daily quality=minimal missing=['natal_interpretation', 'natal_data']
WARNING  app.llm_orchestration.gateway:gateway.py:375 gateway_fallback_to_stub use_case=guidance_daily
WARNING  app.llm_orchestration.providers.responses_client:responses_client.py:231 responses_error operation=responses_create attempt=1 error=Error code: 400 - {'error': {'message': "Invalid schema for response_format 'guidance_daily': In context=(), 'additionalProperties' is required to be supplied and to be false.", 'type': 'invalid_request_error', 'param': 'text.format.schema', 'code': 'invalid_json_schema'}}
WARNING  app.llm_orchestration.providers.responses_client:responses_client.py:231 responses_error operation=responses_create attempt=2 error=Error code: 400 - {'error': {'message': "Invalid schema for response_format 'guidance_daily': In context=(), 'additionalProperties' is required to be supplied and to be false.", 'type': 'invalid_request_error', 'param': 'text.format.schema', 'code': 'invalid_json_schema'}}
WARNING  app.llm_orchestration.providers.responses_client:responses_client.py:231 responses_error operation=responses_create attempt=3 error=Error code: 400 - {'error': {'message': "Invalid schema for response_format 'guidance_daily': In context=(), 'additionalProperties' is required to be supplied and to be false.", 'type': 'invalid_request_error', 'param': 'text.format.schema', 'code': 'invalid_json_schema'}}
ERROR    app.llm_orchestration.gateway:gateway.py:965 gateway_step_failed:call_provider use_case=guidance_daily error=responses responses_create failed after 3 attempts
ERROR    app.main:main.py:434 http_request_failed request_id=720b133bff9d4fe28e03f917bd81da96 method=POST route=/v1/guidance status_code=500 duration_ms=3814.31
Traceback (most recent call last):
  File "C:\dev\horoscope_front\backend\app\llm_orchestration\providers\responses_client.py", line 210, in _execute_with_retry
    return await asyncio.wait_for(func_factory(), timeout=timeout_seconds)
           ^^^^^^^^^^^^^^^^^^^^^^^^^^^^^^^^^^^^^^^^^^^^^^^^^^^^^^^^^^^^^^^
  File "C:\Users\cyril\AppData\Local\Programs\Python\Python313\Lib\asyncio\tasks.py", line 507, in wait_for
    return await fut
           ^^^^^^^^^
  File "C:\dev\horoscope_front\backend\app\llm_orchestration\providers\responses_client.py", line 148, in do_create
    return await client.responses.create(**params)
           ^^^^^^^^^^^^^^^^^^^^^^^^^^^^^^^^^^^^^^^
  File "C:\dev\horoscope_front\.venv\Lib\site-packages\openai\resources\responses\responses.py", line 2507, in create
    return await self._post(
           ^^^^^^^^^^^^^^^^^
    ...<43 lines>...
    )
    ^
  File "C:\dev\horoscope_front\.venv\Lib\site-packages\openai\_base_client.py", line 1884, in post
    return await self.request(cast_to, opts, stream=stream, stream_cls=stream_cls)
           ^^^^^^^^^^^^^^^^^^^^^^^^^^^^^^^^^^^^^^^^^^^^^^^^^^^^^^^^^^^^^^^^^^^^^^^
  File "C:\dev\horoscope_front\.venv\Lib\site-packages\openai\_base_client.py", line 1669, in request
    raise self._make_status_error_from_response(err.response) from None
openai.BadRequestError: Error code: 400 - {'error': {'message': "Invalid schema for response_format 'guidance_daily': In context=(), 'additionalProperties' is required to be supplied and to be false.", 'type': 'invalid_request_error', 'param': 'text.format.schema', 'code': 'invalid_json_schema'}}

The above exception was the direct cause of the following exception:

Traceback (most recent call last):
  File "C:\dev\horoscope_front\backend\app\services\ai_engine_adapter.py", line 692, in generate_guidance
    result = await gateway.execute_request(request=request, db=db)
             ^^^^^^^^^^^^^^^^^^^^^^^^^^^^^^^^^^^^^^^^^^^^^^^^^^^^^
  File "C:\dev\horoscope_front\backend\app\llm_orchestration\gateway.py", line 963, in execute_request
    provider_result = await self._call_provider(messages, plan, request)
                      ^^^^^^^^^^^^^^^^^^^^^^^^^^^^^^^^^^^^^^^^^^^^^^^^^^
  File "C:\dev\horoscope_front\backend\app\llm_orchestration\gateway.py", line 762, in _call_provider
    return await self.client.execute(
           ^^^^^^^^^^^^^^^^^^^^^^^^^^
    ...<19 lines>...
    )
    ^
  File "C:\dev\horoscope_front\backend\app\llm_orchestration\providers\responses_client.py", line 156, in execute
    raise err
  File "C:\dev\horoscope_front\backend\app\llm_orchestration\providers\responses_client.py", line 151, in execute
    response = await self._execute_with_retry(
               ^^^^^^^^^^^^^^^^^^^^^^^^^^^^^^^
        "responses_create", do_create, timeout_seconds=timeout_seconds
        ^^^^^^^^^^^^^^^^^^^^^^^^^^^^^^^^^^^^^^^^^^^^^^^^^^^^^^^^^^^^^^
    )
    ^
  File "C:\dev\horoscope_front\backend\app\llm_orchestration\providers\responses_client.py", line 246, in _execute_with_retry
    raise UpstreamError(
    ...<2 lines>...
    ) from last_error
app.ai_engine.exceptions.UpstreamError: responses responses_create failed after 3 attempts

The above exception was the direct cause of the following exception:

Traceback (most recent call last):
  File "C:\dev\horoscope_front\backend\app\main.py", line 429, in observability_http_middleware
    response = await call_next(request)
               ^^^^^^^^^^^^^^^^^^^^^^^^
  File "C:\dev\horoscope_front\.venv\Lib\site-packages\starlette\middleware\base.py", line 168, in call_next
    raise app_exc from app_exc.__cause__ or app_exc.__context__
  File "C:\dev\horoscope_front\.venv\Lib\site-packages\starlette\middleware\base.py", line 144, in coro
    await self.app(scope, receive_or_disconnect, send_no_error)
  File "C:\dev\horoscope_front\.venv\Lib\site-packages\starlette\middleware\exceptions.py", line 63, in __call__
    await wrap_app_handling_exceptions(self.app, conn)(scope, receive, send)
  File "C:\dev\horoscope_front\.venv\Lib\site-packages\starlette\_exception_handler.py", line 53, in wrapped_app
    raise exc
  File "C:\dev\horoscope_front\.venv\Lib\site-packages\starlette\_exception_handler.py", line 42, in wrapped_app
    await app(scope, receive, sender)
  File "C:\dev\horoscope_front\.venv\Lib\site-packages\fastapi\middleware\asyncexitstack.py", line 18, in __call__
    await self.app(scope, receive, send)
  File "C:\dev\horoscope_front\.venv\Lib\site-packages\starlette\routing.py", line 716, in __call__
    await self.middleware_stack(scope, receive, send)
  File "C:\dev\horoscope_front\.venv\Lib\site-packages\starlette\routing.py", line 736, in app
    await route.handle(scope, receive, send)
  File "C:\dev\horoscope_front\.venv\Lib\site-packages\starlette\routing.py", line 290, in handle
    await self.app(scope, receive, send)
  File "C:\dev\horoscope_front\.venv\Lib\site-packages\fastapi\routing.py", line 119, in app
    await wrap_app_handling_exceptions(app, request)(scope, receive, send)
  File "C:\dev\horoscope_front\.venv\Lib\site-packages\starlette\_exception_handler.py", line 53, in wrapped_app
    raise exc
  File "C:\dev\horoscope_front\.venv\Lib\site-packages\starlette\_exception_handler.py", line 42, in wrapped_app
    await app(scope, receive, sender)
  File "C:\dev\horoscope_front\.venv\Lib\site-packages\fastapi\routing.py", line 105, in app
    response = await f(request)
               ^^^^^^^^^^^^^^^^
  File "C:\dev\horoscope_front\.venv\Lib\site-packages\fastapi\routing.py", line 424, in app
    raw_response = await run_endpoint_function(
                   ^^^^^^^^^^^^^^^^^^^^^^^^^^^^
    ...<3 lines>...
    )
    ^
  File "C:\dev\horoscope_front\.venv\Lib\site-packages\fastapi\routing.py", line 314, in run_endpoint_function
    return await run_in_threadpool(dependant.call, **values)
           ^^^^^^^^^^^^^^^^^^^^^^^^^^^^^^^^^^^^^^^^^^^^^^^^^
  File "C:\dev\horoscope_front\.venv\Lib\site-packages\starlette\concurrency.py", line 32, in run_in_threadpool
    return await anyio.to_thread.run_sync(func)
           ^^^^^^^^^^^^^^^^^^^^^^^^^^^^^^^^^^^^
  File "C:\dev\horoscope_front\.venv\Lib\site-packages\anyio\to_thread.py", line 63, in run_sync
    return await get_async_backend().run_sync_in_worker_thread(
           ^^^^^^^^^^^^^^^^^^^^^^^^^^^^^^^^^^^^^^^^^^^^^^^^^^^^
        func, args, abandon_on_cancel=abandon_on_cancel, limiter=limiter
        ^^^^^^^^^^^^^^^^^^^^^^^^^^^^^^^^^^^^^^^^^^^^^^^^^^^^^^^^^^^^^^^^
    )
    ^
  File "C:\dev\horoscope_front\.venv\Lib\site-packages\anyio\_backends\_asyncio.py", line 2502, in run_sync_in_worker_thread
    return await future
           ^^^^^^^^^^^^
  File "C:\dev\horoscope_front\.venv\Lib\site-packages\anyio\_backends\_asyncio.py", line 986, in run
    result = context.run(func, *args)
  File "C:\dev\horoscope_front\backend\app\api\v1\routers\guidance.py", line 93, in request_guidance
    response = GuidanceService.request_guidance(
        db=db,
    ...<3 lines>...
        request_id=request_id,
    )
  File "C:\dev\horoscope_front\backend\app\services\guidance_service.py", line 582, in request_guidance
    return asyncio.run(
           ~~~~~~~~~~~^
        GuidanceService.request_guidance_async(
        ^^^^^^^^^^^^^^^^^^^^^^^^^^^^^^^^^^^^^^^
    ...<5 lines>...
        )
        ^
    )
    ^
  File "C:\Users\cyril\AppData\Local\Programs\Python\Python313\Lib\asyncio\runners.py", line 195, in run
    return runner.run(main)
           ~~~~~~~~~~^^^^^^
  File "C:\Users\cyril\AppData\Local\Programs\Python\Python313\Lib\asyncio\runners.py", line 118, in run
    return self._loop.run_until_complete(task)
           ~~~~~~~~~~~~~~~~~~~~~~~~~~~~~^^^^^^
  File "C:\Users\cyril\AppData\Local\Programs\Python\Python313\Lib\asyncio\base_events.py", line 725, in run_until_complete
    return future.result()
           ~~~~~~~~~~~~~^^
  File "C:\dev\horoscope_front\backend\app\services\guidance_service.py", line 710, in request_guidance_async
    result = await AIEngineAdapter.generate_guidance(
             ^^^^^^^^^^^^^^^^^^^^^^^^^^^^^^^^^^^^^^^^
    ...<6 lines>...
    )
    ^
  File "C:\dev\horoscope_front\backend\app\services\ai_engine_adapter.py", line 723, in generate_guidance
    logger.error(
    ~~~~~~~~~~~~^
        "ai_engine_adapter_v2_unexpected_error request_id=%s error=%s",
        ^^^^^^^^^^^^^^^^^^^^^^^^^^^^^^^^^^^^^^^^^^^^^^^^^^^^^^^^^^^^^^^
    ...<2 lines>...
        str(err),
        ^^^^^^^^^
    )
    ^
  File "C:\Users\cyril\AppData\Local\Programs\Python\Python313\Lib\logging\__init__.py", line 1549, in error
    self._log(ERROR, msg, args, **kwargs)
    ~~~~~~~~~^^^^^^^^^^^^^^^^^^^^^^^^^^^^
  File "C:\Users\cyril\AppData\Local\Programs\Python\Python313\Lib\logging\__init__.py", line 1665, in _log
    self.handle(record)
    ~~~~~~~~~~~^^^^^^^^
  File "C:\Users\cyril\AppData\Local\Programs\Python\Python313\Lib\logging\__init__.py", line 1681, in handle
    self.callHandlers(record)
    ~~~~~~~~~~~~~~~~~^^^^^^^^
  File "C:\Users\cyril\AppData\Local\Programs\Python\Python313\Lib\logging\__init__.py", line 1737, in callHandlers
    hdlr.handle(record)
    ~~~~~~~~~~~^^^^^^^^
  File "C:\Users\cyril\AppData\Local\Programs\Python\Python313\Lib\logging\__init__.py", line 1027, in handle
    self.emit(record)
    ~~~~~~~~~^^^^^^^^
  File "C:\dev\horoscope_front\.venv\Lib\site-packages\_pytest\logging.py", line 384, in emit
    super().emit(record)
    ~~~~~~~~~~~~^^^^^^^^
  File "C:\Users\cyril\AppData\Local\Programs\Python\Python313\Lib\logging\__init__.py", line 1159, in emit
    self.handleError(record)
    ~~~~~~~~~~~~~~~~^^^^^^^^
  File "C:\Users\cyril\AppData\Local\Programs\Python\Python313\Lib\logging\__init__.py", line 1151, in emit
    msg = self.format(record)
  File "C:\Users\cyril\AppData\Local\Programs\Python\Python313\Lib\logging\__init__.py", line 999, in format
    return fmt.format(record)
           ~~~~~~~~~~^^^^^^^^
  File "C:\dev\horoscope_front\.venv\Lib\site-packages\_pytest\logging.py", line 137, in format
    return super().format(record)
           ~~~~~~~~~~~~~~^^^^^^^^
  File "C:\Users\cyril\AppData\Local\Programs\Python\Python313\Lib\logging\__init__.py", line 712, in format
    record.message = record.getMessage()
                     ~~~~~~~~~~~~~~~~~^^
  File "C:\Users\cyril\AppData\Local\Programs\Python\Python313\Lib\logging\__init__.py", line 400, in getMessage
    msg = msg % self.args
          ~~~~^~~~~~~~~~~
TypeError: not all arguments converted during string formatting
________ test_interpret_natal_chart_free_user_gets_free_short_variant _________

db_session = <sqlalchemy.orm.session.Session object at 0x0000015B38706900>
setup_natal_catalog = None

    def test_interpret_natal_chart_free_user_gets_free_short_variant(
        db_session: Session,
        setup_natal_catalog,
    ):
        user = UserModel(email="free@example.com", password_hash="...", role="user")
        db_session.add(user)
        db_session.flush()
    
        db_session.add(
            UserBirthProfileModel(
                user_id=user.id,
                birth_date=date(1990, 1, 1),
                birth_time="12:00:00",
                birth_lat=48.8566,
                birth_lon=2.3522,
                birth_place="Paris",
                birth_timezone="Europe/Paris",
            )
        )
    
        free_plan_id = db_session.query(BillingPlanModel).filter_by(code="free").one().id
        db_session.add(UserSubscriptionModel(user_id=user.id, plan_id=free_plan_id, status="active"))
        db_session.commit()
    
        auth_user = AuthenticatedUser(
            id=user.id,
            email=user.email,
            role=user.role,
            created_at=datetime.now(UTC),
        )
        app.dependency_overrides[require_authenticated_user] = lambda: auth_user
        app.dependency_overrides[get_db_session] = lambda: db_session
    
        client = TestClient(app)
    
        mock_natal_result = MagicMock(spec=NatalResult)
        mock_natal_result.reference_version = "2.0.0"
        mock_natal_result.ruleset_version = "2.0.0"
        mock_natal_result.zodiac = "tropical"
        mock_natal_result.house_system = "placidus"
        mock_natal_result.engine = "simplified"
        mock_natal_result.frame = "geocentric"
        mock_natal_result.ayanamsa = None
        mock_natal_result.aspect_school = "modern"
        mock_natal_result.altitude_m = 0.0
        mock_natal_result.prepared_input = MagicMock()
        mock_natal_result.sun = MagicMock()
        mock_natal_result.moon = MagicMock()
        mock_natal_result.mercury = MagicMock()
        mock_natal_result.venus = MagicMock()
        mock_natal_result.mars = MagicMock()
        mock_natal_result.jupiter = MagicMock()
        mock_natal_result.saturn = MagicMock()
        mock_natal_result.uranus = MagicMock()
        mock_natal_result.neptune = MagicMock()
        mock_natal_result.pluto = MagicMock()
        mock_natal_result.chiron = MagicMock()
        mock_natal_result.lilith = MagicMock()
        mock_natal_result.node = MagicMock()
        mock_natal_result.planet_positions = []
        mock_natal_result.houses = []
        mock_natal_result.aspects = []
        mock_natal_result.ephemeris_path_version = None
        mock_natal_result.ephemeris_path_hash = None
        mock_natal_result.model_dump.return_value = {}
    
        mock_chart_data = UserNatalChartReadData(
            chart_id="chart-123",
            result=mock_natal_result,
            metadata=MagicMock(spec=UserNatalChartMetadata),
            created_at=datetime.now(UTC),
        )
        mock_profile_data = UserBirthProfileData(
            user_id=user.id,
            birth_date="1990-01-01",
            birth_time="12:00:00",
            birth_lat=48.8566,
            birth_lon=2.3522,
            birth_place="Paris",
            birth_timezone="Europe/Paris",
        )
    
        with (
            patch(
                "app.api.v1.routers.natal_interpretation.UserNatalChartService.get_latest_for_user"
            ) as mock_get_chart,
            patch(
                "app.api.v1.routers.natal_interpretation.UserBirthProfileService.get_for_user"
            ) as mock_get_profile,
            patch("app.services.natal_interpretation_service_v2.build_chart_json") as mock_build_json,
        ):
            mock_get_chart.return_value = mock_chart_data
            mock_get_profile.return_value = mock_profile_data
            mock_build_json.return_value = {"dummy": "chart"}
    
            mock_meta = GatewayMeta(
                latency_ms=100,
                cached=False,
                prompt_version_id="00000000-0000-0000-0000-000000000000",
                persona_id=None,
                model="gpt-4o-mini",
                model_override_active=False,
                output_schema_id=None,
                schema_version="v1",
                validation_status="valid",
                repair_attempted=False,
                fallback_triggered=False,
            )
            mock_usage = UsageInfo(input_tokens=10, output_tokens=10, total_tokens=20)
            mock_output = {
                "title": "Votre thÞme rÚvÞle une intensitÚ intuitive qui cherche l'Úquilibre.",
                "summary": "Resume free short",
                "accordion_titles": ["Section 1", "Section 2"],
            }
            mock_res = GatewayResult(
                use_case="natal_long_free",
                structured_output=mock_output,
                meta=mock_meta,
                request_id="req-123",
                trace_id="trace-123",
                raw_output="{}",
                usage=mock_usage,
            )
    
>           with patch(
                "app.services.natal_interpretation_service_v2.LLMGateway.execute"
            ) as mock_execute:

app\tests\integration\test_natal_free_short_variant.py:213: 
_ _ _ _ _ _ _ _ _ _ _ _ _ _ _ _ _ _ _ _ _ _ _ _ _ _ _ _ _ _ _ _ _ _ _ _ _ _ _ _
C:\Users\cyril\AppData\Local\Programs\Python\Python313\Lib\unittest\mock.py:1481: in __enter__
    self.target = self.getter()
                  ^^^^^^^^^^^^^
_ _ _ _ _ _ _ _ _ _ _ _ _ _ _ _ _ _ _ _ _ _ _ _ _ _ _ _ _ _ _ _ _ _ _ _ _ _ _ _

name = 'app.services.natal_interpretation_service_v2.LLMGateway'

    def resolve_name(name):
        """
        Resolve a name to an object.
    
        It is expected that `name` will be a string in one of the following
        formats, where W is shorthand for a valid Python identifier and dot stands
        for a literal period in these pseudo-regexes:
    
        W(.W)*
        W(.W)*:(W(.W)*)?
    
        The first form is intended for backward compatibility only. It assumes that
        some part of the dotted name is a package, and the rest is an object
        somewhere within that package, possibly nested inside other objects.
        Because the place where the package stops and the object hierarchy starts
        can't be inferred by inspection, repeated attempts to import must be done
        with this form.
    
        In the second form, the caller makes the division point clear through the
        provision of a single colon: the dotted name to the left of the colon is a
        package to be imported, and the dotted name to the right is the object
        hierarchy within that package. Only one import is needed in this form. If
        it ends with the colon, then a module object is returned.
    
        The function will return an object (which might be a module), or raise one
        of the following exceptions:
    
        ValueError - if `name` isn't in a recognised format
        ImportError - if an import failed when it shouldn't have
        AttributeError - if a failure occurred when traversing the object hierarchy
                         within the imported package to get to the desired object.
        """
        global _NAME_PATTERN
        if _NAME_PATTERN is None:
            # Lazy import to speedup Python startup time
            import re
            dotted_words = r'(?!\d)(\w+)(\.(?!\d)(\w+))*'
            _NAME_PATTERN = re.compile(f'^(?P<pkg>{dotted_words})'
                                       f'(?P<cln>:(?P<obj>{dotted_words})?)?$',
                                       re.UNICODE)
    
        m = _NAME_PATTERN.match(name)
        if not m:
            raise ValueError(f'invalid format: {name!r}')
        gd = m.groupdict()
        if gd.get('cln'):
            # there is a colon - a one-step import is all that's needed
            mod = importlib.import_module(gd['pkg'])
            parts = gd.get('obj')
            parts = parts.split('.') if parts else []
        else:
            # no colon - have to iterate to find the package boundary
            parts = name.split('.')
            modname = parts.pop(0)
            # first part *must* be a module/package.
            mod = importlib.import_module(modname)
            while parts:
                p = parts[0]
                s = f'{modname}.{p}'
                try:
                    mod = importlib.import_module(s)
                    parts.pop(0)
                    modname = s
                except ImportError:
                    break
        # if we reach this point, mod is the module, already imported, and
        # parts is the list of parts in the object hierarchy to be traversed, or
        # an empty list if just the module is wanted.
        result = mod
        for p in parts:
>           result = getattr(result, p)
                     ^^^^^^^^^^^^^^^^^^
E           AttributeError: module 'app.services.natal_interpretation_service_v2' has no attribute 'LLMGateway'

C:\Users\cyril\AppData\Local\Programs\Python\Python313\Lib\pkgutil.py:528: AttributeError
____________ TestNatalInterpretationEndpointV2.test_short_success _____________

self = <app.tests.integration.test_natal_interpretation_endpoint.TestNatalInterpretationEndpointV2 object at 0x0000015B37F9D810>
test_client = <starlette.testclient.TestClient object at 0x0000015B3A372580>
mock_db = <MagicMock id='1491326676880'>

    def test_short_success(self, test_client, mock_db) -> None:
        use_case = "natal_interpretation_short"
        # 1st call: cache check -> None (default from fixture)
    
        with (
            patch(
                "app.api.v1.routers.natal_interpretation.UserNatalChartService.get_latest_for_user",
                return_value=_make_chart_read_data(),
            ),
            patch(
                "app.api.v1.routers.natal_interpretation.UserBirthProfileService.get_for_user",
                return_value=_make_birth_profile(),
            ),
            patch(
                "app.llm_orchestration.gateway.LLMGateway.execute",
                new_callable=AsyncMock,
                return_value=_make_gateway_result(use_case),
            ),
        ):
            response = test_client.post(
                "/v1/natal/interpretation", json={"use_case_level": "short", "locale": "fr-FR"}
            )
    
>       assert response.status_code == 200
E       assert 500 == 200
E        +  where 500 = <Response [500 Internal Server Error]>.status_code

app\tests\integration\test_natal_interpretation_endpoint.py:234: AssertionError
------------------------------ Captured log call ------------------------------
WARNING  app.prompts.common_context:common_context.py:205 common_context_degraded user_id=1 use_case=natal_interpretation_short quality=minimal missing=['astrologer_profile', 'natal_interpretation']
WARNING  app.llm_orchestration.gateway:gateway.py:375 gateway_fallback_to_stub use_case=natal_interpretation_short
WARNING  app.llm_orchestration.providers.responses_client:responses_client.py:231 responses_error operation=responses_create attempt=1 error=Error code: 400 - {'error': {'message': "Invalid schema for response_format 'natal_interpretation_short': In context=(), 'additionalProperties' is required to be supplied and to be false.", 'type': 'invalid_request_error', 'param': 'text.format.schema', 'code': 'invalid_json_schema'}}
WARNING  app.llm_orchestration.providers.responses_client:responses_client.py:231 responses_error operation=responses_create attempt=2 error=Error code: 400 - {'error': {'message': "Invalid schema for response_format 'natal_interpretation_short': In context=(), 'additionalProperties' is required to be supplied and to be false.", 'type': 'invalid_request_error', 'param': 'text.format.schema', 'code': 'invalid_json_schema'}}
WARNING  app.llm_orchestration.providers.responses_client:responses_client.py:231 responses_error operation=responses_create attempt=3 error=Error code: 400 - {'error': {'message': "Invalid schema for response_format 'natal_interpretation_short': In context=(), 'additionalProperties' is required to be supplied and to be false.", 'type': 'invalid_request_error', 'param': 'text.format.schema', 'code': 'invalid_json_schema'}}
ERROR    app.llm_orchestration.gateway:gateway.py:965 gateway_step_failed:call_provider use_case=natal_interpretation_short error=responses responses_create failed after 3 attempts
ERROR    app.services.ai_engine_adapter:ai_engine_adapter.py:802 ai_engine_adapter_natal_unexpected_error use_case=natal_interpretation_short request_id=285f1a4812ef4642857c770efeb875e7 error=responses responses_create failed after 3 attempts
ERROR    app.api.v1.routers.natal_interpretation:natal_interpretation.py:240 Unexpected error during natal interpretation request_id=285f1a4812ef4642857c770efeb875e7 step=service_interpret error=llm provider unavailable (natal)
Traceback (most recent call last):
  File "C:\dev\horoscope_front\backend\app\llm_orchestration\providers\responses_client.py", line 210, in _execute_with_retry
    return await asyncio.wait_for(func_factory(), timeout=timeout_seconds)
           ^^^^^^^^^^^^^^^^^^^^^^^^^^^^^^^^^^^^^^^^^^^^^^^^^^^^^^^^^^^^^^^
  File "C:\Users\cyril\AppData\Local\Programs\Python\Python313\Lib\asyncio\tasks.py", line 507, in wait_for
    return await fut
           ^^^^^^^^^
  File "C:\dev\horoscope_front\backend\app\llm_orchestration\providers\responses_client.py", line 148, in do_create
    return await client.responses.create(**params)
           ^^^^^^^^^^^^^^^^^^^^^^^^^^^^^^^^^^^^^^^
  File "C:\dev\horoscope_front\.venv\Lib\site-packages\openai\resources\responses\responses.py", line 2507, in create
    return await self._post(
           ^^^^^^^^^^^^^^^^^
    ...<43 lines>...
    )
    ^
  File "C:\dev\horoscope_front\.venv\Lib\site-packages\openai\_base_client.py", line 1884, in post
    return await self.request(cast_to, opts, stream=stream, stream_cls=stream_cls)
           ^^^^^^^^^^^^^^^^^^^^^^^^^^^^^^^^^^^^^^^^^^^^^^^^^^^^^^^^^^^^^^^^^^^^^^^
  File "C:\dev\horoscope_front\.venv\Lib\site-packages\openai\_base_client.py", line 1669, in request
    raise self._make_status_error_from_response(err.response) from None
openai.BadRequestError: Error code: 400 - {'error': {'message': "Invalid schema for response_format 'natal_interpretation_short': In context=(), 'additionalProperties' is required to be supplied and to be false.", 'type': 'invalid_request_error', 'param': 'text.format.schema', 'code': 'invalid_json_schema'}}

The above exception was the direct cause of the following exception:

Traceback (most recent call last):
  File "C:\dev\horoscope_front\backend\app\services\ai_engine_adapter.py", line 781, in generate_natal_interpretation
    result = await gateway.execute_request(request=request, db=db)
             ^^^^^^^^^^^^^^^^^^^^^^^^^^^^^^^^^^^^^^^^^^^^^^^^^^^^^
  File "C:\dev\horoscope_front\backend\app\llm_orchestration\gateway.py", line 963, in execute_request
    provider_result = await self._call_provider(messages, plan, request)
                      ^^^^^^^^^^^^^^^^^^^^^^^^^^^^^^^^^^^^^^^^^^^^^^^^^^
  File "C:\dev\horoscope_front\backend\app\llm_orchestration\gateway.py", line 762, in _call_provider
    return await self.client.execute(
           ^^^^^^^^^^^^^^^^^^^^^^^^^^
    ...<19 lines>...
    )
    ^
  File "C:\dev\horoscope_front\backend\app\llm_orchestration\providers\responses_client.py", line 156, in execute
    raise err
  File "C:\dev\horoscope_front\backend\app\llm_orchestration\providers\responses_client.py", line 151, in execute
    response = await self._execute_with_retry(
               ^^^^^^^^^^^^^^^^^^^^^^^^^^^^^^^
        "responses_create", do_create, timeout_seconds=timeout_seconds
        ^^^^^^^^^^^^^^^^^^^^^^^^^^^^^^^^^^^^^^^^^^^^^^^^^^^^^^^^^^^^^^
    )
    ^
  File "C:\dev\horoscope_front\backend\app\llm_orchestration\providers\responses_client.py", line 246, in _execute_with_retry
    raise UpstreamError(
    ...<2 lines>...
    ) from last_error
app.ai_engine.exceptions.UpstreamError: responses responses_create failed after 3 attempts

The above exception was the direct cause of the following exception:

Traceback (most recent call last):
  File "C:\dev\horoscope_front\backend\app\api\v1\routers\natal_interpretation.py", line 173, in interpret_natal_chart
    response = await NatalInterpretationServiceV2.interpret(
               ^^^^^^^^^^^^^^^^^^^^^^^^^^^^^^^^^^^^^^^^^^^^^
    ...<14 lines>...
    )
    ^
  File "C:\dev\horoscope_front\backend\app\services\natal_interpretation_service_v2.py", line 417, in interpret
    gateway_result = await AIEngineAdapter.generate_natal_interpretation(
                     ^^^^^^^^^^^^^^^^^^^^^^^^^^^^^^^^^^^^^^^^^^^^^^^^^^^^
        natal_input=natal_input, db=db
        ^^^^^^^^^^^^^^^^^^^^^^^^^^^^^^
    )
    ^
  File "C:\dev\horoscope_front\backend\app\services\ai_engine_adapter.py", line 808, in generate_natal_interpretation
    raise ConnectionError("llm provider unavailable (natal)") from err
ConnectionError: llm provider unavailable (natal)
ERROR    app.main:main.py:449 http_request_server_error request_id=285f1a4812ef4642857c770efeb875e7 method=POST route=/v1/natal/interpretation status_code=500 duration_ms=5669.30
___________ TestNatalInterpretationEndpointV2.test_complete_success ___________

self = <app.tests.integration.test_natal_interpretation_endpoint.TestNatalInterpretationEndpointV2 object at 0x0000015B37F9D950>
test_client = <starlette.testclient.TestClient object at 0x0000015B3A007C50>
mock_db = <MagicMock id='1491335170432'>

    def test_complete_success(self, test_client, mock_db) -> None:
        use_case = "natal_interpretation"
        persona_id = str(uuid.uuid4())
        persona_mock = MagicMock()
        persona_mock.name = "Test Persona"
    
        mock_db.execute.return_value.scalar_one_or_none.return_value = persona_mock
    
        with (
            patch(
                "app.api.v1.routers.natal_interpretation.UserNatalChartService.get_latest_for_user",
                return_value=_make_chart_read_data(),
            ),
            patch(
                "app.api.v1.routers.natal_interpretation.UserBirthProfileService.get_for_user",
                return_value=_make_birth_profile(),
            ),
            patch(
                "app.llm_orchestration.gateway.LLMGateway.execute",
                new_callable=AsyncMock,
                return_value=_make_gateway_result(use_case, persona_id=persona_id),
            ),
        ):
            response = test_client.post(
                "/v1/natal/interpretation",
                json={
                    "use_case_level": "complete",
                    "persona_id": persona_id,
                    "question": "Quelle est ma mission de vie ?",
                },
            )
    
>       assert response.status_code == 200
E       assert 500 == 200
E        +  where 500 = <Response [500 Internal Server Error]>.status_code

app\tests\integration\test_natal_interpretation_endpoint.py:272: AssertionError
------------------------------ Captured log call ------------------------------
WARNING  app.prompts.common_context:common_context.py:205 common_context_degraded user_id=1 use_case=natal_interpretation quality=partial missing=['astrologer_profile']
ERROR    app.llm_orchestration.gateway:gateway.py:371 gateway_db_prompt_resolve_failed use_case=natal_interpretation error=11 validation errors for UseCaseConfig
model
  Input should be a valid string [type=string_type, input_value=<MagicMock name='mock.exe...del' id='1491332683760'>, input_type=MagicMock]
    For further information visit https://errors.pydantic.dev/2.12/v/string_type
developer_prompt
  Input should be a valid string [type=string_type, input_value=<MagicMock name='mock.exe...mpt' id='1491332684768'>, input_type=MagicMock]
    For further information visit https://errors.pydantic.dev/2.12/v/string_type
persona_strategy
  Input should be a valid string [type=string_type, input_value=<MagicMock name='mock.exe...egy' id='1491332688464'>, input_type=MagicMock]
    For further information visit https://errors.pydantic.dev/2.12/v/string_type
interaction_mode
  Input should be a valid string [type=string_type, input_value=<MagicMock name='mock.exe...ode' id='1491332690480'>, input_type=MagicMock]
    For further information visit https://errors.pydantic.dev/2.12/v/string_type
user_question_policy
  Input should be a valid string [type=string_type, input_value=<MagicMock name='mock.exe...icy' id='1491332690816'>, input_type=MagicMock]
    For further information visit https://errors.pydantic.dev/2.12/v/string_type
safety_profile
  Input should be a valid string [type=string_type, input_value=<MagicMock name='mock.exe...ile' id='1491332688800'>, input_type=MagicMock]
    For further information visit https://errors.pydantic.dev/2.12/v/string_type
input_schema
  Input should be a valid dictionary [type=dict_type, input_value=<MagicMock name='mock.exe...ema' id='1491332689472'>, input_type=MagicMock]
    For further information visit https://errors.pydantic.dev/2.12/v/dict_type
output_schema_id
  Input should be a valid string [type=string_type, input_value=<MagicMock name='mock.exe..._id' id='1491332689136'>, input_type=MagicMock]
    For further information visit https://errors.pydantic.dev/2.12/v/string_type
fallback_use_case
  Input should be a valid string [type=string_type, input_value=<MagicMock name='mock.exe...key' id='1491332685104'>, input_type=MagicMock]
    For further information visit https://errors.pydantic.dev/2.12/v/string_type
reasoning_effort
  Input should be a valid string [type=string_type, input_value=<MagicMock name='mock.exe...ort' id='1491332689808'>, input_type=MagicMock]
    For further information visit https://errors.pydantic.dev/2.12/v/string_type
verbosity
  Input should be a valid string [type=string_type, input_value=<MagicMock name='mock.exe...ity' id='1491332690144'>, input_type=MagicMock]
    For further information visit https://errors.pydantic.dev/2.12/v/string_type
WARNING  app.llm_orchestration.gateway:gateway.py:375 gateway_fallback_to_stub use_case=natal_interpretation
ERROR    app.llm_orchestration.gateway:gateway.py:948 gateway_step_failed:resolve_plan use_case=natal_interpretation error=Missing required variables for prompt rendering: birth_date
ERROR    app.api.v1.routers.natal_interpretation:natal_interpretation.py:240 Unexpected error during natal interpretation request_id=39f97de9463444e39d216759af1f5860 step=service_interpret error=failed to render prompt for natal_interpretation
Traceback (most recent call last):
  File "C:\dev\horoscope_front\backend\app\services\ai_engine_adapter.py", line 781, in generate_natal_interpretation
    result = await gateway.execute_request(request=request, db=db)
             ^^^^^^^^^^^^^^^^^^^^^^^^^^^^^^^^^^^^^^^^^^^^^^^^^^^^^
  File "C:\dev\horoscope_front\backend\app\llm_orchestration\gateway.py", line 946, in execute_request
    plan, qualified_ctx = await self._resolve_plan(request, db)
                          ^^^^^^^^^^^^^^^^^^^^^^^^^^^^^^^^^^^^^
  File "C:\dev\horoscope_front\backend\app\llm_orchestration\gateway.py", line 667, in _resolve_plan
    rendered_developer_prompt = self.renderer.render(
        config.developer_prompt,
        render_vars,
        required_variables=config.required_prompt_placeholders,
    )
  File "C:\dev\horoscope_front\backend\app\llm_orchestration\services\prompt_renderer.py", line 33, in render
    raise PromptRenderError(
    ...<2 lines>...
    )
app.llm_orchestration.models.PromptRenderError: Missing required variables for prompt rendering: birth_date

The above exception was the direct cause of the following exception:

Traceback (most recent call last):
  File "C:\dev\horoscope_front\backend\app\api\v1\routers\natal_interpretation.py", line 173, in interpret_natal_chart
    response = await NatalInterpretationServiceV2.interpret(
               ^^^^^^^^^^^^^^^^^^^^^^^^^^^^^^^^^^^^^^^^^^^^^
    ...<14 lines>...
    )
    ^
  File "C:\dev\horoscope_front\backend\app\services\natal_interpretation_service_v2.py", line 417, in interpret
    gateway_result = await AIEngineAdapter.generate_natal_interpretation(
                     ^^^^^^^^^^^^^^^^^^^^^^^^^^^^^^^^^^^^^^^^^^^^^^^^^^^^
        natal_input=natal_input, db=db
        ^^^^^^^^^^^^^^^^^^^^^^^^^^^^^^
    )
    ^
  File "C:\dev\horoscope_front\backend\app\services\ai_engine_adapter.py", line 801, in generate_natal_interpretation
    _handle_gateway_error(err, natal_input.request_id, natal_input.use_case_key)
    ~~~~~~~~~~~~~~~~~~~~~^^^^^^^^^^^^^^^^^^^^^^^^^^^^^^^^^^^^^^^^^^^^^^^^^^^^^^^
  File "C:\dev\horoscope_front\backend\app\services\ai_engine_adapter.py", line 311, in _handle_gateway_error
    raise AIEngineAdapterError(
    ...<4 lines>...
    ) from err
app.services.ai_engine_adapter.AIEngineAdapterError: failed to render prompt for natal_interpretation
ERROR    app.main:main.py:449 http_request_server_error request_id=39f97de9463444e39d216759af1f5860 method=POST route=/v1/natal/interpretation status_code=500 duration_ms=6.18
_______ TestNatalInterpretationEndpointV2.test_complete_persona_missing _______

self = <app.tests.integration.test_natal_interpretation_endpoint.TestNatalInterpretationEndpointV2 object at 0x0000015B37EFF230>
test_client = <starlette.testclient.TestClient object at 0x0000015B3A7EC950>
mock_db = <MagicMock id='1491332925488'>

    def test_complete_persona_missing(self, test_client, mock_db) -> None:
        # mock_db.execute.return_value.scalar_one_or_none.return_value = None (from fixture)
        with (
            patch(
                "app.api.v1.routers.natal_interpretation.UserNatalChartService.get_latest_for_user",
                return_value=_make_chart_read_data(),
            ),
            patch(
                "app.api.v1.routers.natal_interpretation.UserBirthProfileService.get_for_user",
                return_value=_make_birth_profile(),
            ),
        ):
            response = test_client.post(
                "/v1/natal/interpretation", json={"use_case_level": "complete"}
            )
>       assert response.status_code == 422
E       assert 500 == 422
E        +  where 500 = <Response [500 Internal Server Error]>.status_code

app\tests\integration\test_natal_interpretation_endpoint.py:294: AssertionError
------------------------------ Captured log call ------------------------------
WARNING  app.prompts.common_context:common_context.py:205 common_context_degraded user_id=1 use_case=natal_interpretation quality=partial missing=['astrologer_profile']
ERROR    app.llm_orchestration.gateway:gateway.py:371 gateway_db_prompt_resolve_failed use_case=natal_interpretation error=expected string or bytes-like object, got 'MagicMock'
WARNING  app.llm_orchestration.gateway:gateway.py:375 gateway_fallback_to_stub use_case=natal_interpretation
ERROR    app.llm_orchestration.gateway:gateway.py:948 gateway_step_failed:resolve_plan use_case=natal_interpretation error=Missing required variables for prompt rendering: birth_date
ERROR    app.api.v1.routers.natal_interpretation:natal_interpretation.py:240 Unexpected error during natal interpretation request_id=0d2fe1768968418cbfd829d45c35f183 step=service_interpret error=failed to render prompt for natal_interpretation
Traceback (most recent call last):
  File "C:\dev\horoscope_front\backend\app\services\ai_engine_adapter.py", line 781, in generate_natal_interpretation
    result = await gateway.execute_request(request=request, db=db)
             ^^^^^^^^^^^^^^^^^^^^^^^^^^^^^^^^^^^^^^^^^^^^^^^^^^^^^
  File "C:\dev\horoscope_front\backend\app\llm_orchestration\gateway.py", line 946, in execute_request
    plan, qualified_ctx = await self._resolve_plan(request, db)
                          ^^^^^^^^^^^^^^^^^^^^^^^^^^^^^^^^^^^^^
  File "C:\dev\horoscope_front\backend\app\llm_orchestration\gateway.py", line 667, in _resolve_plan
    rendered_developer_prompt = self.renderer.render(
        config.developer_prompt,
        render_vars,
        required_variables=config.required_prompt_placeholders,
    )
  File "C:\dev\horoscope_front\backend\app\llm_orchestration\services\prompt_renderer.py", line 33, in render
    raise PromptRenderError(
    ...<2 lines>...
    )
app.llm_orchestration.models.PromptRenderError: Missing required variables for prompt rendering: birth_date

The above exception was the direct cause of the following exception:

Traceback (most recent call last):
  File "C:\dev\horoscope_front\backend\app\api\v1\routers\natal_interpretation.py", line 173, in interpret_natal_chart
    response = await NatalInterpretationServiceV2.interpret(
               ^^^^^^^^^^^^^^^^^^^^^^^^^^^^^^^^^^^^^^^^^^^^^
    ...<14 lines>...
    )
    ^
  File "C:\dev\horoscope_front\backend\app\services\natal_interpretation_service_v2.py", line 417, in interpret
    gateway_result = await AIEngineAdapter.generate_natal_interpretation(
                     ^^^^^^^^^^^^^^^^^^^^^^^^^^^^^^^^^^^^^^^^^^^^^^^^^^^^
        natal_input=natal_input, db=db
        ^^^^^^^^^^^^^^^^^^^^^^^^^^^^^^
    )
    ^
  File "C:\dev\horoscope_front\backend\app\services\ai_engine_adapter.py", line 801, in generate_natal_interpretation
    _handle_gateway_error(err, natal_input.request_id, natal_input.use_case_key)
    ~~~~~~~~~~~~~~~~~~~~~^^^^^^^^^^^^^^^^^^^^^^^^^^^^^^^^^^^^^^^^^^^^^^^^^^^^^^^
  File "C:\dev\horoscope_front\backend\app\services\ai_engine_adapter.py", line 311, in _handle_gateway_error
    raise AIEngineAdapterError(
    ...<4 lines>...
    ) from err
app.services.ai_engine_adapter.AIEngineAdapterError: failed to render prompt for natal_interpretation
ERROR    app.main:main.py:449 http_request_server_error request_id=0d2fe1768968418cbfd829d45c35f183 method=POST route=/v1/natal/interpretation status_code=500 duration_ms=4.30
_________ TestNatalInterpretationEndpointV2.test_gateway_config_error _________

self = <app.tests.integration.test_natal_interpretation_endpoint.TestNatalInterpretationEndpointV2 object at 0x0000015B37FCC4D0>
test_client = <starlette.testclient.TestClient object at 0x0000015B3A7B85F0>
mock_db = <MagicMock id='1491341083712'>

    def test_gateway_config_error(self, test_client, mock_db) -> None:
        mock_db.execute.return_value.scalar_one_or_none.return_value = None
        with (
            patch(
                "app.api.v1.routers.natal_interpretation.UserNatalChartService.get_latest_for_user",
                return_value=_make_chart_read_data(),
            ),
            patch(
                "app.api.v1.routers.natal_interpretation.UserBirthProfileService.get_for_user",
                return_value=_make_birth_profile(),
            ),
            patch(
                "app.llm_orchestration.gateway.LLMGateway.execute",
                side_effect=GatewayConfigError("Invalid gateway config"),
            ),
        ):
            response = test_client.post(
                "/v1/natal/interpretation", json={"use_case_level": "short"}
            )
        assert response.status_code == 500
>       assert response.json()["error"]["code"] == "gateway_config_error"
E       AssertionError: assert 'internal_error' == 'gateway_config_error'
E         
E         - gateway_config_error
E         + internal_error

app\tests\integration\test_natal_interpretation_endpoint.py:332: AssertionError
------------------------------ Captured log call ------------------------------
WARNING  app.prompts.common_context:common_context.py:205 common_context_degraded user_id=1 use_case=natal_interpretation_short quality=minimal missing=['astrologer_profile', 'natal_interpretation']
WARNING  app.llm_orchestration.gateway:gateway.py:375 gateway_fallback_to_stub use_case=natal_interpretation_short
WARNING  app.llm_orchestration.providers.responses_client:responses_client.py:231 responses_error operation=responses_create attempt=1 error=Error code: 400 - {'error': {'message': "Invalid schema for response_format 'natal_interpretation_short': In context=(), 'additionalProperties' is required to be supplied and to be false.", 'type': 'invalid_request_error', 'param': 'text.format.schema', 'code': 'invalid_json_schema'}}
WARNING  app.llm_orchestration.providers.responses_client:responses_client.py:231 responses_error operation=responses_create attempt=2 error=Error code: 400 - {'error': {'message': "Invalid schema for response_format 'natal_interpretation_short': In context=(), 'additionalProperties' is required to be supplied and to be false.", 'type': 'invalid_request_error', 'param': 'text.format.schema', 'code': 'invalid_json_schema'}}
WARNING  app.llm_orchestration.providers.responses_client:responses_client.py:231 responses_error operation=responses_create attempt=3 error=Error code: 400 - {'error': {'message': "Invalid schema for response_format 'natal_interpretation_short': In context=(), 'additionalProperties' is required to be supplied and to be false.", 'type': 'invalid_request_error', 'param': 'text.format.schema', 'code': 'invalid_json_schema'}}
ERROR    app.llm_orchestration.gateway:gateway.py:965 gateway_step_failed:call_provider use_case=natal_interpretation_short error=responses responses_create failed after 3 attempts
ERROR    app.services.ai_engine_adapter:ai_engine_adapter.py:802 ai_engine_adapter_natal_unexpected_error use_case=natal_interpretation_short request_id=731477bb8e0a4ff1a7f2526f7b0213df error=responses responses_create failed after 3 attempts
ERROR    app.api.v1.routers.natal_interpretation:natal_interpretation.py:240 Unexpected error during natal interpretation request_id=731477bb8e0a4ff1a7f2526f7b0213df step=service_interpret error=llm provider unavailable (natal)
Traceback (most recent call last):
  File "C:\dev\horoscope_front\backend\app\llm_orchestration\providers\responses_client.py", line 210, in _execute_with_retry
    return await asyncio.wait_for(func_factory(), timeout=timeout_seconds)
           ^^^^^^^^^^^^^^^^^^^^^^^^^^^^^^^^^^^^^^^^^^^^^^^^^^^^^^^^^^^^^^^
  File "C:\Users\cyril\AppData\Local\Programs\Python\Python313\Lib\asyncio\tasks.py", line 507, in wait_for
    return await fut
           ^^^^^^^^^
  File "C:\dev\horoscope_front\backend\app\llm_orchestration\providers\responses_client.py", line 148, in do_create
    return await client.responses.create(**params)
           ^^^^^^^^^^^^^^^^^^^^^^^^^^^^^^^^^^^^^^^
  File "C:\dev\horoscope_front\.venv\Lib\site-packages\openai\resources\responses\responses.py", line 2507, in create
    return await self._post(
           ^^^^^^^^^^^^^^^^^
    ...<43 lines>...
    )
    ^
  File "C:\dev\horoscope_front\.venv\Lib\site-packages\openai\_base_client.py", line 1884, in post
    return await self.request(cast_to, opts, stream=stream, stream_cls=stream_cls)
           ^^^^^^^^^^^^^^^^^^^^^^^^^^^^^^^^^^^^^^^^^^^^^^^^^^^^^^^^^^^^^^^^^^^^^^^
  File "C:\dev\horoscope_front\.venv\Lib\site-packages\openai\_base_client.py", line 1669, in request
    raise self._make_status_error_from_response(err.response) from None
openai.BadRequestError: Error code: 400 - {'error': {'message': "Invalid schema for response_format 'natal_interpretation_short': In context=(), 'additionalProperties' is required to be supplied and to be false.", 'type': 'invalid_request_error', 'param': 'text.format.schema', 'code': 'invalid_json_schema'}}

The above exception was the direct cause of the following exception:

Traceback (most recent call last):
  File "C:\dev\horoscope_front\backend\app\services\ai_engine_adapter.py", line 781, in generate_natal_interpretation
    result = await gateway.execute_request(request=request, db=db)
             ^^^^^^^^^^^^^^^^^^^^^^^^^^^^^^^^^^^^^^^^^^^^^^^^^^^^^
  File "C:\dev\horoscope_front\backend\app\llm_orchestration\gateway.py", line 963, in execute_request
    provider_result = await self._call_provider(messages, plan, request)
                      ^^^^^^^^^^^^^^^^^^^^^^^^^^^^^^^^^^^^^^^^^^^^^^^^^^
  File "C:\dev\horoscope_front\backend\app\llm_orchestration\gateway.py", line 762, in _call_provider
    return await self.client.execute(
           ^^^^^^^^^^^^^^^^^^^^^^^^^^
    ...<19 lines>...
    )
    ^
  File "C:\dev\horoscope_front\backend\app\llm_orchestration\providers\responses_client.py", line 156, in execute
    raise err
  File "C:\dev\horoscope_front\backend\app\llm_orchestration\providers\responses_client.py", line 151, in execute
    response = await self._execute_with_retry(
               ^^^^^^^^^^^^^^^^^^^^^^^^^^^^^^^
        "responses_create", do_create, timeout_seconds=timeout_seconds
        ^^^^^^^^^^^^^^^^^^^^^^^^^^^^^^^^^^^^^^^^^^^^^^^^^^^^^^^^^^^^^^
    )
    ^
  File "C:\dev\horoscope_front\backend\app\llm_orchestration\providers\responses_client.py", line 246, in _execute_with_retry
    raise UpstreamError(
    ...<2 lines>...
    ) from last_error
app.ai_engine.exceptions.UpstreamError: responses responses_create failed after 3 attempts

The above exception was the direct cause of the following exception:

Traceback (most recent call last):
  File "C:\dev\horoscope_front\backend\app\api\v1\routers\natal_interpretation.py", line 173, in interpret_natal_chart
    response = await NatalInterpretationServiceV2.interpret(
               ^^^^^^^^^^^^^^^^^^^^^^^^^^^^^^^^^^^^^^^^^^^^^
    ...<14 lines>...
    )
    ^
  File "C:\dev\horoscope_front\backend\app\services\natal_interpretation_service_v2.py", line 417, in interpret
    gateway_result = await AIEngineAdapter.generate_natal_interpretation(
                     ^^^^^^^^^^^^^^^^^^^^^^^^^^^^^^^^^^^^^^^^^^^^^^^^^^^^
        natal_input=natal_input, db=db
        ^^^^^^^^^^^^^^^^^^^^^^^^^^^^^^
    )
    ^
  File "C:\dev\horoscope_front\backend\app\services\ai_engine_adapter.py", line 808, in generate_natal_interpretation
    raise ConnectionError("llm provider unavailable (natal)") from err
ConnectionError: llm provider unavailable (natal)
ERROR    app.main:main.py:449 http_request_server_error request_id=731477bb8e0a4ff1a7f2526f7b0213df method=POST route=/v1/natal/interpretation status_code=500 duration_ms=3114.55
___________ TestNatalInterpretationEndpointV2.test_unknown_use_case ___________

self = <app.tests.integration.test_natal_interpretation_endpoint.TestNatalInterpretationEndpointV2 object at 0x0000015B37F1E250>
test_client = <starlette.testclient.TestClient object at 0x0000015B3A7BBB60>
mock_db = <MagicMock id='1491332938928'>

    def test_unknown_use_case(self, test_client, mock_db) -> None:
        from app.llm_orchestration.models import UnknownUseCaseError
    
        mock_db.execute.return_value.scalar_one_or_none.return_value = None
        with (
            patch(
                "app.api.v1.routers.natal_interpretation.UserNatalChartService.get_latest_for_user",
                return_value=_make_chart_read_data(),
            ),
            patch(
                "app.api.v1.routers.natal_interpretation.UserBirthProfileService.get_for_user",
                return_value=_make_birth_profile(),
            ),
            patch(
                "app.llm_orchestration.gateway.LLMGateway.execute",
                side_effect=UnknownUseCaseError("Unknown use case"),
            ),
        ):
            response = test_client.post(
                "/v1/natal/interpretation", json={"use_case_level": "short"}
            )
>       assert response.status_code == 404
E       assert 500 == 404
E        +  where 500 = <Response [500 Internal Server Error]>.status_code

app\tests\integration\test_natal_interpretation_endpoint.py:355: AssertionError
------------------------------ Captured log call ------------------------------
WARNING  app.prompts.common_context:common_context.py:205 common_context_degraded user_id=1 use_case=natal_interpretation_short quality=minimal missing=['astrologer_profile', 'natal_interpretation']
WARNING  app.llm_orchestration.gateway:gateway.py:375 gateway_fallback_to_stub use_case=natal_interpretation_short
WARNING  app.llm_orchestration.providers.responses_client:responses_client.py:231 responses_error operation=responses_create attempt=1 error=Error code: 400 - {'error': {'message': "Invalid schema for response_format 'natal_interpretation_short': In context=(), 'additionalProperties' is required to be supplied and to be false.", 'type': 'invalid_request_error', 'param': 'text.format.schema', 'code': 'invalid_json_schema'}}
WARNING  app.llm_orchestration.providers.responses_client:responses_client.py:231 responses_error operation=responses_create attempt=2 error=Error code: 400 - {'error': {'message': "Invalid schema for response_format 'natal_interpretation_short': In context=(), 'additionalProperties' is required to be supplied and to be false.", 'type': 'invalid_request_error', 'param': 'text.format.schema', 'code': 'invalid_json_schema'}}
WARNING  app.llm_orchestration.providers.responses_client:responses_client.py:231 responses_error operation=responses_create attempt=3 error=Error code: 400 - {'error': {'message': "Invalid schema for response_format 'natal_interpretation_short': In context=(), 'additionalProperties' is required to be supplied and to be false.", 'type': 'invalid_request_error', 'param': 'text.format.schema', 'code': 'invalid_json_schema'}}
ERROR    app.llm_orchestration.gateway:gateway.py:965 gateway_step_failed:call_provider use_case=natal_interpretation_short error=responses responses_create failed after 3 attempts
ERROR    app.services.ai_engine_adapter:ai_engine_adapter.py:802 ai_engine_adapter_natal_unexpected_error use_case=natal_interpretation_short request_id=47225076b8734395a84efb69a4e97aa9 error=responses responses_create failed after 3 attempts
ERROR    app.api.v1.routers.natal_interpretation:natal_interpretation.py:240 Unexpected error during natal interpretation request_id=47225076b8734395a84efb69a4e97aa9 step=service_interpret error=llm provider unavailable (natal)
Traceback (most recent call last):
  File "C:\dev\horoscope_front\backend\app\llm_orchestration\providers\responses_client.py", line 210, in _execute_with_retry
    return await asyncio.wait_for(func_factory(), timeout=timeout_seconds)
           ^^^^^^^^^^^^^^^^^^^^^^^^^^^^^^^^^^^^^^^^^^^^^^^^^^^^^^^^^^^^^^^
  File "C:\Users\cyril\AppData\Local\Programs\Python\Python313\Lib\asyncio\tasks.py", line 507, in wait_for
    return await fut
           ^^^^^^^^^
  File "C:\dev\horoscope_front\backend\app\llm_orchestration\providers\responses_client.py", line 148, in do_create
    return await client.responses.create(**params)
           ^^^^^^^^^^^^^^^^^^^^^^^^^^^^^^^^^^^^^^^
  File "C:\dev\horoscope_front\.venv\Lib\site-packages\openai\resources\responses\responses.py", line 2507, in create
    return await self._post(
           ^^^^^^^^^^^^^^^^^
    ...<43 lines>...
    )
    ^
  File "C:\dev\horoscope_front\.venv\Lib\site-packages\openai\_base_client.py", line 1884, in post
    return await self.request(cast_to, opts, stream=stream, stream_cls=stream_cls)
           ^^^^^^^^^^^^^^^^^^^^^^^^^^^^^^^^^^^^^^^^^^^^^^^^^^^^^^^^^^^^^^^^^^^^^^^
  File "C:\dev\horoscope_front\.venv\Lib\site-packages\openai\_base_client.py", line 1669, in request
    raise self._make_status_error_from_response(err.response) from None
openai.BadRequestError: Error code: 400 - {'error': {'message': "Invalid schema for response_format 'natal_interpretation_short': In context=(), 'additionalProperties' is required to be supplied and to be false.", 'type': 'invalid_request_error', 'param': 'text.format.schema', 'code': 'invalid_json_schema'}}

The above exception was the direct cause of the following exception:

Traceback (most recent call last):
  File "C:\dev\horoscope_front\backend\app\services\ai_engine_adapter.py", line 781, in generate_natal_interpretation
    result = await gateway.execute_request(request=request, db=db)
             ^^^^^^^^^^^^^^^^^^^^^^^^^^^^^^^^^^^^^^^^^^^^^^^^^^^^^
  File "C:\dev\horoscope_front\backend\app\llm_orchestration\gateway.py", line 963, in execute_request
    provider_result = await self._call_provider(messages, plan, request)
                      ^^^^^^^^^^^^^^^^^^^^^^^^^^^^^^^^^^^^^^^^^^^^^^^^^^
  File "C:\dev\horoscope_front\backend\app\llm_orchestration\gateway.py", line 762, in _call_provider
    return await self.client.execute(
           ^^^^^^^^^^^^^^^^^^^^^^^^^^
    ...<19 lines>...
    )
    ^
  File "C:\dev\horoscope_front\backend\app\llm_orchestration\providers\responses_client.py", line 156, in execute
    raise err
  File "C:\dev\horoscope_front\backend\app\llm_orchestration\providers\responses_client.py", line 151, in execute
    response = await self._execute_with_retry(
               ^^^^^^^^^^^^^^^^^^^^^^^^^^^^^^^
        "responses_create", do_create, timeout_seconds=timeout_seconds
        ^^^^^^^^^^^^^^^^^^^^^^^^^^^^^^^^^^^^^^^^^^^^^^^^^^^^^^^^^^^^^^
    )
    ^
  File "C:\dev\horoscope_front\backend\app\llm_orchestration\providers\responses_client.py", line 246, in _execute_with_retry
    raise UpstreamError(
    ...<2 lines>...
    ) from last_error
app.ai_engine.exceptions.UpstreamError: responses responses_create failed after 3 attempts

The above exception was the direct cause of the following exception:

Traceback (most recent call last):
  File "C:\dev\horoscope_front\backend\app\api\v1\routers\natal_interpretation.py", line 173, in interpret_natal_chart
    response = await NatalInterpretationServiceV2.interpret(
               ^^^^^^^^^^^^^^^^^^^^^^^^^^^^^^^^^^^^^^^^^^^^^
    ...<14 lines>...
    )
    ^
  File "C:\dev\horoscope_front\backend\app\services\natal_interpretation_service_v2.py", line 417, in interpret
    gateway_result = await AIEngineAdapter.generate_natal_interpretation(
                     ^^^^^^^^^^^^^^^^^^^^^^^^^^^^^^^^^^^^^^^^^^^^^^^^^^^^
        natal_input=natal_input, db=db
        ^^^^^^^^^^^^^^^^^^^^^^^^^^^^^^
    )
    ^
  File "C:\dev\horoscope_front\backend\app\services\ai_engine_adapter.py", line 808, in generate_natal_interpretation
    raise ConnectionError("llm provider unavailable (natal)") from err
ConnectionError: llm provider unavailable (natal)
ERROR    app.main:main.py:449 http_request_server_error request_id=47225076b8734395a84efb69a4e97aa9 method=POST route=/v1/natal/interpretation status_code=500 duration_ms=2820.64
___________ TestNatalInterpretationEndpointV2.test_upstream_timeout ___________

self = <app.tests.integration.test_natal_interpretation_endpoint.TestNatalInterpretationEndpointV2 object at 0x0000015B37F1E360>
test_client = <starlette.testclient.TestClient object at 0x0000015B3AA9A5F0>
mock_db = <MagicMock id='1491341083376'>

    def test_upstream_timeout(self, test_client, mock_db) -> None:
        from app.ai_engine.exceptions import UpstreamTimeoutError
    
        mock_db.execute.return_value.scalar_one_or_none.return_value = None
        with (
            patch(
                "app.api.v1.routers.natal_interpretation.UserNatalChartService.get_latest_for_user",
                return_value=_make_chart_read_data(),
            ),
            patch(
                "app.api.v1.routers.natal_interpretation.UserBirthProfileService.get_for_user",
                return_value=_make_birth_profile(),
            ),
            patch(
                "app.llm_orchestration.gateway.LLMGateway.execute",
                side_effect=UpstreamTimeoutError("LLM Timeout"),
            ),
        ):
            response = test_client.post(
                "/v1/natal/interpretation", json={"use_case_level": "short"}
            )
>       assert response.status_code == 504
E       assert 500 == 504
E        +  where 500 = <Response [500 Internal Server Error]>.status_code

app\tests\integration\test_natal_interpretation_endpoint.py:379: AssertionError
------------------------------ Captured log call ------------------------------
WARNING  app.prompts.common_context:common_context.py:205 common_context_degraded user_id=1 use_case=natal_interpretation_short quality=minimal missing=['astrologer_profile', 'natal_interpretation']
WARNING  app.llm_orchestration.gateway:gateway.py:375 gateway_fallback_to_stub use_case=natal_interpretation_short
WARNING  app.llm_orchestration.providers.responses_client:responses_client.py:231 responses_error operation=responses_create attempt=1 error=Error code: 400 - {'error': {'message': "Invalid schema for response_format 'natal_interpretation_short': In context=(), 'additionalProperties' is required to be supplied and to be false.", 'type': 'invalid_request_error', 'param': 'text.format.schema', 'code': 'invalid_json_schema'}}
WARNING  app.llm_orchestration.providers.responses_client:responses_client.py:231 responses_error operation=responses_create attempt=2 error=Error code: 400 - {'error': {'message': "Invalid schema for response_format 'natal_interpretation_short': In context=(), 'additionalProperties' is required to be supplied and to be false.", 'type': 'invalid_request_error', 'param': 'text.format.schema', 'code': 'invalid_json_schema'}}
WARNING  app.llm_orchestration.providers.responses_client:responses_client.py:231 responses_error operation=responses_create attempt=3 error=Error code: 400 - {'error': {'message': "Invalid schema for response_format 'natal_interpretation_short': In context=(), 'additionalProperties' is required to be supplied and to be false.", 'type': 'invalid_request_error', 'param': 'text.format.schema', 'code': 'invalid_json_schema'}}
ERROR    app.llm_orchestration.gateway:gateway.py:965 gateway_step_failed:call_provider use_case=natal_interpretation_short error=responses responses_create failed after 3 attempts
ERROR    app.services.ai_engine_adapter:ai_engine_adapter.py:802 ai_engine_adapter_natal_unexpected_error use_case=natal_interpretation_short request_id=6c5d7a6cac6a464b8e16c75545d061f2 error=responses responses_create failed after 3 attempts
ERROR    app.api.v1.routers.natal_interpretation:natal_interpretation.py:240 Unexpected error during natal interpretation request_id=6c5d7a6cac6a464b8e16c75545d061f2 step=service_interpret error=llm provider unavailable (natal)
Traceback (most recent call last):
  File "C:\dev\horoscope_front\backend\app\llm_orchestration\providers\responses_client.py", line 210, in _execute_with_retry
    return await asyncio.wait_for(func_factory(), timeout=timeout_seconds)
           ^^^^^^^^^^^^^^^^^^^^^^^^^^^^^^^^^^^^^^^^^^^^^^^^^^^^^^^^^^^^^^^
  File "C:\Users\cyril\AppData\Local\Programs\Python\Python313\Lib\asyncio\tasks.py", line 507, in wait_for
    return await fut
           ^^^^^^^^^
  File "C:\dev\horoscope_front\backend\app\llm_orchestration\providers\responses_client.py", line 148, in do_create
    return await client.responses.create(**params)
           ^^^^^^^^^^^^^^^^^^^^^^^^^^^^^^^^^^^^^^^
  File "C:\dev\horoscope_front\.venv\Lib\site-packages\openai\resources\responses\responses.py", line 2507, in create
    return await self._post(
           ^^^^^^^^^^^^^^^^^
    ...<43 lines>...
    )
    ^
  File "C:\dev\horoscope_front\.venv\Lib\site-packages\openai\_base_client.py", line 1884, in post
    return await self.request(cast_to, opts, stream=stream, stream_cls=stream_cls)
           ^^^^^^^^^^^^^^^^^^^^^^^^^^^^^^^^^^^^^^^^^^^^^^^^^^^^^^^^^^^^^^^^^^^^^^^
  File "C:\dev\horoscope_front\.venv\Lib\site-packages\openai\_base_client.py", line 1669, in request
    raise self._make_status_error_from_response(err.response) from None
openai.BadRequestError: Error code: 400 - {'error': {'message': "Invalid schema for response_format 'natal_interpretation_short': In context=(), 'additionalProperties' is required to be supplied and to be false.", 'type': 'invalid_request_error', 'param': 'text.format.schema', 'code': 'invalid_json_schema'}}

The above exception was the direct cause of the following exception:

Traceback (most recent call last):
  File "C:\dev\horoscope_front\backend\app\services\ai_engine_adapter.py", line 781, in generate_natal_interpretation
    result = await gateway.execute_request(request=request, db=db)
             ^^^^^^^^^^^^^^^^^^^^^^^^^^^^^^^^^^^^^^^^^^^^^^^^^^^^^
  File "C:\dev\horoscope_front\backend\app\llm_orchestration\gateway.py", line 963, in execute_request
    provider_result = await self._call_provider(messages, plan, request)
                      ^^^^^^^^^^^^^^^^^^^^^^^^^^^^^^^^^^^^^^^^^^^^^^^^^^
  File "C:\dev\horoscope_front\backend\app\llm_orchestration\gateway.py", line 762, in _call_provider
    return await self.client.execute(
           ^^^^^^^^^^^^^^^^^^^^^^^^^^
    ...<19 lines>...
    )
    ^
  File "C:\dev\horoscope_front\backend\app\llm_orchestration\providers\responses_client.py", line 156, in execute
    raise err
  File "C:\dev\horoscope_front\backend\app\llm_orchestration\providers\responses_client.py", line 151, in execute
    response = await self._execute_with_retry(
               ^^^^^^^^^^^^^^^^^^^^^^^^^^^^^^^
        "responses_create", do_create, timeout_seconds=timeout_seconds
        ^^^^^^^^^^^^^^^^^^^^^^^^^^^^^^^^^^^^^^^^^^^^^^^^^^^^^^^^^^^^^^
    )
    ^
  File "C:\dev\horoscope_front\backend\app\llm_orchestration\providers\responses_client.py", line 246, in _execute_with_retry
    raise UpstreamError(
    ...<2 lines>...
    ) from last_error
app.ai_engine.exceptions.UpstreamError: responses responses_create failed after 3 attempts

The above exception was the direct cause of the following exception:

Traceback (most recent call last):
  File "C:\dev\horoscope_front\backend\app\api\v1\routers\natal_interpretation.py", line 173, in interpret_natal_chart
    response = await NatalInterpretationServiceV2.interpret(
               ^^^^^^^^^^^^^^^^^^^^^^^^^^^^^^^^^^^^^^^^^^^^^
    ...<14 lines>...
    )
    ^
  File "C:\dev\horoscope_front\backend\app\services\natal_interpretation_service_v2.py", line 417, in interpret
    gateway_result = await AIEngineAdapter.generate_natal_interpretation(
                     ^^^^^^^^^^^^^^^^^^^^^^^^^^^^^^^^^^^^^^^^^^^^^^^^^^^^
        natal_input=natal_input, db=db
        ^^^^^^^^^^^^^^^^^^^^^^^^^^^^^^
    )
    ^
  File "C:\dev\horoscope_front\backend\app\services\ai_engine_adapter.py", line 808, in generate_natal_interpretation
    raise ConnectionError("llm provider unavailable (natal)") from err
ConnectionError: llm provider unavailable (natal)
ERROR    app.main:main.py:449 http_request_server_error request_id=6c5d7a6cac6a464b8e16c75545d061f2 method=POST route=/v1/natal/interpretation status_code=500 duration_ms=2872.74
___________ test_generate_chat_reply_v2_omits_none_conversation_id ____________

messages = [{'content': 'bonjour', 'role': 'user'}]
context = {'conversation_id': None}, user_id = 1, request_id = 'req-chat-none'
trace_id = 'trace-chat-none', locale = 'fr-FR', db = None

    @staticmethod
    async def generate_chat_reply(
        messages: list[dict[str, str]],
        context: dict[str, str | None],
        user_id: int,
        request_id: str,
        trace_id: str,
        locale: str = "fr-FR",
        db: Optional[Session] = None,
    ) -> Any:  # Returns GatewayResult
        """
        Generate a chat reply via the AI Engine.
        (Story 66.3: Refactored to LLMExecutionRequest)
        """
        if _test_chat_generator is not None:
            # For testing, we mock a result object if the generator returns a string
            result_raw = await _test_chat_generator(
                messages, context, user_id, request_id, trace_id, locale
            )
            from app.llm_orchestration.models import GatewayMeta, GatewayResult, UsageInfo
    
            if isinstance(result_raw, GatewayResult):
                return result_raw
    
            raw_text = str(result_raw)
            return GatewayResult(
                use_case="chat_astrologer",
                request_id=request_id,
                trace_id=trace_id,
                raw_output=raw_text,
                usage=UsageInfo(
                    input_tokens=AIEngineAdapter.estimate_tokens(
                        " ".join([m["content"] for m in messages])
                    ),
                    output_tokens=AIEngineAdapter.estimate_tokens(raw_text),
                    total_tokens=0,
                ),
                meta=GatewayMeta(latency_ms=0, model="test-model"),
            )
    
        logger.info(
            "chat_reply_path request_id=%s history_count=%d has_natal=%s conversation_id=%s",
            request_id,
            len(messages),
            bool(context.get("natal_chart_summary")),
            context.get("conversation_id", "none"),
        )
    
        try:
            from app.llm_orchestration.gateway import LLMGateway
    
            gateway = LLMGateway()
    
            # 1. Prepare User Input
            last_user_msg = ""
            for msg in reversed(messages):
                if msg.get("role") == "user":
                    last_user_msg = msg.get("content", "")
                    break
    
            user_input = ExecutionUserInput(
                use_case="chat_astrologer",
                locale=locale,
                message=last_user_msg,
                conversation_id=str(context.get("conversation_id"))
                if context.get("conversation_id") else None,
            )
    
            # 2. Prepare Context
            history = [
                ExecutionMessage(role=m["role"], content=m["content"])
                for m in messages[:-1]
            ]
    
            extra_context = {**context}
            # Remove keys already handled in request or not relevant for extra_context
            for key in ["conversation_id", "history", "chat_turn_stage"]:
                extra_context.pop(key, None)
    
            # Story 66.3 AC2: chat_turn_stage handled via extra_context or flags
            if context.get("chat_turn_stage") == "opening":
                extra_context["user_data_block"] = _build_opening_chat_user_data_block(
                    last_user_msg=last_user_msg,
                    context=context,
                )
                # We could also use flags here if we had a dedicated flag for 'opening'
                # but for now we follow the instruction to use extra_context["chat_turn_stage"]
                extra_context["chat_turn_stage"] = "opening"
    
            exec_context = ExecutionContext(
                history=history,
                natal_data=context.get("natal_data"),
                chart_json=context.get("chart_json"),
                astro_context=context.get("astro_context"),
                extra_context=extra_context
            )
    
            # 3. Build Request
            request = LLMExecutionRequest(
                user_input=user_input,
                context=exec_context,
                user_id=user_id,
                request_id=request_id,
                trace_id=trace_id
            )
    
            # 4. Execute
>           result = await gateway.execute_request(request=request, db=db)
                           ^^^^^^^^^^^^^^^^^^^^^^^
E           AttributeError: 'FakeGateway' object has no attribute 'execute_request'

app\services\ai_engine_adapter.py:597: AttributeError

The above exception was the direct cause of the following exception:

monkeypatch = <_pytest.monkeypatch.MonkeyPatch object at 0x0000015B3C280950>

    @pytest.mark.asyncio
    async def test_generate_chat_reply_v2_omits_none_conversation_id(
        monkeypatch: pytest.MonkeyPatch,
    ) -> None:
        captured: dict[str, object] = {}
    
        class FakeGateway:
            async def execute(self, **kwargs):  # type: ignore[no-untyped-def]
                captured.update(kwargs)
                return GatewayResult(
                    use_case="chat_astrologer",
                    request_id="req-1",
                    trace_id="trace-1",
                    raw_output="ok",
                    usage=UsageInfo(input_tokens=10, output_tokens=10),
                    meta=GatewayMeta(latency_ms=100, model="test-model"),
                )
    
        monkeypatch.setattr("app.llm_orchestration.gateway.LLMGateway", FakeGateway)
    
>       result = await AIEngineAdapter.generate_chat_reply(
            messages=[{"role": "user", "content": "bonjour"}],
            context={"conversation_id": None},
            user_id=1,
            request_id="req-chat-none",
            trace_id="trace-chat-none",
        )

app\tests\unit\test_ai_engine_adapter.py:379: 
_ _ _ _ _ _ _ _ _ _ _ _ _ _ _ _ _ _ _ _ _ _ _ _ _ _ _ _ _ _ _ _ _ _ _ _ _ _ _ _

messages = [{'content': 'bonjour', 'role': 'user'}]
context = {'conversation_id': None}, user_id = 1, request_id = 'req-chat-none'
trace_id = 'trace-chat-none', locale = 'fr-FR', db = None

    @staticmethod
    async def generate_chat_reply(
        messages: list[dict[str, str]],
        context: dict[str, str | None],
        user_id: int,
        request_id: str,
        trace_id: str,
        locale: str = "fr-FR",
        db: Optional[Session] = None,
    ) -> Any:  # Returns GatewayResult
        """
        Generate a chat reply via the AI Engine.
        (Story 66.3: Refactored to LLMExecutionRequest)
        """
        if _test_chat_generator is not None:
            # For testing, we mock a result object if the generator returns a string
            result_raw = await _test_chat_generator(
                messages, context, user_id, request_id, trace_id, locale
            )
            from app.llm_orchestration.models import GatewayMeta, GatewayResult, UsageInfo
    
            if isinstance(result_raw, GatewayResult):
                return result_raw
    
            raw_text = str(result_raw)
            return GatewayResult(
                use_case="chat_astrologer",
                request_id=request_id,
                trace_id=trace_id,
                raw_output=raw_text,
                usage=UsageInfo(
                    input_tokens=AIEngineAdapter.estimate_tokens(
                        " ".join([m["content"] for m in messages])
                    ),
                    output_tokens=AIEngineAdapter.estimate_tokens(raw_text),
                    total_tokens=0,
                ),
                meta=GatewayMeta(latency_ms=0, model="test-model"),
            )
    
        logger.info(
            "chat_reply_path request_id=%s history_count=%d has_natal=%s conversation_id=%s",
            request_id,
            len(messages),
            bool(context.get("natal_chart_summary")),
            context.get("conversation_id", "none"),
        )
    
        try:
            from app.llm_orchestration.gateway import LLMGateway
    
            gateway = LLMGateway()
    
            # 1. Prepare User Input
            last_user_msg = ""
            for msg in reversed(messages):
                if msg.get("role") == "user":
                    last_user_msg = msg.get("content", "")
                    break
    
            user_input = ExecutionUserInput(
                use_case="chat_astrologer",
                locale=locale,
                message=last_user_msg,
                conversation_id=str(context.get("conversation_id"))
                if context.get("conversation_id") else None,
            )
    
            # 2. Prepare Context
            history = [
                ExecutionMessage(role=m["role"], content=m["content"])
                for m in messages[:-1]
            ]
    
            extra_context = {**context}
            # Remove keys already handled in request or not relevant for extra_context
            for key in ["conversation_id", "history", "chat_turn_stage"]:
                extra_context.pop(key, None)
    
            # Story 66.3 AC2: chat_turn_stage handled via extra_context or flags
            if context.get("chat_turn_stage") == "opening":
                extra_context["user_data_block"] = _build_opening_chat_user_data_block(
                    last_user_msg=last_user_msg,
                    context=context,
                )
                # We could also use flags here if we had a dedicated flag for 'opening'
                # but for now we follow the instruction to use extra_context["chat_turn_stage"]
                extra_context["chat_turn_stage"] = "opening"
    
            exec_context = ExecutionContext(
                history=history,
                natal_data=context.get("natal_data"),
                chart_json=context.get("chart_json"),
                astro_context=context.get("astro_context"),
                extra_context=extra_context
            )
    
            # 3. Build Request
            request = LLMExecutionRequest(
                user_input=user_input,
                context=exec_context,
                user_id=user_id,
                request_id=request_id,
                trace_id=trace_id
            )
    
            # 4. Execute
            result = await gateway.execute_request(request=request, db=db)
    
            # Fallback estimation if usage is zero but output exists
            if result.usage.output_tokens == 0 and result.raw_output:
                result.usage.output_tokens = AIEngineAdapter.estimate_tokens(result.raw_output)
                logger.warning(
                    "chat_reply_token_fallback request_id=%s estimated_output=%d",
                    request_id,
                    result.usage.output_tokens,
                )
    
            return result
        except Exception as err:
            if _can_use_test_fallback(err):
                from app.llm_orchestration.models import GatewayMeta, GatewayResult, UsageInfo
    
                fallback_text = _build_test_chat_fallback(messages)
                return GatewayResult(
                    use_case="chat_astrologer",
                    request_id=request_id,
                    trace_id=trace_id,
                    raw_output=fallback_text,
                    usage=UsageInfo(
                        input_tokens=AIEngineAdapter.estimate_tokens(
                            " ".join([m["content"] for m in messages])
                        ),
                        output_tokens=AIEngineAdapter.estimate_tokens(fallback_text),
                    ),
                    meta=GatewayMeta(latency_ms=0, model="test-model"),
                )
            if isinstance(err, UpstreamRateLimitError):
                raise AIEngineAdapterError(
                    code="rate_limit_exceeded",
                    message="rate limit exceeded",
                    status_code=429,
                    details={"retry_after_ms": str(err.retry_after_ms or 60000)},
                ) from err
            if isinstance(err, UpstreamTimeoutError):
                raise AIEngineAdapterError(
                    code="upstream_timeout",
                    message="llm provider timeout",
                    status_code=504,
                ) from err
            from app.llm_orchestration.models import GatewayError
    
            if isinstance(err, GatewayError):
                _handle_gateway_error(err, request_id, "chat")
            logger.error(
                "ai_engine_adapter_v2_unexpected_error request_id=%s error=%s",
                request_id,
                str(err),
            )
>           raise ConnectionError("llm provider unavailable (v2)") from err
E           ConnectionError: llm provider unavailable (v2)

app\services\ai_engine_adapter.py:649: ConnectionError
------------------------------ Captured log call ------------------------------
ERROR    app.services.ai_engine_adapter:ai_engine_adapter.py:644 ai_engine_adapter_v2_unexpected_error request_id=req-chat-none error='FakeGateway' object has no attribute 'execute_request'
_______ test_generate_chat_reply_v2_converts_conversation_id_to_string ________

messages = [{'content': 'bonjour', 'role': 'user'}]
context = {'conversation_id': 42}, user_id = 1, request_id = 'req-chat-id'
trace_id = 'trace-chat-id', locale = 'fr-FR', db = None

    @staticmethod
    async def generate_chat_reply(
        messages: list[dict[str, str]],
        context: dict[str, str | None],
        user_id: int,
        request_id: str,
        trace_id: str,
        locale: str = "fr-FR",
        db: Optional[Session] = None,
    ) -> Any:  # Returns GatewayResult
        """
        Generate a chat reply via the AI Engine.
        (Story 66.3: Refactored to LLMExecutionRequest)
        """
        if _test_chat_generator is not None:
            # For testing, we mock a result object if the generator returns a string
            result_raw = await _test_chat_generator(
                messages, context, user_id, request_id, trace_id, locale
            )
            from app.llm_orchestration.models import GatewayMeta, GatewayResult, UsageInfo
    
            if isinstance(result_raw, GatewayResult):
                return result_raw
    
            raw_text = str(result_raw)
            return GatewayResult(
                use_case="chat_astrologer",
                request_id=request_id,
                trace_id=trace_id,
                raw_output=raw_text,
                usage=UsageInfo(
                    input_tokens=AIEngineAdapter.estimate_tokens(
                        " ".join([m["content"] for m in messages])
                    ),
                    output_tokens=AIEngineAdapter.estimate_tokens(raw_text),
                    total_tokens=0,
                ),
                meta=GatewayMeta(latency_ms=0, model="test-model"),
            )
    
        logger.info(
            "chat_reply_path request_id=%s history_count=%d has_natal=%s conversation_id=%s",
            request_id,
            len(messages),
            bool(context.get("natal_chart_summary")),
            context.get("conversation_id", "none"),
        )
    
        try:
            from app.llm_orchestration.gateway import LLMGateway
    
            gateway = LLMGateway()
    
            # 1. Prepare User Input
            last_user_msg = ""
            for msg in reversed(messages):
                if msg.get("role") == "user":
                    last_user_msg = msg.get("content", "")
                    break
    
            user_input = ExecutionUserInput(
                use_case="chat_astrologer",
                locale=locale,
                message=last_user_msg,
                conversation_id=str(context.get("conversation_id"))
                if context.get("conversation_id") else None,
            )
    
            # 2. Prepare Context
            history = [
                ExecutionMessage(role=m["role"], content=m["content"])
                for m in messages[:-1]
            ]
    
            extra_context = {**context}
            # Remove keys already handled in request or not relevant for extra_context
            for key in ["conversation_id", "history", "chat_turn_stage"]:
                extra_context.pop(key, None)
    
            # Story 66.3 AC2: chat_turn_stage handled via extra_context or flags
            if context.get("chat_turn_stage") == "opening":
                extra_context["user_data_block"] = _build_opening_chat_user_data_block(
                    last_user_msg=last_user_msg,
                    context=context,
                )
                # We could also use flags here if we had a dedicated flag for 'opening'
                # but for now we follow the instruction to use extra_context["chat_turn_stage"]
                extra_context["chat_turn_stage"] = "opening"
    
            exec_context = ExecutionContext(
                history=history,
                natal_data=context.get("natal_data"),
                chart_json=context.get("chart_json"),
                astro_context=context.get("astro_context"),
                extra_context=extra_context
            )
    
            # 3. Build Request
            request = LLMExecutionRequest(
                user_input=user_input,
                context=exec_context,
                user_id=user_id,
                request_id=request_id,
                trace_id=trace_id
            )
    
            # 4. Execute
>           result = await gateway.execute_request(request=request, db=db)
                           ^^^^^^^^^^^^^^^^^^^^^^^
E           AttributeError: 'FakeGateway' object has no attribute 'execute_request'

app\services\ai_engine_adapter.py:597: AttributeError

The above exception was the direct cause of the following exception:

monkeypatch = <_pytest.monkeypatch.MonkeyPatch object at 0x0000015B3ADBCAF0>

    @pytest.mark.asyncio
    async def test_generate_chat_reply_v2_converts_conversation_id_to_string(
        monkeypatch: pytest.MonkeyPatch,
    ) -> None:
        captured: dict[str, object] = {}
    
        class FakeGateway:
            async def execute(self, **kwargs):  # type: ignore[no-untyped-def]
                captured.update(kwargs)
                return GatewayResult(
                    use_case="chat_astrologer",
                    request_id="req-1",
                    trace_id="trace-1",
                    raw_output="ok",
                    usage=UsageInfo(input_tokens=10, output_tokens=10),
                    meta=GatewayMeta(latency_ms=100, model="test-model"),
                )
    
        monkeypatch.setattr("app.llm_orchestration.gateway.LLMGateway", FakeGateway)
    
>       result = await AIEngineAdapter.generate_chat_reply(
            messages=[{"role": "user", "content": "bonjour"}],
            context={"conversation_id": 42},
            user_id=1,
            request_id="req-chat-id",
            trace_id="trace-chat-id",
        )

app\tests\unit\test_ai_engine_adapter.py:413: 
_ _ _ _ _ _ _ _ _ _ _ _ _ _ _ _ _ _ _ _ _ _ _ _ _ _ _ _ _ _ _ _ _ _ _ _ _ _ _ _

messages = [{'content': 'bonjour', 'role': 'user'}]
context = {'conversation_id': 42}, user_id = 1, request_id = 'req-chat-id'
trace_id = 'trace-chat-id', locale = 'fr-FR', db = None

    @staticmethod
    async def generate_chat_reply(
        messages: list[dict[str, str]],
        context: dict[str, str | None],
        user_id: int,
        request_id: str,
        trace_id: str,
        locale: str = "fr-FR",
        db: Optional[Session] = None,
    ) -> Any:  # Returns GatewayResult
        """
        Generate a chat reply via the AI Engine.
        (Story 66.3: Refactored to LLMExecutionRequest)
        """
        if _test_chat_generator is not None:
            # For testing, we mock a result object if the generator returns a string
            result_raw = await _test_chat_generator(
                messages, context, user_id, request_id, trace_id, locale
            )
            from app.llm_orchestration.models import GatewayMeta, GatewayResult, UsageInfo
    
            if isinstance(result_raw, GatewayResult):
                return result_raw
    
            raw_text = str(result_raw)
            return GatewayResult(
                use_case="chat_astrologer",
                request_id=request_id,
                trace_id=trace_id,
                raw_output=raw_text,
                usage=UsageInfo(
                    input_tokens=AIEngineAdapter.estimate_tokens(
                        " ".join([m["content"] for m in messages])
                    ),
                    output_tokens=AIEngineAdapter.estimate_tokens(raw_text),
                    total_tokens=0,
                ),
                meta=GatewayMeta(latency_ms=0, model="test-model"),
            )
    
        logger.info(
            "chat_reply_path request_id=%s history_count=%d has_natal=%s conversation_id=%s",
            request_id,
            len(messages),
            bool(context.get("natal_chart_summary")),
            context.get("conversation_id", "none"),
        )
    
        try:
            from app.llm_orchestration.gateway import LLMGateway
    
            gateway = LLMGateway()
    
            # 1. Prepare User Input
            last_user_msg = ""
            for msg in reversed(messages):
                if msg.get("role") == "user":
                    last_user_msg = msg.get("content", "")
                    break
    
            user_input = ExecutionUserInput(
                use_case="chat_astrologer",
                locale=locale,
                message=last_user_msg,
                conversation_id=str(context.get("conversation_id"))
                if context.get("conversation_id") else None,
            )
    
            # 2. Prepare Context
            history = [
                ExecutionMessage(role=m["role"], content=m["content"])
                for m in messages[:-1]
            ]
    
            extra_context = {**context}
            # Remove keys already handled in request or not relevant for extra_context
            for key in ["conversation_id", "history", "chat_turn_stage"]:
                extra_context.pop(key, None)
    
            # Story 66.3 AC2: chat_turn_stage handled via extra_context or flags
            if context.get("chat_turn_stage") == "opening":
                extra_context["user_data_block"] = _build_opening_chat_user_data_block(
                    last_user_msg=last_user_msg,
                    context=context,
                )
                # We could also use flags here if we had a dedicated flag for 'opening'
                # but for now we follow the instruction to use extra_context["chat_turn_stage"]
                extra_context["chat_turn_stage"] = "opening"
    
            exec_context = ExecutionContext(
                history=history,
                natal_data=context.get("natal_data"),
                chart_json=context.get("chart_json"),
                astro_context=context.get("astro_context"),
                extra_context=extra_context
            )
    
            # 3. Build Request
            request = LLMExecutionRequest(
                user_input=user_input,
                context=exec_context,
                user_id=user_id,
                request_id=request_id,
                trace_id=trace_id
            )
    
            # 4. Execute
            result = await gateway.execute_request(request=request, db=db)
    
            # Fallback estimation if usage is zero but output exists
            if result.usage.output_tokens == 0 and result.raw_output:
                result.usage.output_tokens = AIEngineAdapter.estimate_tokens(result.raw_output)
                logger.warning(
                    "chat_reply_token_fallback request_id=%s estimated_output=%d",
                    request_id,
                    result.usage.output_tokens,
                )
    
            return result
        except Exception as err:
            if _can_use_test_fallback(err):
                from app.llm_orchestration.models import GatewayMeta, GatewayResult, UsageInfo
    
                fallback_text = _build_test_chat_fallback(messages)
                return GatewayResult(
                    use_case="chat_astrologer",
                    request_id=request_id,
                    trace_id=trace_id,
                    raw_output=fallback_text,
                    usage=UsageInfo(
                        input_tokens=AIEngineAdapter.estimate_tokens(
                            " ".join([m["content"] for m in messages])
                        ),
                        output_tokens=AIEngineAdapter.estimate_tokens(fallback_text),
                    ),
                    meta=GatewayMeta(latency_ms=0, model="test-model"),
                )
            if isinstance(err, UpstreamRateLimitError):
                raise AIEngineAdapterError(
                    code="rate_limit_exceeded",
                    message="rate limit exceeded",
                    status_code=429,
                    details={"retry_after_ms": str(err.retry_after_ms or 60000)},
                ) from err
            if isinstance(err, UpstreamTimeoutError):
                raise AIEngineAdapterError(
                    code="upstream_timeout",
                    message="llm provider timeout",
                    status_code=504,
                ) from err
            from app.llm_orchestration.models import GatewayError
    
            if isinstance(err, GatewayError):
                _handle_gateway_error(err, request_id, "chat")
            logger.error(
                "ai_engine_adapter_v2_unexpected_error request_id=%s error=%s",
                request_id,
                str(err),
            )
>           raise ConnectionError("llm provider unavailable (v2)") from err
E           ConnectionError: llm provider unavailable (v2)

app\services\ai_engine_adapter.py:649: ConnectionError
------------------------------ Captured log call ------------------------------
ERROR    app.services.ai_engine_adapter:ai_engine_adapter.py:644 ai_engine_adapter_v2_unexpected_error request_id=req-chat-id error='FakeGateway' object has no attribute 'execute_request'
____ test_generate_chat_reply_opening_turn_builds_minimal_user_data_block _____

messages = [{'content': "Je me sens perdu aujourd'hui.", 'role': 'user'}]
context = {'chat_turn_stage': 'opening', 'persona_name': 'Mira', 'persona_style_markers': 'simple; intuitif', 'persona_tone': 'chaleureux', ...}
user_id = 1, request_id = 'req-chat-opening', trace_id = 'trace-chat-opening'
locale = 'fr-FR', db = None

    @staticmethod
    async def generate_chat_reply(
        messages: list[dict[str, str]],
        context: dict[str, str | None],
        user_id: int,
        request_id: str,
        trace_id: str,
        locale: str = "fr-FR",
        db: Optional[Session] = None,
    ) -> Any:  # Returns GatewayResult
        """
        Generate a chat reply via the AI Engine.
        (Story 66.3: Refactored to LLMExecutionRequest)
        """
        if _test_chat_generator is not None:
            # For testing, we mock a result object if the generator returns a string
            result_raw = await _test_chat_generator(
                messages, context, user_id, request_id, trace_id, locale
            )
            from app.llm_orchestration.models import GatewayMeta, GatewayResult, UsageInfo
    
            if isinstance(result_raw, GatewayResult):
                return result_raw
    
            raw_text = str(result_raw)
            return GatewayResult(
                use_case="chat_astrologer",
                request_id=request_id,
                trace_id=trace_id,
                raw_output=raw_text,
                usage=UsageInfo(
                    input_tokens=AIEngineAdapter.estimate_tokens(
                        " ".join([m["content"] for m in messages])
                    ),
                    output_tokens=AIEngineAdapter.estimate_tokens(raw_text),
                    total_tokens=0,
                ),
                meta=GatewayMeta(latency_ms=0, model="test-model"),
            )
    
        logger.info(
            "chat_reply_path request_id=%s history_count=%d has_natal=%s conversation_id=%s",
            request_id,
            len(messages),
            bool(context.get("natal_chart_summary")),
            context.get("conversation_id", "none"),
        )
    
        try:
            from app.llm_orchestration.gateway import LLMGateway
    
            gateway = LLMGateway()
    
            # 1. Prepare User Input
            last_user_msg = ""
            for msg in reversed(messages):
                if msg.get("role") == "user":
                    last_user_msg = msg.get("content", "")
                    break
    
            user_input = ExecutionUserInput(
                use_case="chat_astrologer",
                locale=locale,
                message=last_user_msg,
                conversation_id=str(context.get("conversation_id"))
                if context.get("conversation_id") else None,
            )
    
            # 2. Prepare Context
            history = [
                ExecutionMessage(role=m["role"], content=m["content"])
                for m in messages[:-1]
            ]
    
            extra_context = {**context}
            # Remove keys already handled in request or not relevant for extra_context
            for key in ["conversation_id", "history", "chat_turn_stage"]:
                extra_context.pop(key, None)
    
            # Story 66.3 AC2: chat_turn_stage handled via extra_context or flags
            if context.get("chat_turn_stage") == "opening":
                extra_context["user_data_block"] = _build_opening_chat_user_data_block(
                    last_user_msg=last_user_msg,
                    context=context,
                )
                # We could also use flags here if we had a dedicated flag for 'opening'
                # but for now we follow the instruction to use extra_context["chat_turn_stage"]
                extra_context["chat_turn_stage"] = "opening"
    
            exec_context = ExecutionContext(
                history=history,
                natal_data=context.get("natal_data"),
                chart_json=context.get("chart_json"),
                astro_context=context.get("astro_context"),
                extra_context=extra_context
            )
    
            # 3. Build Request
            request = LLMExecutionRequest(
                user_input=user_input,
                context=exec_context,
                user_id=user_id,
                request_id=request_id,
                trace_id=trace_id
            )
    
            # 4. Execute
>           result = await gateway.execute_request(request=request, db=db)
                           ^^^^^^^^^^^^^^^^^^^^^^^
E           AttributeError: 'FakeGateway' object has no attribute 'execute_request'

app\services\ai_engine_adapter.py:597: AttributeError

The above exception was the direct cause of the following exception:

monkeypatch = <_pytest.monkeypatch.MonkeyPatch object at 0x0000015B3C30C850>

    @pytest.mark.asyncio
    async def test_generate_chat_reply_opening_turn_builds_minimal_user_data_block(
        monkeypatch: pytest.MonkeyPatch,
    ) -> None:
        captured: dict[str, object] = {}
    
        class FakeGateway:
            async def execute(self, **kwargs):  # type: ignore[no-untyped-def]
                captured.update(kwargs)
                return GatewayResult(
                    use_case="chat_astrologer",
                    request_id="req-1",
                    trace_id="trace-1",
                    raw_output="ok",
                    usage=UsageInfo(input_tokens=10, output_tokens=10),
                    meta=GatewayMeta(latency_ms=100, model="test-model"),
                )
    
        monkeypatch.setattr("app.llm_orchestration.gateway.LLMGateway", FakeGateway)
    
>       result = await AIEngineAdapter.generate_chat_reply(
            messages=[{"role": "user", "content": "Je me sens perdu aujourd'hui."}],
            context={
                "chat_turn_stage": "opening",
                "persona_name": "Mira",
                "persona_tone": "chaleureux",
                "persona_style_markers": "simple; intuitif",
                "today_date": "22 mars 2026",
                "user_profile_brief": "Nom: Daconrilcy | Email: daconrilcy@hotmail.com | ┬ge: 36 ans",
            },
            user_id=1,
            request_id="req-chat-opening",
            trace_id="trace-chat-opening",
        )

app\tests\unit\test_ai_engine_adapter.py:447: 
_ _ _ _ _ _ _ _ _ _ _ _ _ _ _ _ _ _ _ _ _ _ _ _ _ _ _ _ _ _ _ _ _ _ _ _ _ _ _ _

messages = [{'content': "Je me sens perdu aujourd'hui.", 'role': 'user'}]
context = {'chat_turn_stage': 'opening', 'persona_name': 'Mira', 'persona_style_markers': 'simple; intuitif', 'persona_tone': 'chaleureux', ...}
user_id = 1, request_id = 'req-chat-opening', trace_id = 'trace-chat-opening'
locale = 'fr-FR', db = None

    @staticmethod
    async def generate_chat_reply(
        messages: list[dict[str, str]],
        context: dict[str, str | None],
        user_id: int,
        request_id: str,
        trace_id: str,
        locale: str = "fr-FR",
        db: Optional[Session] = None,
    ) -> Any:  # Returns GatewayResult
        """
        Generate a chat reply via the AI Engine.
        (Story 66.3: Refactored to LLMExecutionRequest)
        """
        if _test_chat_generator is not None:
            # For testing, we mock a result object if the generator returns a string
            result_raw = await _test_chat_generator(
                messages, context, user_id, request_id, trace_id, locale
            )
            from app.llm_orchestration.models import GatewayMeta, GatewayResult, UsageInfo
    
            if isinstance(result_raw, GatewayResult):
                return result_raw
    
            raw_text = str(result_raw)
            return GatewayResult(
                use_case="chat_astrologer",
                request_id=request_id,
                trace_id=trace_id,
                raw_output=raw_text,
                usage=UsageInfo(
                    input_tokens=AIEngineAdapter.estimate_tokens(
                        " ".join([m["content"] for m in messages])
                    ),
                    output_tokens=AIEngineAdapter.estimate_tokens(raw_text),
                    total_tokens=0,
                ),
                meta=GatewayMeta(latency_ms=0, model="test-model"),
            )
    
        logger.info(
            "chat_reply_path request_id=%s history_count=%d has_natal=%s conversation_id=%s",
            request_id,
            len(messages),
            bool(context.get("natal_chart_summary")),
            context.get("conversation_id", "none"),
        )
    
        try:
            from app.llm_orchestration.gateway import LLMGateway
    
            gateway = LLMGateway()
    
            # 1. Prepare User Input
            last_user_msg = ""
            for msg in reversed(messages):
                if msg.get("role") == "user":
                    last_user_msg = msg.get("content", "")
                    break
    
            user_input = ExecutionUserInput(
                use_case="chat_astrologer",
                locale=locale,
                message=last_user_msg,
                conversation_id=str(context.get("conversation_id"))
                if context.get("conversation_id") else None,
            )
    
            # 2. Prepare Context
            history = [
                ExecutionMessage(role=m["role"], content=m["content"])
                for m in messages[:-1]
            ]
    
            extra_context = {**context}
            # Remove keys already handled in request or not relevant for extra_context
            for key in ["conversation_id", "history", "chat_turn_stage"]:
                extra_context.pop(key, None)
    
            # Story 66.3 AC2: chat_turn_stage handled via extra_context or flags
            if context.get("chat_turn_stage") == "opening":
                extra_context["user_data_block"] = _build_opening_chat_user_data_block(
                    last_user_msg=last_user_msg,
                    context=context,
                )
                # We could also use flags here if we had a dedicated flag for 'opening'
                # but for now we follow the instruction to use extra_context["chat_turn_stage"]
                extra_context["chat_turn_stage"] = "opening"
    
            exec_context = ExecutionContext(
                history=history,
                natal_data=context.get("natal_data"),
                chart_json=context.get("chart_json"),
                astro_context=context.get("astro_context"),
                extra_context=extra_context
            )
    
            # 3. Build Request
            request = LLMExecutionRequest(
                user_input=user_input,
                context=exec_context,
                user_id=user_id,
                request_id=request_id,
                trace_id=trace_id
            )
    
            # 4. Execute
            result = await gateway.execute_request(request=request, db=db)
    
            # Fallback estimation if usage is zero but output exists
            if result.usage.output_tokens == 0 and result.raw_output:
                result.usage.output_tokens = AIEngineAdapter.estimate_tokens(result.raw_output)
                logger.warning(
                    "chat_reply_token_fallback request_id=%s estimated_output=%d",
                    request_id,
                    result.usage.output_tokens,
                )
    
            return result
        except Exception as err:
            if _can_use_test_fallback(err):
                from app.llm_orchestration.models import GatewayMeta, GatewayResult, UsageInfo
    
                fallback_text = _build_test_chat_fallback(messages)
                return GatewayResult(
                    use_case="chat_astrologer",
                    request_id=request_id,
                    trace_id=trace_id,
                    raw_output=fallback_text,
                    usage=UsageInfo(
                        input_tokens=AIEngineAdapter.estimate_tokens(
                            " ".join([m["content"] for m in messages])
                        ),
                        output_tokens=AIEngineAdapter.estimate_tokens(fallback_text),
                    ),
                    meta=GatewayMeta(latency_ms=0, model="test-model"),
                )
            if isinstance(err, UpstreamRateLimitError):
                raise AIEngineAdapterError(
                    code="rate_limit_exceeded",
                    message="rate limit exceeded",
                    status_code=429,
                    details={"retry_after_ms": str(err.retry_after_ms or 60000)},
                ) from err
            if isinstance(err, UpstreamTimeoutError):
                raise AIEngineAdapterError(
                    code="upstream_timeout",
                    message="llm provider timeout",
                    status_code=504,
                ) from err
            from app.llm_orchestration.models import GatewayError
    
            if isinstance(err, GatewayError):
                _handle_gateway_error(err, request_id, "chat")
            logger.error(
                "ai_engine_adapter_v2_unexpected_error request_id=%s error=%s",
                request_id,
                str(err),
            )
>           raise ConnectionError("llm provider unavailable (v2)") from err
E           ConnectionError: llm provider unavailable (v2)

app\services\ai_engine_adapter.py:649: ConnectionError
------------------------------ Captured log call ------------------------------
ERROR    app.services.ai_engine_adapter:ai_engine_adapter.py:644 ai_engine_adapter_v2_unexpected_error request_id=req-chat-opening error='FakeGateway' object has no attribute 'execute_request'
________________ test_build_common_context_with_interpretation ________________

    @pytest.mark.asyncio
    async def test_build_common_context_with_interpretation() -> None:
        """Test build() when a natal interpretation exists."""
        mock_db = MagicMock()
        user_id = 1
    
        # Mock Persona
        mock_persona = MagicMock()
        mock_persona.model_dump.return_value = {"name": "Astrologue", "description": "Expert"}
    
        # Mock Profile
        mock_profile = MagicMock()
        mock_profile.birth_date = "1990-01-01"
        mock_profile.birth_time = "12:00"
        mock_profile.birth_place = "Paris"
    
        # Mock Interpretation in DB
        mock_interp = MagicMock()
        mock_interp.interpretation_payload = {"summary": "Votre thÞme est harmonieux."}
    
        with (
            patch(
                "app.services.persona_config_service.PersonaConfigService.get_active",
                return_value=mock_persona,
            ),
            patch(
                "app.services.user_birth_profile_service.UserBirthProfileService.get_for_user",
                return_value=mock_profile,
            ),
            patch("app.prompts.common_context.select"),
        ):
            mock_db.execute.return_value.scalar_one_or_none.return_value = mock_interp
            ctx = CommonContextBuilder.build(user_id, "chat_astrologer", "daily", mock_db)
    
>           assert ctx.natal_interpretation == "Votre thÞme est harmonieux."
                   ^^^^^^^^^^^^^^^^^^^^^^^^

app\tests\unit\test_common_context.py:52: 
_ _ _ _ _ _ _ _ _ _ _ _ _ _ _ _ _ _ _ _ _ _ _ _ _ _ _ _ _ _ _ _ _ _ _ _ _ _ _ _

self = QualifiedContext(payload=PromptCommonContext(natal_interpretation='Votre thÞme est harmonieux.', natal_data=None, prec...at_astrologer'), source='partial_db', missing_fields=['natal_data'], context_quality='partial', degradation_reasons=[])
item = 'natal_interpretation'

    def __getattr__(self, item: str) -> Any:
        private_attributes = object.__getattribute__(self, '__private_attributes__')
        if item in private_attributes:
            attribute = private_attributes[item]
            if hasattr(attribute, '__get__'):
                return attribute.__get__(self, type(self))  # type: ignore
    
            try:
                # Note: self.__pydantic_private__ cannot be None if self.__private_attributes__ has items
                return self.__pydantic_private__[item]  # type: ignore
            except KeyError as exc:
                raise AttributeError(f'{type(self).__name__!r} object has no attribute {item!r}') from exc
        else:
            # `__pydantic_extra__` can fail to be set if the model is not yet fully initialized.
            # See `BaseModel.__repr_args__` for more details
            try:
                pydantic_extra = object.__getattribute__(self, '__pydantic_extra__')
            except AttributeError:
                pydantic_extra = None
    
            if pydantic_extra and item in pydantic_extra:
                return pydantic_extra[item]
            else:
                if hasattr(self.__class__, item):
                    return super().__getattribute__(item)  # Raises AttributeError if appropriate
                else:
                    # this is the current error
>                   raise AttributeError(f'{type(self).__name__!r} object has no attribute {item!r}')
E                   AttributeError: 'QualifiedContext' object has no attribute 'natal_interpretation'

..\.venv\Lib\site-packages\pydantic\main.py:1026: AttributeError
------------------------------ Captured log call ------------------------------
WARNING  app.prompts.common_context:common_context.py:205 common_context_degraded user_id=1 use_case=chat_astrologer quality=partial missing=['natal_data']
______________ test_build_common_context_without_interpretation _______________

    @pytest.mark.asyncio
    async def test_build_common_context_without_interpretation() -> None:
        """Test build() when no interpretation exists (fallback to raw data)."""
        mock_db = MagicMock()
        user_id = 1
    
        # Mock Persona & Profile
        mock_persona = MagicMock()
        mock_persona.model_dump.return_value = {"name": "Astrologue"}
        mock_profile = MagicMock()
        mock_profile.birth_time = "00:00"  # Degraded
    
        # Mock Chart Service
        mock_chart = MagicMock()
        mock_chart.result.model_dump.return_value = {"planets": {"sun": {"sign": "aries"}}}
    
        with (
            patch(
                "app.services.persona_config_service.PersonaConfigService.get_active",
                return_value=mock_persona,
            ),
            patch(
                "app.services.user_birth_profile_service.UserBirthProfileService.get_for_user",
                return_value=mock_profile,
            ),
            patch(
                "app.services.user_natal_chart_service.UserNatalChartService.get_latest_for_user",
                return_value=mock_chart,
            ),
            patch("app.prompts.common_context.select"),
        ):
            # No interpretation in DB
            mock_db.execute.return_value.scalar_one_or_none.return_value = None
    
            ctx = CommonContextBuilder.build(user_id, "guidance_daily", "daily", mock_db)
    
>           assert ctx.natal_interpretation is None
                   ^^^^^^^^^^^^^^^^^^^^^^^^

app\tests\unit\test_common_context.py:94: 
_ _ _ _ _ _ _ _ _ _ _ _ _ _ _ _ _ _ _ _ _ _ _ _ _ _ _ _ _ _ _ _ _ _ _ _ _ _ _ _

self = QualifiedContext(payload=PromptCommonContext(natal_interpretation=None, natal_data={'planets': {'sun': {'sign': 'aries...ily'), source='partial_db', missing_fields=['natal_interpretation'], context_quality='partial', degradation_reasons=[])
item = 'natal_interpretation'

    def __getattr__(self, item: str) -> Any:
        private_attributes = object.__getattribute__(self, '__private_attributes__')
        if item in private_attributes:
            attribute = private_attributes[item]
            if hasattr(attribute, '__get__'):
                return attribute.__get__(self, type(self))  # type: ignore
    
            try:
                # Note: self.__pydantic_private__ cannot be None if self.__private_attributes__ has items
                return self.__pydantic_private__[item]  # type: ignore
            except KeyError as exc:
                raise AttributeError(f'{type(self).__name__!r} object has no attribute {item!r}') from exc
        else:
            # `__pydantic_extra__` can fail to be set if the model is not yet fully initialized.
            # See `BaseModel.__repr_args__` for more details
            try:
                pydantic_extra = object.__getattribute__(self, '__pydantic_extra__')
            except AttributeError:
                pydantic_extra = None
    
            if pydantic_extra and item in pydantic_extra:
                return pydantic_extra[item]
            else:
                if hasattr(self.__class__, item):
                    return super().__getattribute__(item)  # Raises AttributeError if appropriate
                else:
                    # this is the current error
>                   raise AttributeError(f'{type(self).__name__!r} object has no attribute {item!r}')
E                   AttributeError: 'QualifiedContext' object has no attribute 'natal_interpretation'

..\.venv\Lib\site-packages\pydantic\main.py:1026: AttributeError
------------------------------ Captured log call ------------------------------
WARNING  app.prompts.common_context:common_context.py:205 common_context_degraded user_id=1 use_case=guidance_daily quality=partial missing=['natal_interpretation']
___________________ test_check_4_repair_limit_and_anti_loop ___________________

self = <AsyncMock name='mock.execute' id='1491335171104'>, args = ()
kwargs = {'max_output_tokens': 2048, 'messages': [{'content': 'Tu es un assistant dÆinterprÚtation astrologique. Ne crÚe jamais...role': 'developer'}, {'content': 'Technical Data: None', 'role': 'user'}], 'model': 'm', 'reasoning_effort': None, ...}
_call = call(messages=[{'role': 'system', 'content': 'Tu es un assistant dÆinterprÚtation astrologique. Ne crÚe jamais de plac...'type': 'json_schema', 'json_schema': {'name': 'B', 'schema': {'type': 'object', 'required': ['ok']}, 'strict': True}})
effect = <list_iterator object at 0x0000015B3ADECE20>

    async def _execute_mock_call(self, /, *args, **kwargs):
        # This is nearly just like super(), except for special handling
        # of coroutines
    
        _call = _Call((args, kwargs), two=True)
        self.await_count += 1
        self.await_args = _call
        self.await_args_list.append(_call)
    
        effect = self.side_effect
        if effect is not None:
            if _is_exception(effect):
                raise effect
            elif not _callable(effect):
                try:
>                   result = next(effect)
                             ^^^^^^^^^^^^
E                   StopIteration

C:\Users\cyril\AppData\Local\Programs\Python\Python313\Lib\unittest\mock.py:2324: StopIteration

During handling of the above exception, another exception occurred:

db_session = <sqlalchemy.orm.session.Session object at 0x0000015B3A80CAD0>

    @pytest.mark.asyncio
    async def test_check_4_repair_limit_and_anti_loop(db_session):
        """Point 4 & B: Une seule tentative de repair + protection anti-boucle fallback."""
        schema = LlmOutputSchemaModel(name="s", json_schema={"type": "object", "required": ["ok"]})
        db_session.add(schema)
        db_session.flush()
    
        # Loop A -> B -> A
        uc_a = LlmUseCaseConfigModel(
            key="A",
            display_name="A",
            description="D",
            output_schema_id=str(schema.id),
            fallback_use_case_key="B",
        )
        uc_b = LlmUseCaseConfigModel(
            key="B",
            display_name="B",
            description="D",
            output_schema_id=str(schema.id),
            fallback_use_case_key="A",
        )
        p_a = LlmPromptVersionModel(
            use_case_key="A",
            status=PromptStatus.PUBLISHED,
            model="m",
            developer_prompt="A {{locale}}",
            created_by="a",
        )
        p_b = LlmPromptVersionModel(
            use_case_key="B",
            status=PromptStatus.PUBLISHED,
            model="m",
            developer_prompt="B {{locale}}",
            created_by="a",
        )
        db_session.add_all([uc_a, uc_b, p_a, p_b])
        db_session.commit()
    
        mock_client = MagicMock()
        mock_client.execute = AsyncMock(
            side_effect=[
                create_mock_result("A", "INVALID"),  # A init
                create_mock_result("A", "INVALID"),  # A repair
                create_mock_result("B", "INVALID"),  # B init
                create_mock_result("B", "INVALID"),  # B repair
                create_mock_result("A", "INVALID"),  # A fallback (should be blocked)
            ]
        )
    
        gateway = LLMGateway(responses_client=mock_client)
    
        with pytest.raises(GatewayError) as exc:
>           await gateway.execute(
                "A",
                {},
                {"locale": "fr", "use_case": "A"},
                "r",
                "t",
                user_id=1,
                db=db_session,
            )

app\tests\unit\test_gateway_behavioral.py:202: 
_ _ _ _ _ _ _ _ _ _ _ _ _ _ _ _ _ _ _ _ _ _ _ _ _ _ _ _ _ _ _ _ _ _ _ _ _ _ _ _
app\llm_orchestration\gateway.py:580: in execute
    return await self.execute_request(request, db=db)
           ^^^^^^^^^^^^^^^^^^^^^^^^^^^^^^^^^^^^^^^^^^
app\llm_orchestration\gateway.py:980: in execute_request
    recovery = await self._handle_repair_or_fallback(validation, request, plan, provider_result, db=db)
               ^^^^^^^^^^^^^^^^^^^^^^^^^^^^^^^^^^^^^^^^^^^^^^^^^^^^^^^^^^^^^^^^^^^^^^^^^^^^^^^^^^^^^^^^
app\llm_orchestration\gateway.py:852: in _handle_repair_or_fallback
    fallback_result = await self.execute_request(fallback_request, db=db)
                      ^^^^^^^^^^^^^^^^^^^^^^^^^^^^^^^^^^^^^^^^^^^^^^^^^^^
app\llm_orchestration\gateway.py:963: in execute_request
    provider_result = await self._call_provider(messages, plan, request)
                      ^^^^^^^^^^^^^^^^^^^^^^^^^^^^^^^^^^^^^^^^^^^^^^^^^^
app\llm_orchestration\gateway.py:762: in _call_provider
    return await self.client.execute(
_ _ _ _ _ _ _ _ _ _ _ _ _ _ _ _ _ _ _ _ _ _ _ _ _ _ _ _ _ _ _ _ _ _ _ _ _ _ _ _

self = <AsyncMock name='mock.execute' id='1491335171104'>, args = ()
kwargs = {'max_output_tokens': 2048, 'messages': [{'content': 'Tu es un assistant dÆinterprÚtation astrologique. Ne crÚe jamais...role': 'developer'}, {'content': 'Technical Data: None', 'role': 'user'}], 'model': 'm', 'reasoning_effort': None, ...}
_call = call(messages=[{'role': 'system', 'content': 'Tu es un assistant dÆinterprÚtation astrologique. Ne crÚe jamais de plac...'type': 'json_schema', 'json_schema': {'name': 'B', 'schema': {'type': 'object', 'required': ['ok']}, 'strict': True}})
effect = <list_iterator object at 0x0000015B3ADECE20>

    async def _execute_mock_call(self, /, *args, **kwargs):
        # This is nearly just like super(), except for special handling
        # of coroutines
    
        _call = _Call((args, kwargs), two=True)
        self.await_count += 1
        self.await_args = _call
        self.await_args_list.append(_call)
    
        effect = self.side_effect
        if effect is not None:
            if _is_exception(effect):
                raise effect
            elif not _callable(effect):
                try:
                    result = next(effect)
                except StopIteration:
                    # It is impossible to propagate a StopIteration
                    # through coroutines because of PEP 479
>                   raise StopAsyncIteration
E                   StopAsyncIteration

C:\Users\cyril\AppData\Local\Programs\Python\Python313\Lib\unittest\mock.py:2328: StopAsyncIteration
------------------------------ Captured log call ------------------------------
WARNING  app.llm_orchestration.gateway:gateway.py:610 gateway_common_context_failed use_case=A error=birth profile not found
WARNING  app.llm_orchestration.gateway:gateway.py:813 gateway_step:repair_invoked use_case=A errors=['JSON syntax error: Expecting value: line 1 column 1 (char 0)']
WARNING  app.llm_orchestration.gateway:gateway.py:610 gateway_common_context_failed use_case=A error=birth profile not found
WARNING  app.llm_orchestration.gateway:gateway.py:842 gateway_step:fallback_invoked use_case=A fallback=B
WARNING  app.llm_orchestration.gateway:gateway.py:610 gateway_common_context_failed use_case=B error=birth profile not found
WARNING  app.llm_orchestration.gateway:gateway.py:842 gateway_step:fallback_invoked use_case=B fallback=A
WARNING  app.llm_orchestration.gateway:gateway.py:610 gateway_common_context_failed use_case=A error=birth profile not found
WARNING  app.llm_orchestration.gateway:gateway.py:842 gateway_step:fallback_invoked use_case=A fallback=B
WARNING  app.llm_orchestration.gateway:gateway.py:610 gateway_common_context_failed use_case=B error=birth profile not found
WARNING  app.llm_orchestration.gateway:gateway.py:842 gateway_step:fallback_invoked use_case=B fallback=A
WARNING  app.llm_orchestration.gateway:gateway.py:610 gateway_common_context_failed use_case=A error=birth profile not found
ERROR    app.llm_orchestration.gateway:gateway.py:965 gateway_step_failed:call_provider use_case=A error=
ERROR    app.llm_orchestration.gateway:gateway.py:984 gateway_step_failed:recovery use_case=B error=
ERROR    app.llm_orchestration.gateway:gateway.py:984 gateway_step_failed:recovery use_case=A error=
ERROR    app.llm_orchestration.gateway:gateway.py:984 gateway_step_failed:recovery use_case=B error=
ERROR    app.llm_orchestration.gateway:gateway.py:984 gateway_step_failed:recovery use_case=A error=
WARNING  app.llm_orchestration.gateway:gateway.py:834 gateway_repair_failed use_case=A error=
WARNING  app.llm_orchestration.gateway:gateway.py:842 gateway_step:fallback_invoked use_case=A fallback=B
WARNING  app.llm_orchestration.gateway:gateway.py:610 gateway_common_context_failed use_case=B error=birth profile not found
ERROR    app.llm_orchestration.gateway:gateway.py:965 gateway_step_failed:call_provider use_case=B error=
ERROR    app.llm_orchestration.gateway:gateway.py:984 gateway_step_failed:recovery use_case=A error=
_____________________ test_check_2_fail_fast_missing_vars _____________________

db_session = <sqlalchemy.orm.session.Session object at 0x0000015B3A80E900>

    @pytest.mark.asyncio
    async def test_check_2_fail_fast_missing_vars(db_session):
        """Point 2: Validation runtime locale et use_case."""
        gateway = LLMGateway()
    
        with pytest.raises(GatewayConfigError) as exc:
>           await gateway.execute("chat", {}, {}, "r", "t", user_id=1, db=db_session)

app\tests\unit\test_gateway_behavioral.py:223: 
_ _ _ _ _ _ _ _ _ _ _ _ _ _ _ _ _ _ _ _ _ _ _ _ _ _ _ _ _ _ _ _ _ _ _ _ _ _ _ _
app\llm_orchestration\gateway.py:580: in execute
    return await self.execute_request(request, db=db)
           ^^^^^^^^^^^^^^^^^^^^^^^^^^^^^^^^^^^^^^^^^^
app\llm_orchestration\gateway.py:946: in execute_request
    plan, qualified_ctx = await self._resolve_plan(request, db)
                          ^^^^^^^^^^^^^^^^^^^^^^^^^^^^^^^^^^^^^
app\llm_orchestration\gateway.py:667: in _resolve_plan
    rendered_developer_prompt = self.renderer.render(
_ _ _ _ _ _ _ _ _ _ _ _ _ _ _ _ _ _ _ _ _ _ _ _ _ _ _ _ _ _ _ _ _ _ _ _ _ _ _ _

template = 'RÚponds Ó la conversation suivante: {{last_user_msg}}.'
variables = {'astro_context': None, 'chart_json': None, 'conversation_id': None, 'extra_context': {}, ...}
required_variables = ['last_user_msg']

    @staticmethod
    def render(
        template: str, variables: Dict[str, Any], required_variables: List[str] = None
    ) -> str:
        """
        Render a template with variables.
    
        Args:
            template: The string template with {{variable_name}} placeholders.
            variables: A dictionary of variables for interpolation.
            required_variables: A list of variable names that MUST be present.
    
        Returns:
            The rendered string.
    
        Raises:
            PromptRenderError: If a required variable is missing from the variables dictionary.
        """
        required_variables = required_variables or []
    
        # Check for missing required variables
        missing = [v for v in required_variables if v not in variables]
        if missing:
>           raise PromptRenderError(
                f"Missing required variables for prompt rendering: {', '.join(missing)}",
                details={"missing_variables": missing},
            )
E           app.llm_orchestration.models.PromptRenderError: Missing required variables for prompt rendering: last_user_msg

app\llm_orchestration\services\prompt_renderer.py:33: PromptRenderError
------------------------------ Captured log call ------------------------------
WARNING  app.llm_orchestration.gateway:gateway.py:610 gateway_common_context_failed use_case=chat error=birth profile not found
WARNING  app.llm_orchestration.gateway:gateway.py:375 gateway_fallback_to_stub use_case=chat
ERROR    app.llm_orchestration.gateway:gateway.py:948 gateway_step_failed:resolve_plan use_case=chat error=Missing required variables for prompt rendering: last_user_msg
______________________ test_structured_mode_no_question _______________________

db_session = <sqlalchemy.orm.session.Session object at 0x0000015B3A80EBA0>

    @pytest.mark.asyncio
    async def test_structured_mode_no_question(db_session):
        """Test interaction_mode=structured, user_question_policy=none."""
        uc = LlmUseCaseConfigModel(
            key="test_none",
            display_name="T",
            description="D",
            interaction_mode="structured",
            user_question_policy="none",
        )
        p = LlmPromptVersionModel(
            use_case_key="test_none",
            status=PromptStatus.PUBLISHED,
            model="m",
            developer_prompt="Dev",
            created_by="a",
        )
        db_session.add_all([uc, p])
        db_session.commit()
    
        mock_client = MagicMock()
        mock_client.execute = AsyncMock(return_value=create_mock_result("test_none", "Result"))
    
        gateway = LLMGateway(responses_client=mock_client)
        await gateway.execute(
            "test_none",
            {"question": "Ignored?"},
            {"locale": "fr", "use_case": "test_none"},
            "r",
            "t",
            user_id=1,
            db=db_session,
        )
    
        args = mock_client.execute.call_args.kwargs
        messages = args["messages"]
        user_msg = next(m for m in messages if m["role"] == "user")
        assert "Ignored?" not in user_msg["content"]
        # L2-fix: fallback message is now locale-aware (locale="fr" \u2192 French)
>       assert "Interpr" in user_msg["content"]  # "InterprÞte les donnÚes astrologiques fournies."
        ^^^^^^^^^^^^^^^^^^^^^^^^^^^^^^^^^^^^^^^
E       AssertionError: assert 'Interpr' in 'Technical Data: None'

app\tests\unit\test_gateway_modes.py:84: AssertionError
------------------------------ Captured log call ------------------------------
WARNING  app.llm_orchestration.gateway:gateway.py:610 gateway_common_context_failed use_case=test_none error=birth profile not found
___________________ test_structured_mode_optional_question ____________________

db_session = <sqlalchemy.orm.session.Session object at 0x0000015B3A80D400>

    @pytest.mark.asyncio
    async def test_structured_mode_optional_question(db_session):
        """Test interaction_mode=structured, user_question_policy=optional."""
        uc = LlmUseCaseConfigModel(
            key="test_opt",
            display_name="T",
            description="D",
            interaction_mode="structured",
            user_question_policy="optional",
        )
        p = LlmPromptVersionModel(
            use_case_key="test_opt",
            status=PromptStatus.PUBLISHED,
            model="m",
            developer_prompt="Dev",
            created_by="a",
        )
        db_session.add_all([uc, p])
        db_session.commit()
    
        mock_client = MagicMock()
        mock_client.execute = AsyncMock(return_value=create_mock_result("test_opt", "Result"))
    
        gateway = LLMGateway(responses_client=mock_client)
    
        # With question
        await gateway.execute(
            "test_opt",
            {"question": "How am I?"},
            {"locale": "fr", "use_case": "test_opt"},
            "r1",
            "t",
            user_id=1,
            db=db_session,
        )
        user_msg = next(
            m for m in mock_client.execute.call_args.kwargs["messages"] if m["role"] == "user"
        )
        assert "How am I?" in user_msg["content"]
    
        # Without question
        await gateway.execute(
            "test_opt",
            {},
            {"locale": "fr", "use_case": "test_opt"},
            "r2",
            "t",
            user_id=1,
            db=db_session,
        )
        user_msg = next(
            m for m in mock_client.execute.call_args.kwargs["messages"] if m["role"] == "user"
        )
        # L2-fix: fallback is locale-aware (locale="fr" \u2192 French fallback)
>       assert "Interpr" in user_msg["content"]  # "InterprÞte les donnÚes astrologiques fournies."
        ^^^^^^^^^^^^^^^^^^^^^^^^^^^^^^^^^^^^^^^
E       AssertionError: assert 'Interpr' in 'Technical Data: None'

app\tests\unit\test_gateway_modes.py:141: AssertionError
------------------------------ Captured log call ------------------------------
WARNING  app.llm_orchestration.gateway:gateway.py:610 gateway_common_context_failed use_case=test_opt error=birth profile not found
WARNING  app.llm_orchestration.gateway:gateway.py:610 gateway_common_context_failed use_case=test_opt error=birth profile not found
_________________________ test_chat_mode_with_history _________________________

db_session = <sqlalchemy.orm.session.Session object at 0x0000015B3A80C1A0>
monkeypatch = <_pytest.monkeypatch.MonkeyPatch object at 0x0000015B3AC3CCB0>

    @pytest.mark.asyncio
    async def test_chat_mode_with_history(db_session, monkeypatch):
        """Test interaction_mode=chat with history injection."""
        uc = LlmUseCaseConfigModel(
            key="test_chat",
            display_name="T",
            description="D",
            interaction_mode="chat",
            user_question_policy="optional",
        )
        p = LlmPromptVersionModel(
            use_case_key="test_chat",
            status=PromptStatus.PUBLISHED,
            model="m",
            developer_prompt="Dev",
            created_by="a",
        )
        db_session.add_all([uc, p])
        db_session.commit()
    
        mock_client = MagicMock()
        mock_client.execute = AsyncMock(return_value=create_mock_result("test_chat", "Reply"))
    
        gateway = LLMGateway(responses_client=mock_client)
    
        history = [{"role": "user", "content": "Hello"}, {"role": "assistant", "content": "Hi there"}]
    
        await gateway.execute(
            "test_chat",
            {"question": "How are you?"},
            {"locale": "fr", "use_case": "test_chat", "history": history},
            "r",
            "t",
            user_id=1,
            db=db_session,
        )
    
        args = mock_client.execute.call_args.kwargs
        messages = args["messages"]
    
        # system, developer, persona (skipped here), user, assistant, user
        assert len(messages) == 5  # system, dev, user (hello), assistant (hi), user (how are you)
        assert messages[2]["content"] == "Hello"
        assert messages[3]["content"] == "Hi there"
>       assert messages[4]["content"] == "How are you?"
E       AssertionError: assert 'How are you?...al Data: None' == 'How are you?'
E         
E         - How are you?
E         + How are you?
E         ?             +
E         + Technical Data: None

app\tests\unit\test_gateway_modes.py:224: AssertionError
------------------------------ Captured log call ------------------------------
WARNING  app.llm_orchestration.gateway:gateway.py:610 gateway_common_context_failed use_case=test_chat error=birth profile not found
_________________________ test_schema_name_in_payload _________________________

db_session = <sqlalchemy.orm.session.Session object at 0x0000015B3ADB3620>
monkeypatch = <_pytest.monkeypatch.MonkeyPatch object at 0x0000015B3AE53D90>

    @pytest.mark.asyncio
    async def test_schema_name_in_payload(db_session, monkeypatch):
        """Point 0.1: Correct schema.name in payload."""
        schema = LlmOutputSchemaModel(name="AstroResponse_v2", json_schema={"type": "object"})
        db_session.add(schema)
        db_session.flush()
    
        uc = LlmUseCaseConfigModel(
            key="test_schema", display_name="T", description="D", output_schema_id=str(schema.id)
        )
        p = LlmPromptVersionModel(
            use_case_key="test_schema",
            status=PromptStatus.PUBLISHED,
            model="m",
            developer_prompt="Dev",
            created_by="a",
        )
        db_session.add_all([uc, p])
        db_session.commit()
    
        mock_client = MagicMock()
        mock_client.execute = AsyncMock(return_value=create_mock_result("test_schema", "{}"))
    
        gateway = LLMGateway(responses_client=mock_client)
        await gateway.execute(
            "test_schema",
            {},
            {"locale": "fr", "use_case": "test_schema"},
            "r",
            "t",
            user_id=1,
            db=db_session,
        )
    
        args = mock_client.execute.call_args.kwargs
        resp_format = args["response_format"]
>       assert resp_format["json_schema"]["name"] == "astroresponse_v2"
E       AssertionError: assert 'test_schema' == 'astroresponse_v2'
E         
E         - astroresponse_v2
E         + test_schema

app\tests\unit\test_gateway_modes.py:297: AssertionError
------------------------------ Captured log call ------------------------------
WARNING  app.llm_orchestration.gateway:gateway.py:610 gateway_common_context_failed use_case=test_schema error=birth profile not found
_____________ test_catalog_schema_is_used_for_free_natal_fallback _____________

db_session = <sqlalchemy.orm.session.Session object at 0x0000015B3ADB3E00>

    @pytest.mark.asyncio
    async def test_catalog_schema_is_used_for_free_natal_fallback(db_session):
        mock_client = MagicMock()
        mock_client.execute = AsyncMock(
            return_value=create_mock_result(
                "natal_long_free",
                (
                    '{"title":"Votre thÞme rÚvÞle une intuition vibrante.",'
                    '"summary":"Resume","accordion_titles":["A","B"]}'
                ),
                {
                    "title": "Votre thÞme rÚvÞle une intuition vibrante.",
                    "summary": "Resume",
                    "accordion_titles": ["A", "B"],
                },
            )
        )
    
        gateway = LLMGateway(responses_client=mock_client)
>       await gateway.execute(
            "natal_long_free",
            {},
            {
                "locale": "fr-FR",
                "use_case": "natal_long_free",
                "chart_json": {"meta": {"birth_date": "2017-03-14"}},
            },
            "r",
            "t",
            user_id=1,
            db=db_session,
        )

app\tests\unit\test_gateway_modes.py:319: 
_ _ _ _ _ _ _ _ _ _ _ _ _ _ _ _ _ _ _ _ _ _ _ _ _ _ _ _ _ _ _ _ _ _ _ _ _ _ _ _
app\llm_orchestration\gateway.py:571: in execute
    request = self._legacy_dicts_to_request(
_ _ _ _ _ _ _ _ _ _ _ _ _ _ _ _ _ _ _ _ _ _ _ _ _ _ _ _ _ _ _ _ _ _ _ _ _ _ _ _

use_case = 'natal_long_free', user_input = {}
context = {'chart_json': {'meta': {'birth_date': '2017-03-14'}}, 'locale': 'fr-FR', 'use_case': 'natal_long_free'}
request_id = 'r', trace_id = 't', user_id = 1, is_repair_call = False

    @staticmethod
    def _legacy_dicts_to_request(
        use_case: str,
        user_input: Dict[str, Any],
        context: Dict[str, Any],
        request_id: str,
        trace_id: str,
        user_id: Optional[int] = None,
        is_repair_call: bool = False,
    ) -> LLMExecutionRequest:
        """Maps legacy dict-based parameters to the canonical LLMExecutionRequest."""
        locale = user_input.get("locale") or context.get("locale") or "fr-FR"
        user_input_model = ExecutionUserInput(
            use_case=use_case,
            locale=locale,
            message=user_input.get("message") or user_input.get("last_user_msg"),
            question=user_input.get("question"),
            situation=user_input.get("situation"),
            conversation_id=user_input.get("conversation_id") or context.get("conversation_id"),
            persona_id_override=user_input.get("persona_id") or context.get("persona_id"),
        )
    
        history = []
        for m in context.get("history", []):
            if isinstance(m, dict) and "role" in m and "content" in m:
                history.append(ExecutionMessage(**m))
    
        structuring_keys = {
            "history", "natal_data", "chart_json", "precision_level", "astro_context",
            "locale", "conversation_id", "persona_id", "_visited_use_cases",
            "evidence_catalog", "validation_strict", "_override_prompt_version_id",
        }
        extra_context = {k: v for k, v in context.items() if k not in structuring_keys}
    
>       context_model = ExecutionContext(
            history=history,
            natal_data=context.get("natal_data"),
            chart_json=context.get("chart_json"),
            precision_level=context.get("precision_level"),
            astro_context=context.get("astro_context"),
            extra_context=extra_context,
        )
E       pydantic_core._pydantic_core.ValidationError: 1 validation error for ExecutionContext
E       chart_json
E         Input should be a valid string [type=string_type, input_value={'meta': {'birth_date': '2017-03-14'}}, input_type=dict]
E           For further information visit https://errors.pydantic.dev/2.12/v/string_type

app\llm_orchestration\gateway.py:531: ValidationError
_ TestNatalInterpretationServiceV2UserInput.test_complete_level_does_not_include_question _

self = <app.tests.unit.test_natal_interpretation_service_v2.TestNatalInterpretationServiceV2UserInput object at 0x0000015B37F9E990>

    @pytest.mark.asyncio
    async def test_complete_level_does_not_include_question(self):
        """
        C1 (story 30-5): 'question' ne doit PAS etre dans user_input pour level='complete'.
    
        La suppression du champ 'question' est explicite dans la story 30-5 section 2.3.
        Le use-case natal_interpretation (complete) est purement descriptif et non interactif.
        """
        natal_result = _make_natal_result()
        birth_profile = _make_birth_profile()
        gw_result = _make_gateway_result("natal_interpretation")
        db = _make_db_mock(has_persona=True)
    
        mock_gw_instance = MagicMock()
        mock_gw_instance.execute = AsyncMock(return_value=gw_result)
        mock_persisted = MagicMock()
        mock_persisted.created_at = None
    
        with (
            patch("app.services.natal_interpretation_service_v2.select"),
            patch(
                "app.services.natal_interpretation_service_v2.build_chart_json",
                return_value={"planets": []},
            ),
            patch(
                "app.services.natal_interpretation_service_v2.build_enriched_evidence_catalog",
                return_value={"SUN_LEO": ["Soleil en Lion"]},
            ),
>           patch(
                "app.services.natal_interpretation_service_v2.LLMGateway",
                return_value=mock_gw_instance,
            ),
            patch(
                "app.services.natal_interpretation_service_v2.UserNatalInterpretationModel",
                return_value=mock_persisted,
            ),
        ):

app\tests\unit\test_natal_interpretation_service_v2.py:229: 
_ _ _ _ _ _ _ _ _ _ _ _ _ _ _ _ _ _ _ _ _ _ _ _ _ _ _ _ _ _ _ _ _ _ _ _ _ _ _ _
C:\Users\cyril\AppData\Local\Programs\Python\Python313\Lib\unittest\mock.py:1497: in __enter__
    original, local = self.get_original()
                      ^^^^^^^^^^^^^^^^^^^
_ _ _ _ _ _ _ _ _ _ _ _ _ _ _ _ _ _ _ _ _ _ _ _ _ _ _ _ _ _ _ _ _ _ _ _ _ _ _ _

self = <unittest.mock._patch object at 0x0000015B3A9E2970>

    def get_original(self):
        target = self.getter()
        name = self.attribute
    
        original = DEFAULT
        local = False
    
        try:
            original = target.__dict__[name]
        except (AttributeError, KeyError):
            original = getattr(target, name, DEFAULT)
        else:
            local = True
    
        if name in _builtins and isinstance(target, ModuleType):
            self.create = True
    
        if not self.create and original is DEFAULT:
>           raise AttributeError(
                "%s does not have the attribute %r" % (target, name)
            )
E           AttributeError: <module 'app.services.natal_interpretation_service_v2' from 'C:\\dev\\horoscope_front\\backend\\app\\services\\natal_interpretation_service_v2.py'> does not have the attribute 'LLMGateway'

C:\Users\cyril\AppData\Local\Programs\Python\Python313\Lib\unittest\mock.py:1467: AttributeError
_ TestNatalInterpretationServiceV2UserInput.test_short_level_includes_question _

self = <app.tests.unit.test_natal_interpretation_service_v2.TestNatalInterpretationServiceV2UserInput object at 0x0000015B37F9EE90>

    @pytest.mark.asyncio
    async def test_short_level_includes_question(self):
        """
        Controle inverse: 'question' DOIT etre dans user_input pour level='short'.
        """
        natal_result = _make_natal_result()
        birth_profile = _make_birth_profile()
        gw_result = _make_gateway_result("natal_interpretation_short")
    
        db = MagicMock()
        db.execute.return_value.scalar_one_or_none.return_value = None  # cache miss
    
        mock_gw_instance = MagicMock()
        mock_gw_instance.execute = AsyncMock(return_value=gw_result)
        mock_persisted = MagicMock()
        mock_persisted.created_at = None
    
        with (
            patch("app.services.natal_interpretation_service_v2.select"),
            patch(
                "app.services.natal_interpretation_service_v2.build_chart_json",
                return_value={"planets": []},
            ),
            patch(
                "app.services.natal_interpretation_service_v2.build_enriched_evidence_catalog",
                return_value={"SUN_LEO": ["Soleil en Lion"]},
            ),
>           patch(
                "app.services.natal_interpretation_service_v2.LLMGateway",
                return_value=mock_gw_instance,
            ),
            patch(
                "app.services.natal_interpretation_service_v2.UserNatalInterpretationModel",
                return_value=mock_persisted,
            ),
        ):

app\tests\unit\test_natal_interpretation_service_v2.py:296: 
_ _ _ _ _ _ _ _ _ _ _ _ _ _ _ _ _ _ _ _ _ _ _ _ _ _ _ _ _ _ _ _ _ _ _ _ _ _ _ _
C:\Users\cyril\AppData\Local\Programs\Python\Python313\Lib\unittest\mock.py:1497: in __enter__
    original, local = self.get_original()
                      ^^^^^^^^^^^^^^^^^^^
_ _ _ _ _ _ _ _ _ _ _ _ _ _ _ _ _ _ _ _ _ _ _ _ _ _ _ _ _ _ _ _ _ _ _ _ _ _ _ _

self = <unittest.mock._patch object at 0x0000015B3A9E0E50>

    def get_original(self):
        target = self.getter()
        name = self.attribute
    
        original = DEFAULT
        local = False
    
        try:
            original = target.__dict__[name]
        except (AttributeError, KeyError):
            original = getattr(target, name, DEFAULT)
        else:
            local = True
    
        if name in _builtins and isinstance(target, ModuleType):
            self.create = True
    
        if not self.create and original is DEFAULT:
>           raise AttributeError(
                "%s does not have the attribute %r" % (target, name)
            )
E           AttributeError: <module 'app.services.natal_interpretation_service_v2' from 'C:\\dev\\horoscope_front\\backend\\app\\services\\natal_interpretation_service_v2.py'> does not have the attribute 'LLMGateway'

C:\Users\cyril\AppData\Local\Programs\Python\Python313\Lib\unittest\mock.py:1467: AttributeError
_ TestNatalInterpretationServiceV2UserInput.test_short_level_default_question_when_none _

self = <app.tests.unit.test_natal_interpretation_service_v2.TestNatalInterpretationServiceV2UserInput object at 0x0000015B37FDD6E0>

    @pytest.mark.asyncio
    async def test_short_level_default_question_when_none(self):
        """Pour level='short' avec question=None, on utilise le fallback par dÚfaut."""
        natal_result = _make_natal_result()
        birth_profile = _make_birth_profile()
        gw_result = _make_gateway_result("natal_interpretation_short")
    
        db = MagicMock()
        db.execute.return_value.scalar_one_or_none.return_value = None
    
        mock_gw_instance = MagicMock()
        mock_gw_instance.execute = AsyncMock(return_value=gw_result)
        mock_persisted = MagicMock()
        mock_persisted.created_at = None
    
        with (
            patch("app.services.natal_interpretation_service_v2.select"),
            patch(
                "app.services.natal_interpretation_service_v2.build_chart_json",
                return_value={"planets": []},
            ),
            patch(
                "app.services.natal_interpretation_service_v2.build_enriched_evidence_catalog",
                return_value={"SUN_LEO": ["Soleil en Lion"]},
            ),
>           patch(
                "app.services.natal_interpretation_service_v2.LLMGateway",
                return_value=mock_gw_instance,
            ),
            patch(
                "app.services.natal_interpretation_service_v2.UserNatalInterpretationModel",
                return_value=mock_persisted,
            ),
        ):

app\tests\unit\test_natal_interpretation_service_v2.py:350: 
_ _ _ _ _ _ _ _ _ _ _ _ _ _ _ _ _ _ _ _ _ _ _ _ _ _ _ _ _ _ _ _ _ _ _ _ _ _ _ _
C:\Users\cyril\AppData\Local\Programs\Python\Python313\Lib\unittest\mock.py:1497: in __enter__
    original, local = self.get_original()
                      ^^^^^^^^^^^^^^^^^^^
_ _ _ _ _ _ _ _ _ _ _ _ _ _ _ _ _ _ _ _ _ _ _ _ _ _ _ _ _ _ _ _ _ _ _ _ _ _ _ _

self = <unittest.mock._patch object at 0x0000015B3C2A7AF0>

    def get_original(self):
        target = self.getter()
        name = self.attribute
    
        original = DEFAULT
        local = False
    
        try:
            original = target.__dict__[name]
        except (AttributeError, KeyError):
            original = getattr(target, name, DEFAULT)
        else:
            local = True
    
        if name in _builtins and isinstance(target, ModuleType):
            self.create = True
    
        if not self.create and original is DEFAULT:
>           raise AttributeError(
                "%s does not have the attribute %r" % (target, name)
            )
E           AttributeError: <module 'app.services.natal_interpretation_service_v2' from 'C:\\dev\\horoscope_front\\backend\\app\\services\\natal_interpretation_service_v2.py'> does not have the attribute 'LLMGateway'

C:\Users\cyril\AppData\Local\Programs\Python\Python313\Lib\unittest\mock.py:1467: AttributeError
__ TestNatalInterpretationServiceV2SchemaVersion.test_complete_level_sets_v2 __

self = <app.tests.unit.test_natal_interpretation_service_v2.TestNatalInterpretationServiceV2SchemaVersion object at 0x0000015B37F9EFD0>

    @pytest.mark.asyncio
    async def test_complete_level_sets_v2(self):
        natal_result = _make_natal_result()
        birth_profile = _make_birth_profile()
        gw_result = _make_gateway_result("natal_interpretation")
        db = _make_db_mock(has_persona=True)
    
        mock_gw_instance = MagicMock()
        mock_gw_instance.execute = AsyncMock(return_value=gw_result)
        mock_persisted = MagicMock()
        mock_persisted.created_at = None
    
        with (
            patch("app.services.natal_interpretation_service_v2.select"),
            patch(
                "app.services.natal_interpretation_service_v2.build_chart_json",
                return_value={"planets": []},
            ),
            patch(
                "app.services.natal_interpretation_service_v2.build_enriched_evidence_catalog",
                return_value={"SUN_LEO": ["Soleil en Lion"]},
            ),
>           patch(
                "app.services.natal_interpretation_service_v2.LLMGateway",
                return_value=mock_gw_instance,
            ),
            patch(
                "app.services.natal_interpretation_service_v2.UserNatalInterpretationModel",
                return_value=mock_persisted,
            ),
        ):

app\tests\unit\test_natal_interpretation_service_v2.py:402: 
_ _ _ _ _ _ _ _ _ _ _ _ _ _ _ _ _ _ _ _ _ _ _ _ _ _ _ _ _ _ _ _ _ _ _ _ _ _ _ _
C:\Users\cyril\AppData\Local\Programs\Python\Python313\Lib\unittest\mock.py:1497: in __enter__
    original, local = self.get_original()
                      ^^^^^^^^^^^^^^^^^^^
_ _ _ _ _ _ _ _ _ _ _ _ _ _ _ _ _ _ _ _ _ _ _ _ _ _ _ _ _ _ _ _ _ _ _ _ _ _ _ _

self = <unittest.mock._patch object at 0x0000015B3C2A5010>

    def get_original(self):
        target = self.getter()
        name = self.attribute
    
        original = DEFAULT
        local = False
    
        try:
            original = target.__dict__[name]
        except (AttributeError, KeyError):
            original = getattr(target, name, DEFAULT)
        else:
            local = True
    
        if name in _builtins and isinstance(target, ModuleType):
            self.create = True
    
        if not self.create and original is DEFAULT:
>           raise AttributeError(
                "%s does not have the attribute %r" % (target, name)
            )
E           AttributeError: <module 'app.services.natal_interpretation_service_v2' from 'C:\\dev\\horoscope_front\\backend\\app\\services\\natal_interpretation_service_v2.py'> does not have the attribute 'LLMGateway'

C:\Users\cyril\AppData\Local\Programs\Python\Python313\Lib\unittest\mock.py:1467: AttributeError
___ TestNatalInterpretationServiceV2SchemaVersion.test_short_level_sets_v1 ____

self = <app.tests.unit.test_natal_interpretation_service_v2.TestNatalInterpretationServiceV2SchemaVersion object at 0x0000015B37F9F110>

    @pytest.mark.asyncio
    async def test_short_level_sets_v1(self):
        natal_result = _make_natal_result()
        birth_profile = _make_birth_profile()
        gw_result = _make_gateway_result("natal_interpretation_short")
        db = _make_db_mock(has_persona=False)
    
        mock_gw_instance = MagicMock()
        mock_gw_instance.execute = AsyncMock(return_value=gw_result)
        mock_persisted = MagicMock()
        mock_persisted.created_at = None
    
        with (
            patch("app.services.natal_interpretation_service_v2.select"),
            patch(
                "app.services.natal_interpretation_service_v2.build_chart_json",
                return_value={"planets": []},
            ),
            patch(
                "app.services.natal_interpretation_service_v2.build_enriched_evidence_catalog",
                return_value={"SUN_LEO": ["Soleil en Lion"]},
            ),
>           patch(
                "app.services.natal_interpretation_service_v2.LLMGateway",
                return_value=mock_gw_instance,
            ),
            patch(
                "app.services.natal_interpretation_service_v2.UserNatalInterpretationModel",
                return_value=mock_persisted,
            ),
        ):

app\tests\unit\test_natal_interpretation_service_v2.py:449: 
_ _ _ _ _ _ _ _ _ _ _ _ _ _ _ _ _ _ _ _ _ _ _ _ _ _ _ _ _ _ _ _ _ _ _ _ _ _ _ _
C:\Users\cyril\AppData\Local\Programs\Python\Python313\Lib\unittest\mock.py:1497: in __enter__
    original, local = self.get_original()
                      ^^^^^^^^^^^^^^^^^^^
_ _ _ _ _ _ _ _ _ _ _ _ _ _ _ _ _ _ _ _ _ _ _ _ _ _ _ _ _ _ _ _ _ _ _ _ _ _ _ _

self = <unittest.mock._patch object at 0x0000015B3AB48BB0>

    def get_original(self):
        target = self.getter()
        name = self.attribute
    
        original = DEFAULT
        local = False
    
        try:
            original = target.__dict__[name]
        except (AttributeError, KeyError):
            original = getattr(target, name, DEFAULT)
        else:
            local = True
    
        if name in _builtins and isinstance(target, ModuleType):
            self.create = True
    
        if not self.create and original is DEFAULT:
>           raise AttributeError(
                "%s does not have the attribute %r" % (target, name)
            )
E           AttributeError: <module 'app.services.natal_interpretation_service_v2' from 'C:\\dev\\horoscope_front\\backend\\app\\services\\natal_interpretation_service_v2.py'> does not have the attribute 'LLMGateway'

C:\Users\cyril\AppData\Local\Programs\Python\Python313\Lib\unittest\mock.py:1467: AttributeError
_ TestNatalInterpretationServiceV2Modules.test_complete_module_bypasses_persistence_and_injects_module_context _

self = <app.tests.unit.test_natal_interpretation_service_v2.TestNatalInterpretationServiceV2Modules object at 0x0000015B37F9F250>

    @pytest.mark.asyncio
    async def test_complete_module_bypasses_persistence_and_injects_module_context(self):
        natal_result = _make_natal_result()
        birth_profile = _make_birth_profile()
        gw_result = _make_gateway_result("natal_psy_profile")
    
        mock_persona = MagicMock()
        mock_persona.name = "Luna"
        mock_persona.description = "Profil pedagogique et bienveillant."
        mock_persona.tone = "warm"
        mock_persona.verbosity = "medium"
        mock_persona.style_markers = ["langage clair"]
        mock_persona.boundaries = ["ne pas etre fataliste"]
        mock_persona.allowed_topics = ["theme natal"]
    
        db = MagicMock()
        db.execute.return_value.scalar_one_or_none.return_value = mock_persona
    
        mock_gw_instance = MagicMock()
        mock_gw_instance.execute = AsyncMock(return_value=gw_result)
    
        with (
            patch("app.services.natal_interpretation_service_v2.select"),
            patch(
                "app.services.natal_interpretation_service_v2.build_chart_json",
                return_value={"planets": []},
            ),
            patch(
                "app.services.natal_interpretation_service_v2.build_enriched_evidence_catalog",
                return_value={"SUN_LEO": ["Soleil en Lion"]},
            ),
>           patch(
                "app.services.natal_interpretation_service_v2.LLMGateway",
                return_value=mock_gw_instance,
            ),
        ):

app\tests\unit\test_natal_interpretation_service_v2.py:507: 
_ _ _ _ _ _ _ _ _ _ _ _ _ _ _ _ _ _ _ _ _ _ _ _ _ _ _ _ _ _ _ _ _ _ _ _ _ _ _ _
C:\Users\cyril\AppData\Local\Programs\Python\Python313\Lib\unittest\mock.py:1497: in __enter__
    original, local = self.get_original()
                      ^^^^^^^^^^^^^^^^^^^
_ _ _ _ _ _ _ _ _ _ _ _ _ _ _ _ _ _ _ _ _ _ _ _ _ _ _ _ _ _ _ _ _ _ _ _ _ _ _ _

self = <unittest.mock._patch object at 0x0000015B3ADBB150>

    def get_original(self):
        target = self.getter()
        name = self.attribute
    
        original = DEFAULT
        local = False
    
        try:
            original = target.__dict__[name]
        except (AttributeError, KeyError):
            original = getattr(target, name, DEFAULT)
        else:
            local = True
    
        if name in _builtins and isinstance(target, ModuleType):
            self.create = True
    
        if not self.create and original is DEFAULT:
>           raise AttributeError(
                "%s does not have the attribute %r" % (target, name)
            )
E           AttributeError: <module 'app.services.natal_interpretation_service_v2' from 'C:\\dev\\horoscope_front\\backend\\app\\services\\natal_interpretation_service_v2.py'> does not have the attribute 'LLMGateway'

C:\Users\cyril\AppData\Local\Programs\Python\Python313\Lib\unittest\mock.py:1467: AttributeError
_ TestNatalInterpretationServiceV2FreeShort.test_free_short_does_not_crash_on_non_uuid_prompt_version_id _

self = <app.tests.unit.test_natal_interpretation_service_v2.TestNatalInterpretationServiceV2FreeShort object at 0x0000015B37F9F4D0>

    @pytest.mark.asyncio
    async def test_free_short_does_not_crash_on_non_uuid_prompt_version_id(self):
        natal_result = _make_natal_result()
        birth_profile = _make_birth_profile()
        db = MagicMock()
        db.execute.return_value.scalars.return_value.all.return_value = []
    
        mock_gw_instance = MagicMock()
        mock_gw_instance.execute = AsyncMock(return_value=_make_free_short_gateway_result())
    
        persisted = MagicMock()
        persisted.created_at = None
    
        with (
            patch("app.services.natal_interpretation_service_v2.select"),
            patch(
                "app.services.natal_interpretation_service_v2.build_chart_json",
                return_value={"planets": []},
            ),
            patch(
                "app.services.natal_interpretation_service_v2.build_enriched_evidence_catalog",
                return_value={"SUN_LEO": ["Soleil en Lion"]},
            ),
>           patch(
                "app.services.natal_interpretation_service_v2.LLMGateway",
                return_value=mock_gw_instance,
            ),
            patch(
                "app.services.natal_interpretation_service_v2.UserNatalInterpretationModel",
                return_value=persisted,
            ) as mock_model,
        ):

app\tests\unit\test_natal_interpretation_service_v2.py:619: 
_ _ _ _ _ _ _ _ _ _ _ _ _ _ _ _ _ _ _ _ _ _ _ _ _ _ _ _ _ _ _ _ _ _ _ _ _ _ _ _
C:\Users\cyril\AppData\Local\Programs\Python\Python313\Lib\unittest\mock.py:1497: in __enter__
    original, local = self.get_original()
                      ^^^^^^^^^^^^^^^^^^^
_ _ _ _ _ _ _ _ _ _ _ _ _ _ _ _ _ _ _ _ _ _ _ _ _ _ _ _ _ _ _ _ _ _ _ _ _ _ _ _

self = <unittest.mock._patch object at 0x0000015B3ADB9390>

    def get_original(self):
        target = self.getter()
        name = self.attribute
    
        original = DEFAULT
        local = False
    
        try:
            original = target.__dict__[name]
        except (AttributeError, KeyError):
            original = getattr(target, name, DEFAULT)
        else:
            local = True
    
        if name in _builtins and isinstance(target, ModuleType):
            self.create = True
    
        if not self.create and original is DEFAULT:
>           raise AttributeError(
                "%s does not have the attribute %r" % (target, name)
            )
E           AttributeError: <module 'app.services.natal_interpretation_service_v2' from 'C:\\dev\\horoscope_front\\backend\\app\\services\\natal_interpretation_service_v2.py'> does not have the attribute 'LLMGateway'

C:\Users\cyril\AppData\Local\Programs\Python\Python313\Lib\unittest\mock.py:1467: AttributeError
_ TestNatalInterpretationServiceV2FreeShort.test_free_short_updates_existing_row_instead_of_inserting_duplicate _

self = <app.tests.unit.test_natal_interpretation_service_v2.TestNatalInterpretationServiceV2FreeShort object at 0x0000015B37F9F610>

    @pytest.mark.asyncio
    async def test_free_short_updates_existing_row_instead_of_inserting_duplicate(self):
        natal_result = _make_natal_result()
        birth_profile = _make_birth_profile()
        db = MagicMock()
    
        existing = MagicMock()
        existing.created_at = None
    
        execute_result = MagicMock()
        execute_result.scalars.return_value.all.return_value = [existing]
        db.execute.return_value = execute_result
    
        mock_gw_instance = MagicMock()
        mock_gw_instance.execute = AsyncMock(return_value=_make_free_short_gateway_result())
    
        with (
            patch("app.services.natal_interpretation_service_v2.select"),
            patch(
                "app.services.natal_interpretation_service_v2.build_chart_json",
                return_value={"planets": []},
            ),
            patch(
                "app.services.natal_interpretation_service_v2.build_enriched_evidence_catalog",
                return_value={"SUN_LEO": ["Soleil en Lion"]},
            ),
>           patch(
                "app.services.natal_interpretation_service_v2.LLMGateway",
                return_value=mock_gw_instance,
            ),
            patch(
                "app.services.natal_interpretation_service_v2.UserNatalInterpretationModel"
            ) as mock_model,
        ):

app\tests\unit\test_natal_interpretation_service_v2.py:677: 
_ _ _ _ _ _ _ _ _ _ _ _ _ _ _ _ _ _ _ _ _ _ _ _ _ _ _ _ _ _ _ _ _ _ _ _ _ _ _ _
C:\Users\cyril\AppData\Local\Programs\Python\Python313\Lib\unittest\mock.py:1497: in __enter__
    original, local = self.get_original()
                      ^^^^^^^^^^^^^^^^^^^
_ _ _ _ _ _ _ _ _ _ _ _ _ _ _ _ _ _ _ _ _ _ _ _ _ _ _ _ _ _ _ _ _ _ _ _ _ _ _ _

self = <unittest.mock._patch object at 0x0000015B3AA9A0B0>

    def get_original(self):
        target = self.getter()
        name = self.attribute
    
        original = DEFAULT
        local = False
    
        try:
            original = target.__dict__[name]
        except (AttributeError, KeyError):
            original = getattr(target, name, DEFAULT)
        else:
            local = True
    
        if name in _builtins and isinstance(target, ModuleType):
            self.create = True
    
        if not self.create and original is DEFAULT:
>           raise AttributeError(
                "%s does not have the attribute %r" % (target, name)
            )
E           AttributeError: <module 'app.services.natal_interpretation_service_v2' from 'C:\\dev\\horoscope_front\\backend\\app\\services\\natal_interpretation_service_v2.py'> does not have the attribute 'LLMGateway'

C:\Users\cyril\AppData\Local\Programs\Python\Python313\Lib\unittest\mock.py:1467: AttributeError
_ TestNatalInterpretationServiceV2FreeShort.test_free_short_records_token_usage_without_quota_consumption _

self = <app.tests.unit.test_natal_interpretation_service_v2.TestNatalInterpretationServiceV2FreeShort object at 0x0000015B37FDD5B0>

    @pytest.mark.asyncio
    async def test_free_short_records_token_usage_without_quota_consumption(self):
        natal_result = _make_natal_result()
        birth_profile = _make_birth_profile()
        db = MagicMock()
        db.execute.return_value.scalars.return_value.all.return_value = []
    
        mock_gw_instance = MagicMock()
        mock_gw_instance.execute = AsyncMock(return_value=_make_free_short_gateway_result())
    
        persisted = MagicMock()
        persisted.created_at = None
    
        with (
            patch("app.services.natal_interpretation_service_v2.select"),
            patch(
                "app.services.natal_interpretation_service_v2.build_chart_json",
                return_value={"planets": []},
            ),
            patch(
                "app.services.natal_interpretation_service_v2.build_enriched_evidence_catalog",
                return_value={"SUN_LEO": ["Soleil en Lion"]},
            ),
>           patch(
                "app.services.natal_interpretation_service_v2.LLMGateway",
                return_value=mock_gw_instance,
            ),
            patch(
                "app.services.natal_interpretation_service_v2.UserNatalInterpretationModel",
                return_value=persisted,
            ),
            patch(
                "app.services.natal_interpretation_service_v2.LlmTokenUsageService.record_usage"
            ) as mock_record_usage,
        ):

app\tests\unit\test_natal_interpretation_service_v2.py:733: 
_ _ _ _ _ _ _ _ _ _ _ _ _ _ _ _ _ _ _ _ _ _ _ _ _ _ _ _ _ _ _ _ _ _ _ _ _ _ _ _
C:\Users\cyril\AppData\Local\Programs\Python\Python313\Lib\unittest\mock.py:1497: in __enter__
    original, local = self.get_original()
                      ^^^^^^^^^^^^^^^^^^^
_ _ _ _ _ _ _ _ _ _ _ _ _ _ _ _ _ _ _ _ _ _ _ _ _ _ _ _ _ _ _ _ _ _ _ _ _ _ _ _

self = <unittest.mock._patch object at 0x0000015B3C2E2270>

    def get_original(self):
        target = self.getter()
        name = self.attribute
    
        original = DEFAULT
        local = False
    
        try:
            original = target.__dict__[name]
        except (AttributeError, KeyError):
            original = getattr(target, name, DEFAULT)
        else:
            local = True
    
        if name in _builtins and isinstance(target, ModuleType):
            self.create = True
    
        if not self.create and original is DEFAULT:
>           raise AttributeError(
                "%s does not have the attribute %r" % (target, name)
            )
E           AttributeError: <module 'app.services.natal_interpretation_service_v2' from 'C:\\dev\\horoscope_front\\backend\\app\\services\\natal_interpretation_service_v2.py'> does not have the attribute 'LLMGateway'

C:\Users\cyril\AppData\Local\Programs\Python\Python313\Lib\unittest\mock.py:1467: AttributeError
_ TestNatalInterpretationServiceV2EmptyComplete.test_complete_empty_payload_raises_runtime_error _

self = <app.tests.unit.test_natal_interpretation_service_v2.TestNatalInterpretationServiceV2EmptyComplete object at 0x0000015B37F9F750>

    @pytest.mark.asyncio
    async def test_complete_empty_payload_raises_runtime_error(self):
        natal_result = _make_natal_result()
        birth_profile = _make_birth_profile()
        db = _make_db_mock(has_persona=True)
    
        mock_gw_instance = MagicMock()
        mock_gw_instance.execute = AsyncMock(return_value=_make_empty_complete_gateway_result())
    
        with (
            patch("app.services.natal_interpretation_service_v2.select"),
            patch(
                "app.services.natal_interpretation_service_v2.build_chart_json",
                return_value={"planets": []},
            ),
            patch(
                "app.services.natal_interpretation_service_v2.build_enriched_evidence_catalog",
                return_value={"SUN_LEO": ["Soleil en Lion"]},
            ),
>           patch(
                "app.services.natal_interpretation_service_v2.LLMGateway",
                return_value=mock_gw_instance,
            ),
        ):

app\tests\unit\test_natal_interpretation_service_v2.py:785: 
_ _ _ _ _ _ _ _ _ _ _ _ _ _ _ _ _ _ _ _ _ _ _ _ _ _ _ _ _ _ _ _ _ _ _ _ _ _ _ _
C:\Users\cyril\AppData\Local\Programs\Python\Python313\Lib\unittest\mock.py:1497: in __enter__
    original, local = self.get_original()
                      ^^^^^^^^^^^^^^^^^^^
_ _ _ _ _ _ _ _ _ _ _ _ _ _ _ _ _ _ _ _ _ _ _ _ _ _ _ _ _ _ _ _ _ _ _ _ _ _ _ _

self = <unittest.mock._patch object at 0x0000015B3A7FDFD0>

    def get_original(self):
        target = self.getter()
        name = self.attribute
    
        original = DEFAULT
        local = False
    
        try:
            original = target.__dict__[name]
        except (AttributeError, KeyError):
            original = getattr(target, name, DEFAULT)
        else:
            local = True
    
        if name in _builtins and isinstance(target, ModuleType):
            self.create = True
    
        if not self.create and original is DEFAULT:
>           raise AttributeError(
                "%s does not have the attribute %r" % (target, name)
            )
E           AttributeError: <module 'app.services.natal_interpretation_service_v2' from 'C:\\dev\\horoscope_front\\backend\\app\\services\\natal_interpretation_service_v2.py'> does not have the attribute 'LLMGateway'

C:\Users\cyril\AppData\Local\Programs\Python\Python313\Lib\unittest\mock.py:1467: AttributeError
______________ test_validate_output_evidence_aliases_strict_mode ______________

    def test_validate_output_evidence_aliases_strict_mode():
        schema = {
            "type": "object",
            "required": ["summary", "evidence"],
            "properties": {
                "summary": {"type": "string"},
                "evidence": {"type": "array", "items": {"type": "string"}},
            },
        }
        raw = '{"summary":"Soleil en Taureau. Aspect entre Soleil et Venus.","evidence":["SUN","TAURUS","SUN_CONJUNCTION_VENUS"]}'  # noqa: E501
        catalog = {
            "SUN_TAURUS": ["Soleil en Taureau"],
            "ASPECT_SUN_VENUS_CONJUNCTION": ["aspect entre Soleil et Venus"],
        }
    
        result = validate_output(
            raw, schema, evidence_catalog=catalog, strict=True, schema_version="v1"
        )
        assert result.valid is True
>       assert result.parsed["evidence"] == ["SUN_TAURUS", "SUN_TAURUS", "ASPECT_SUN_VENUS_CONJUNCTION"]
E       AssertionError: assert ['SUN_TAURUS'..._CONJUNCTION'] == ['SUN_TAURUS'..._CONJUNCTION']
E         
E         At index 1 diff: 'ASPECT_SUN_VENUS_CONJUNCTION' != 'SUN_TAURUS'
E         Right contains one more item: 'ASPECT_SUN_VENUS_CONJUNCTION'
E         Use -v to get more diff

app\tests\unit\test_output_validator.py:63: AssertionError
_______________________ test_persona_injection_success ________________________

db_session = <sqlalchemy.orm.session.Session object at 0x0000015B39FF2900>
monkeypatch = <_pytest.monkeypatch.MonkeyPatch object at 0x0000015B3A9A11D0>

    @pytest.mark.asyncio
    async def test_persona_injection_success(db_session, monkeypatch):
        # Setup: Create a persona and a use case config in the DB
        persona = LlmPersonaModel(
            id=uuid.uuid4(),
            name="Luna",
            tone=PersonaTone.WARM,
            verbosity=PersonaVerbosity.MEDIUM,
            enabled=True,
        )
        db_session.add(persona)
    
        use_case_config = LlmUseCaseConfigModel(
            key="test_use_case",
            display_name="Test",
            description="Test",
            allowed_persona_ids=[str(persona.id)],
        )
        db_session.add(use_case_config)
    
        prompt_version = LlmPromptVersionModel(
            use_case_key="test_use_case",
            status=PromptStatus.PUBLISHED,
            developer_prompt="Hello {{name}} {{locale}}",
            model="gpt-4o-mini",
            created_by="admin",
        )
        db_session.add(prompt_version)
        db_session.commit()
    
        # Mock ResponsesClient
        mock_client = MagicMock()
        # Mock return value of execute
        mock_result = MagicMock()
        mock_result.meta = MagicMock()
        mock_result.usage = MagicMock()
        mock_client.execute = AsyncMock(return_value=mock_result)
    
        gateway = LLMGateway(responses_client=mock_client)
    
>       result = await gateway.execute(
            use_case="test_use_case",
            user_input={"name": "Cyril"},
            context={"locale": "fr", "use_case": "test_use_case"},
            request_id="req-1",
            trace_id="trace-1",
            db=db_session,
        )

app\tests\unit\test_persona_injection.py:69: 
_ _ _ _ _ _ _ _ _ _ _ _ _ _ _ _ _ _ _ _ _ _ _ _ _ _ _ _ _ _ _ _ _ _ _ _ _ _ _ _
app\llm_orchestration\gateway.py:580: in execute
    return await self.execute_request(request, db=db)
           ^^^^^^^^^^^^^^^^^^^^^^^^^^^^^^^^^^^^^^^^^^
_ _ _ _ _ _ _ _ _ _ _ _ _ _ _ _ _ _ _ _ _ _ _ _ _ _ _ _ _ _ _ _ _ _ _ _ _ _ _ _

self = <app.llm_orchestration.gateway.LLMGateway object at 0x0000015B39EE1D90>
request = LLMExecutionRequest(user_input=ExecutionUserInput(use_case='test_use_case', locale='fr', message=None, question=None, ..._version_id_override=None, visited_use_cases=[]), overrides=None, user_id=None, request_id='req-1', trace_id='trace-1')
db = <sqlalchemy.orm.session.Session object at 0x0000015B39FF2900>

    async def execute_request(
        self, request: LLMExecutionRequest, db: Optional[Session] = None
    ) -> GatewayResult:
        """Canonical entry point for LLM orchestration using typed contracts."""
        start_time = time.perf_counter()
        use_case = request.user_input.use_case
        visited = request.flags.visited_use_cases
        is_repair_call = request.flags.is_repair_call
    
        try:
            if use_case in visited and not is_repair_call:
                raise GatewayError(f"Infinite fallback loop detected for use case '{use_case}'", details={"visited": visited})
    
            # Stage 1: Resolve Plan (Now includes QualifiedContext)
            try:
                plan, qualified_ctx = await self._resolve_plan(request, db)
            except Exception as e:
                logger.error("gateway_step_failed:resolve_plan use_case=%s error=%s", use_case, e)
                raise
    
            if not is_repair_call:
                logger.info("llm_gateway_start use_case=%s request_id=%s", use_case, request.request_id)
    
            # Stage 2: Build Messages
            try:
                messages = self._build_messages(request, plan, qualified_ctx)
            except Exception as e:
                logger.error("gateway_step_failed:build_messages use_case=%s error=%s", use_case, e)
                raise
    
            # Stage 3: Call Provider
            try:
                provider_result = await self._call_provider(messages, plan, request)
            except Exception as e:
                logger.error("gateway_step_failed:call_provider use_case=%s error=%s", use_case, e)
                raise
    
            # Stage 4: Validate & Normalize
            try:
                validation = self._validate_and_normalize(provider_result.raw_output, plan, request)
                if validation.valid:
                    provider_result.structured_output = validation.parsed
            except Exception as e:
                logger.error("gateway_step_failed:validate_and_normalize use_case=%s error=%s", use_case, e)
                raise
    
            # Stage 5: Recovery (Repair/Fallback)
            try:
                if not validation.valid:
                    recovery = await self._handle_repair_or_fallback(validation, request, plan, provider_result, db=db)
                else:
>                   recovery = RecoveryResult(result=provider_result)
                               ^^^^^^^^^^^^^^^^^^^^^^^^^^^^^^^^^^^^^^
E                   pydantic_core._pydantic_core.ValidationError: 1 validation error for RecoveryResult
E                   result
E                     Input should be a valid dictionary or instance of GatewayResult [type=model_type, input_value=<MagicMock id='1491326664784'>, input_type=MagicMock]
E                       For further information visit https://errors.pydantic.dev/2.12/v/model_type

app\llm_orchestration\gateway.py:982: ValidationError
------------------------------ Captured log call ------------------------------
ERROR    app.llm_orchestration.gateway:gateway.py:984 gateway_step_failed:recovery use_case=test_use_case error=1 validation error for RecoveryResult
result
  Input should be a valid dictionary or instance of GatewayResult [type=model_type, input_value=<MagicMock id='1491326664784'>, input_type=MagicMock]
    For further information visit https://errors.pydantic.dev/2.12/v/model_type
_______________________ test_persona_injection_disabled _______________________

db_session = <sqlalchemy.orm.session.Session object at 0x0000015B39FF3230>
monkeypatch = <_pytest.monkeypatch.MonkeyPatch object at 0x0000015B3A9A1940>

    @pytest.mark.asyncio
    async def test_persona_injection_disabled(db_session, monkeypatch):
        # Setup: Create a DISABLED persona
        persona = LlmPersonaModel(
            id=uuid.uuid4(),
            name="Luna",
            tone=PersonaTone.WARM,
            verbosity=PersonaVerbosity.MEDIUM,
            enabled=False,  # DISABLED
        )
        db_session.add(persona)
    
        use_case_config = LlmUseCaseConfigModel(
            key="test_use_case_disabled",
            display_name="Test",
            description="Test",
            allowed_persona_ids=[str(persona.id)],
            persona_strategy="optional",
        )
        db_session.add(use_case_config)
    
        prompt_version = LlmPromptVersionModel(
            use_case_key="test_use_case_disabled",
            status=PromptStatus.PUBLISHED,
            developer_prompt="Hello {{locale}}",
            model="gpt-4o-mini",
            created_by="admin",
        )
        db_session.add(prompt_version)
        db_session.commit()
    
        # Mock ResponsesClient
        mock_client = MagicMock()
        mock_result = MagicMock()
        mock_result.meta = MagicMock()
        mock_result.usage = MagicMock()
        mock_client.execute = AsyncMock(return_value=mock_result)
    
        gateway = LLMGateway(responses_client=mock_client)
    
>       result = await gateway.execute(
            use_case="test_use_case_disabled",
            user_input={},
            context={"locale": "en", "use_case": "test_use_case_disabled"},
            request_id="req-2",
            trace_id="trace-2",
            db=db_session,
        )

app\tests\unit\test_persona_injection.py:131: 
_ _ _ _ _ _ _ _ _ _ _ _ _ _ _ _ _ _ _ _ _ _ _ _ _ _ _ _ _ _ _ _ _ _ _ _ _ _ _ _
app\llm_orchestration\gateway.py:580: in execute
    return await self.execute_request(request, db=db)
           ^^^^^^^^^^^^^^^^^^^^^^^^^^^^^^^^^^^^^^^^^^
_ _ _ _ _ _ _ _ _ _ _ _ _ _ _ _ _ _ _ _ _ _ _ _ _ _ _ _ _ _ _ _ _ _ _ _ _ _ _ _

self = <app.llm_orchestration.gateway.LLMGateway object at 0x0000015B3A620050>
request = LLMExecutionRequest(user_input=ExecutionUserInput(use_case='test_use_case_disabled', locale='en', message=None, questi..._version_id_override=None, visited_use_cases=[]), overrides=None, user_id=None, request_id='req-2', trace_id='trace-2')
db = <sqlalchemy.orm.session.Session object at 0x0000015B39FF3230>

    async def execute_request(
        self, request: LLMExecutionRequest, db: Optional[Session] = None
    ) -> GatewayResult:
        """Canonical entry point for LLM orchestration using typed contracts."""
        start_time = time.perf_counter()
        use_case = request.user_input.use_case
        visited = request.flags.visited_use_cases
        is_repair_call = request.flags.is_repair_call
    
        try:
            if use_case in visited and not is_repair_call:
                raise GatewayError(f"Infinite fallback loop detected for use case '{use_case}'", details={"visited": visited})
    
            # Stage 1: Resolve Plan (Now includes QualifiedContext)
            try:
                plan, qualified_ctx = await self._resolve_plan(request, db)
            except Exception as e:
                logger.error("gateway_step_failed:resolve_plan use_case=%s error=%s", use_case, e)
                raise
    
            if not is_repair_call:
                logger.info("llm_gateway_start use_case=%s request_id=%s", use_case, request.request_id)
    
            # Stage 2: Build Messages
            try:
                messages = self._build_messages(request, plan, qualified_ctx)
            except Exception as e:
                logger.error("gateway_step_failed:build_messages use_case=%s error=%s", use_case, e)
                raise
    
            # Stage 3: Call Provider
            try:
                provider_result = await self._call_provider(messages, plan, request)
            except Exception as e:
                logger.error("gateway_step_failed:call_provider use_case=%s error=%s", use_case, e)
                raise
    
            # Stage 4: Validate & Normalize
            try:
                validation = self._validate_and_normalize(provider_result.raw_output, plan, request)
                if validation.valid:
                    provider_result.structured_output = validation.parsed
            except Exception as e:
                logger.error("gateway_step_failed:validate_and_normalize use_case=%s error=%s", use_case, e)
                raise
    
            # Stage 5: Recovery (Repair/Fallback)
            try:
                if not validation.valid:
                    recovery = await self._handle_repair_or_fallback(validation, request, plan, provider_result, db=db)
                else:
>                   recovery = RecoveryResult(result=provider_result)
                               ^^^^^^^^^^^^^^^^^^^^^^^^^^^^^^^^^^^^^^
E                   pydantic_core._pydantic_core.ValidationError: 1 validation error for RecoveryResult
E                   result
E                     Input should be a valid dictionary or instance of GatewayResult [type=model_type, input_value=<MagicMock id='1491326677216'>, input_type=MagicMock]
E                       For further information visit https://errors.pydantic.dev/2.12/v/model_type

app\llm_orchestration\gateway.py:982: ValidationError
------------------------------ Captured log call ------------------------------
ERROR    app.llm_orchestration.gateway:gateway.py:984 gateway_step_failed:recovery use_case=test_use_case_disabled error=1 validation error for RecoveryResult
result
  Input should be a valid dictionary or instance of GatewayResult [type=model_type, input_value=<MagicMock id='1491326677216'>, input_type=MagicMock]
    For further information visit https://errors.pydantic.dev/2.12/v/model_type
_______________________ test_persona_strategy_forbidden _______________________

db_session = <sqlalchemy.orm.session.Session object at 0x0000015B39FF0AD0>
monkeypatch = <_pytest.monkeypatch.MonkeyPatch object at 0x0000015B3A602120>

    @pytest.mark.asyncio
    async def test_persona_strategy_forbidden(db_session, monkeypatch):
        """AC 3: Forbidden strategy bypasses everything."""
        use_case = LlmUseCaseConfigModel(
            key="support", display_name="Support", description="D", persona_strategy="forbidden"
        )
        db_session.add(use_case)
        p = LlmPromptVersionModel(
            use_case_key="support",
            status=PromptStatus.PUBLISHED,
            model="m",
            developer_prompt="P {{locale}}",
            created_by="a",
        )
        db_session.add(p)
        db_session.commit()
    
        mock_client = MagicMock()
        mock_client.execute = AsyncMock(return_value=MagicMock(meta=MagicMock()))
    
        gateway = LLMGateway(responses_client=mock_client)
    
        # Provide a persona_id, should be ignored
>       result = await gateway.execute(
            "support",
            {},
            {"locale": "fr", "use_case": "support", "persona_id": "some_id"},
            "r",
            "t",
            db=db_session,
        )

app\tests\unit\test_use_case_contract.py:50: 
_ _ _ _ _ _ _ _ _ _ _ _ _ _ _ _ _ _ _ _ _ _ _ _ _ _ _ _ _ _ _ _ _ _ _ _ _ _ _ _
app\llm_orchestration\gateway.py:580: in execute
    return await self.execute_request(request, db=db)
           ^^^^^^^^^^^^^^^^^^^^^^^^^^^^^^^^^^^^^^^^^^
_ _ _ _ _ _ _ _ _ _ _ _ _ _ _ _ _ _ _ _ _ _ _ _ _ _ _ _ _ _ _ _ _ _ _ _ _ _ _ _

self = <app.llm_orchestration.gateway.LLMGateway object at 0x0000015B3A622150>
request = LLMExecutionRequest(user_input=ExecutionUserInput(use_case='support', locale='fr', message=None, question=None, situat...ne, prompt_version_id_override=None, visited_use_cases=[]), overrides=None, user_id=None, request_id='r', trace_id='t')
db = <sqlalchemy.orm.session.Session object at 0x0000015B39FF0AD0>

    async def execute_request(
        self, request: LLMExecutionRequest, db: Optional[Session] = None
    ) -> GatewayResult:
        """Canonical entry point for LLM orchestration using typed contracts."""
        start_time = time.perf_counter()
        use_case = request.user_input.use_case
        visited = request.flags.visited_use_cases
        is_repair_call = request.flags.is_repair_call
    
        try:
            if use_case in visited and not is_repair_call:
                raise GatewayError(f"Infinite fallback loop detected for use case '{use_case}'", details={"visited": visited})
    
            # Stage 1: Resolve Plan (Now includes QualifiedContext)
            try:
                plan, qualified_ctx = await self._resolve_plan(request, db)
            except Exception as e:
                logger.error("gateway_step_failed:resolve_plan use_case=%s error=%s", use_case, e)
                raise
    
            if not is_repair_call:
                logger.info("llm_gateway_start use_case=%s request_id=%s", use_case, request.request_id)
    
            # Stage 2: Build Messages
            try:
                messages = self._build_messages(request, plan, qualified_ctx)
            except Exception as e:
                logger.error("gateway_step_failed:build_messages use_case=%s error=%s", use_case, e)
                raise
    
            # Stage 3: Call Provider
            try:
                provider_result = await self._call_provider(messages, plan, request)
            except Exception as e:
                logger.error("gateway_step_failed:call_provider use_case=%s error=%s", use_case, e)
                raise
    
            # Stage 4: Validate & Normalize
            try:
                validation = self._validate_and_normalize(provider_result.raw_output, plan, request)
                if validation.valid:
                    provider_result.structured_output = validation.parsed
            except Exception as e:
                logger.error("gateway_step_failed:validate_and_normalize use_case=%s error=%s", use_case, e)
                raise
    
            # Stage 5: Recovery (Repair/Fallback)
            try:
                if not validation.valid:
                    recovery = await self._handle_repair_or_fallback(validation, request, plan, provider_result, db=db)
                else:
>                   recovery = RecoveryResult(result=provider_result)
                               ^^^^^^^^^^^^^^^^^^^^^^^^^^^^^^^^^^^^^^
E                   pydantic_core._pydantic_core.ValidationError: 1 validation error for RecoveryResult
E                   result
E                     Input should be a valid dictionary or instance of GatewayResult [type=model_type, input_value=<MagicMock id='1491326669824'>, input_type=MagicMock]
E                       For further information visit https://errors.pydantic.dev/2.12/v/model_type

app\llm_orchestration\gateway.py:982: ValidationError
------------------------------ Captured log call ------------------------------
ERROR    app.llm_orchestration.gateway:gateway.py:984 gateway_step_failed:recovery use_case=support error=1 validation error for RecoveryResult
result
  Input should be a valid dictionary or instance of GatewayResult [type=model_type, input_value=<MagicMock id='1491326669824'>, input_type=MagicMock]
    For further information visit https://errors.pydantic.dev/2.12/v/model_type
_______________________ test_persona_override_rejected ________________________

db_session = <sqlalchemy.orm.session.Session object at 0x0000015B398CBA10>
monkeypatch = <_pytest.monkeypatch.MonkeyPatch object at 0x0000015B3A601550>

    @pytest.mark.asyncio
    async def test_persona_override_rejected(db_session, monkeypatch):
        """AC 5: Persona override rejected fallback to default_safe."""
        persona_safe = LlmPersonaModel(id=uuid.uuid4(), name="Safe", enabled=True)
        db_session.add(persona_safe)
        db_session.flush()
    
        use_case = LlmUseCaseConfigModel(
            key="natal",
            display_name="N",
            description="D",
            persona_strategy="required",
            allowed_persona_ids=[str(persona_safe.id)],
        )
        db_session.add(use_case)
        p = LlmPromptVersionModel(
            use_case_key="natal",
            status=PromptStatus.PUBLISHED,
            model="m",
            developer_prompt="P {{locale}}",
            created_by="a",
        )
        db_session.add(p)
        db_session.commit()
    
        mock_client = MagicMock()
        mock_client.execute = AsyncMock(return_value=MagicMock(meta=MagicMock()))
    
        gateway = LLMGateway(responses_client=mock_client)
    
        # Request unauthorized persona_id
>       result = await gateway.execute(
            "natal",
            {},
            {"locale": "fr", "use_case": "natal", "persona_id": str(uuid.uuid4())},
            "r",
            "t",
            db=db_session,
        )

app\tests\unit\test_use_case_contract.py:96: 
_ _ _ _ _ _ _ _ _ _ _ _ _ _ _ _ _ _ _ _ _ _ _ _ _ _ _ _ _ _ _ _ _ _ _ _ _ _ _ _
app\llm_orchestration\gateway.py:580: in execute
    return await self.execute_request(request, db=db)
           ^^^^^^^^^^^^^^^^^^^^^^^^^^^^^^^^^^^^^^^^^^
_ _ _ _ _ _ _ _ _ _ _ _ _ _ _ _ _ _ _ _ _ _ _ _ _ _ _ _ _ _ _ _ _ _ _ _ _ _ _ _

self = <app.llm_orchestration.gateway.LLMGateway object at 0x0000015B3C330CD0>
request = LLMExecutionRequest(user_input=ExecutionUserInput(use_case='natal', locale='fr', message=None, question=None, situatio...ne, prompt_version_id_override=None, visited_use_cases=[]), overrides=None, user_id=None, request_id='r', trace_id='t')
db = <sqlalchemy.orm.session.Session object at 0x0000015B398CBA10>

    async def execute_request(
        self, request: LLMExecutionRequest, db: Optional[Session] = None
    ) -> GatewayResult:
        """Canonical entry point for LLM orchestration using typed contracts."""
        start_time = time.perf_counter()
        use_case = request.user_input.use_case
        visited = request.flags.visited_use_cases
        is_repair_call = request.flags.is_repair_call
    
        try:
            if use_case in visited and not is_repair_call:
                raise GatewayError(f"Infinite fallback loop detected for use case '{use_case}'", details={"visited": visited})
    
            # Stage 1: Resolve Plan (Now includes QualifiedContext)
            try:
                plan, qualified_ctx = await self._resolve_plan(request, db)
            except Exception as e:
                logger.error("gateway_step_failed:resolve_plan use_case=%s error=%s", use_case, e)
                raise
    
            if not is_repair_call:
                logger.info("llm_gateway_start use_case=%s request_id=%s", use_case, request.request_id)
    
            # Stage 2: Build Messages
            try:
                messages = self._build_messages(request, plan, qualified_ctx)
            except Exception as e:
                logger.error("gateway_step_failed:build_messages use_case=%s error=%s", use_case, e)
                raise
    
            # Stage 3: Call Provider
            try:
                provider_result = await self._call_provider(messages, plan, request)
            except Exception as e:
                logger.error("gateway_step_failed:call_provider use_case=%s error=%s", use_case, e)
                raise
    
            # Stage 4: Validate & Normalize
            try:
                validation = self._validate_and_normalize(provider_result.raw_output, plan, request)
                if validation.valid:
                    provider_result.structured_output = validation.parsed
            except Exception as e:
                logger.error("gateway_step_failed:validate_and_normalize use_case=%s error=%s", use_case, e)
                raise
    
            # Stage 5: Recovery (Repair/Fallback)
            try:
                if not validation.valid:
                    recovery = await self._handle_repair_or_fallback(validation, request, plan, provider_result, db=db)
                else:
>                   recovery = RecoveryResult(result=provider_result)
                               ^^^^^^^^^^^^^^^^^^^^^^^^^^^^^^^^^^^^^^
E                   pydantic_core._pydantic_core.ValidationError: 1 validation error for RecoveryResult
E                   result
E                     Input should be a valid dictionary or instance of GatewayResult [type=model_type, input_value=<MagicMock id='1491326677888'>, input_type=MagicMock]
E                       For further information visit https://errors.pydantic.dev/2.12/v/model_type

app\llm_orchestration\gateway.py:982: ValidationError
------------------------------ Captured log call ------------------------------
ERROR    app.llm_orchestration.gateway:gateway.py:984 gateway_step_failed:recovery use_case=natal error=1 validation error for RecoveryResult
result
  Input should be a valid dictionary or instance of GatewayResult [type=model_type, input_value=<MagicMock id='1491326677888'>, input_type=MagicMock]
    For further information visit https://errors.pydantic.dev/2.12/v/model_type
______________________ test_persona_override_authorized _______________________

db_session = <sqlalchemy.orm.session.Session object at 0x0000015B39FF27B0>
monkeypatch = <_pytest.monkeypatch.MonkeyPatch object at 0x0000015B3A602C80>

    @pytest.mark.asyncio
    async def test_persona_override_authorized(db_session, monkeypatch):
        """AC 5: Persona override authorized."""
        p1 = LlmPersonaModel(id=uuid.uuid4(), name="P1", enabled=True)
        p2 = LlmPersonaModel(id=uuid.uuid4(), name="P2", enabled=True)
        db_session.add_all([p1, p2])
        db_session.flush()
    
        use_case = LlmUseCaseConfigModel(
            key="natal",
            display_name="N",
            description="D",
            persona_strategy="required",
            allowed_persona_ids=[str(p1.id), str(p2.id)],
        )
        db_session.add(use_case)
        p = LlmPromptVersionModel(
            use_case_key="natal",
            status=PromptStatus.PUBLISHED,
            model="m",
            developer_prompt="P {{locale}}",
            created_by="a",
        )
        db_session.add(p)
        db_session.commit()
    
        mock_client = MagicMock()
        mock_client.execute = AsyncMock(return_value=MagicMock(meta=MagicMock()))
    
        gateway = LLMGateway(responses_client=mock_client)
    
        # Request p2 specifically
>       result = await gateway.execute(
            "natal",
            {},
            {"locale": "fr", "use_case": "natal", "persona_id": str(p2.id)},
            "r",
            "t",
            db=db_session,
        )

app\tests\unit\test_use_case_contract.py:141: 
_ _ _ _ _ _ _ _ _ _ _ _ _ _ _ _ _ _ _ _ _ _ _ _ _ _ _ _ _ _ _ _ _ _ _ _ _ _ _ _
app\llm_orchestration\gateway.py:580: in execute
    return await self.execute_request(request, db=db)
           ^^^^^^^^^^^^^^^^^^^^^^^^^^^^^^^^^^^^^^^^^^
_ _ _ _ _ _ _ _ _ _ _ _ _ _ _ _ _ _ _ _ _ _ _ _ _ _ _ _ _ _ _ _ _ _ _ _ _ _ _ _

self = <app.llm_orchestration.gateway.LLMGateway object at 0x0000015B3AE527B0>
request = LLMExecutionRequest(user_input=ExecutionUserInput(use_case='natal', locale='fr', message=None, question=None, situatio...ne, prompt_version_id_override=None, visited_use_cases=[]), overrides=None, user_id=None, request_id='r', trace_id='t')
db = <sqlalchemy.orm.session.Session object at 0x0000015B39FF27B0>

    async def execute_request(
        self, request: LLMExecutionRequest, db: Optional[Session] = None
    ) -> GatewayResult:
        """Canonical entry point for LLM orchestration using typed contracts."""
        start_time = time.perf_counter()
        use_case = request.user_input.use_case
        visited = request.flags.visited_use_cases
        is_repair_call = request.flags.is_repair_call
    
        try:
            if use_case in visited and not is_repair_call:
                raise GatewayError(f"Infinite fallback loop detected for use case '{use_case}'", details={"visited": visited})
    
            # Stage 1: Resolve Plan (Now includes QualifiedContext)
            try:
                plan, qualified_ctx = await self._resolve_plan(request, db)
            except Exception as e:
                logger.error("gateway_step_failed:resolve_plan use_case=%s error=%s", use_case, e)
                raise
    
            if not is_repair_call:
                logger.info("llm_gateway_start use_case=%s request_id=%s", use_case, request.request_id)
    
            # Stage 2: Build Messages
            try:
                messages = self._build_messages(request, plan, qualified_ctx)
            except Exception as e:
                logger.error("gateway_step_failed:build_messages use_case=%s error=%s", use_case, e)
                raise
    
            # Stage 3: Call Provider
            try:
                provider_result = await self._call_provider(messages, plan, request)
            except Exception as e:
                logger.error("gateway_step_failed:call_provider use_case=%s error=%s", use_case, e)
                raise
    
            # Stage 4: Validate & Normalize
            try:
                validation = self._validate_and_normalize(provider_result.raw_output, plan, request)
                if validation.valid:
                    provider_result.structured_output = validation.parsed
            except Exception as e:
                logger.error("gateway_step_failed:validate_and_normalize use_case=%s error=%s", use_case, e)
                raise
    
            # Stage 5: Recovery (Repair/Fallback)
            try:
                if not validation.valid:
                    recovery = await self._handle_repair_or_fallback(validation, request, plan, provider_result, db=db)
                else:
>                   recovery = RecoveryResult(result=provider_result)
                               ^^^^^^^^^^^^^^^^^^^^^^^^^^^^^^^^^^^^^^
E                   pydantic_core._pydantic_core.ValidationError: 1 validation error for RecoveryResult
E                   result
E                     Input should be a valid dictionary or instance of GatewayResult [type=model_type, input_value=<MagicMock id='1491326678224'>, input_type=MagicMock]
E                       For further information visit https://errors.pydantic.dev/2.12/v/model_type

app\llm_orchestration\gateway.py:982: ValidationError
------------------------------ Captured log call ------------------------------
ERROR    app.llm_orchestration.gateway:gateway.py:984 gateway_step_failed:recovery use_case=natal error=1 validation error for RecoveryResult
result
  Input should be a valid dictionary or instance of GatewayResult [type=model_type, input_value=<MagicMock id='1491326678224'>, input_type=MagicMock]
    For further information visit https://errors.pydantic.dev/2.12/v/model_type
________________________ test_input_validation_failure ________________________

self = <app.llm_orchestration.providers.responses_client.ResponsesClient object at 0x0000015B3A7EC550>
operation = 'responses_create'
func_factory = <function ResponsesClient.execute.<locals>.do_create at 0x0000015B3AA8A0C0>

    async def _execute_with_retry(
        self,
        operation: str,
        func_factory: Any,
        *,
        timeout_seconds: int,
    ) -> Any:
        """Reuse retry logic from OpenAIClient pattern."""
        max_retries = ai_engine_settings.max_retries
        base_delay_ms = ai_engine_settings.retry_base_delay_ms
        max_delay_ms = ai_engine_settings.retry_max_delay_ms
    
        last_error: Exception | None = None
        for attempt in range(max_retries + 1):
            try:
>               return await asyncio.wait_for(func_factory(), timeout=timeout_seconds)
                       ^^^^^^^^^^^^^^^^^^^^^^^^^^^^^^^^^^^^^^^^^^^^^^^^^^^^^^^^^^^^^^^

app\llm_orchestration\providers\responses_client.py:210: 
_ _ _ _ _ _ _ _ _ _ _ _ _ _ _ _ _ _ _ _ _ _ _ _ _ _ _ _ _ _ _ _ _ _ _ _ _ _ _ _
C:\Users\cyril\AppData\Local\Programs\Python\Python313\Lib\asyncio\tasks.py:507: in wait_for
    return await fut
           ^^^^^^^^^
app\llm_orchestration\providers\responses_client.py:148: in do_create
    return await client.responses.create(**params)
           ^^^^^^^^^^^^^^^^^^^^^^^^^^^^^^^^^^^^^^^
..\.venv\Lib\site-packages\openai\resources\responses\responses.py:2507: in create
    return await self._post(
..\.venv\Lib\site-packages\openai\_base_client.py:1884: in post
    return await self.request(cast_to, opts, stream=stream, stream_cls=stream_cls)
           ^^^^^^^^^^^^^^^^^^^^^^^^^^^^^^^^^^^^^^^^^^^^^^^^^^^^^^^^^^^^^^^^^^^^^^^
_ _ _ _ _ _ _ _ _ _ _ _ _ _ _ _ _ _ _ _ _ _ _ _ _ _ _ _ _ _ _ _ _ _ _ _ _ _ _ _

self = <openai.AsyncOpenAI object at 0x0000015B3AAD2210>
cast_to = <class 'openai.types.responses.response.Response'>
options = FinalRequestOptions(method='post', url='/responses', params={}, headers={'x-request-id': 'r', 'x-trace-id': 't', 'x-us...son_schema', 'name': 'chat', 'schema': {'type': 'object', 'required': ['message']}, 'strict': True}}}, extra_json=None)

    async def request(
        self,
        cast_to: Type[ResponseT],
        options: FinalRequestOptions,
        *,
        stream: bool = False,
        stream_cls: type[_AsyncStreamT] | None = None,
    ) -> ResponseT | _AsyncStreamT:
        if self._platform is None:
            # `get_platform` can make blocking IO calls so we
            # execute it earlier while we are in an async context
            self._platform = await asyncify(get_platform)()
    
        cast_to = self._maybe_override_cast_to(cast_to, options)
    
        # create a copy of the options we were given so that if the
        # options are mutated later & we then retry, the retries are
        # given the original options
        input_options = model_copy(options)
        if input_options.idempotency_key is None and input_options.method.lower() != "get":
            # ensure the idempotency key is reused between requests
            input_options.idempotency_key = self._idempotency_key()
    
        response: httpx.Response | None = None
        max_retries = input_options.get_max_retries(self.max_retries)
    
        retries_taken = 0
        for retries_taken in range(max_retries + 1):
            options = model_copy(input_options)
            options = await self._prepare_options(options)
    
            remaining_retries = max_retries - retries_taken
            request = self._build_request(options, retries_taken=retries_taken)
            await self._prepare_request(request)
    
            kwargs: HttpxSendArgs = {}
            if self.custom_auth is not None:
                kwargs["auth"] = self.custom_auth
    
            if options.follow_redirects is not None:
                kwargs["follow_redirects"] = options.follow_redirects
    
            log.debug("Sending HTTP Request: %s %s", request.method, request.url)
    
            response = None
            try:
                response = await self._client.send(
                    request,
                    stream=stream or self._should_stream_response_body(request=request),
                    **kwargs,
                )
            except httpx.TimeoutException as err:
                log.debug("Encountered httpx.TimeoutException", exc_info=True)
    
                if remaining_retries > 0:
                    await self._sleep_for_retry(
                        retries_taken=retries_taken,
                        max_retries=max_retries,
                        options=input_options,
                        response=None,
                    )
                    continue
    
                log.debug("Raising timeout error")
                raise APITimeoutError(request=request) from err
            except Exception as err:
                log.debug("Encountered Exception", exc_info=True)
    
                if remaining_retries > 0:
                    await self._sleep_for_retry(
                        retries_taken=retries_taken,
                        max_retries=max_retries,
                        options=input_options,
                        response=None,
                    )
                    continue
    
                log.debug("Raising connection error")
                raise APIConnectionError(request=request) from err
    
            log.debug(
                'HTTP Response: %s %s "%i %s" %s',
                request.method,
                request.url,
                response.status_code,
                response.reason_phrase,
                response.headers,
            )
            log.debug("request_id: %s", response.headers.get("x-request-id"))
    
            try:
                response.raise_for_status()
            except httpx.HTTPStatusError as err:  # thrown on 4xx and 5xx status code
                log.debug("Encountered httpx.HTTPStatusError", exc_info=True)
    
                if remaining_retries > 0 and self._should_retry(err.response):
                    await err.response.aclose()
                    await self._sleep_for_retry(
                        retries_taken=retries_taken,
                        max_retries=max_retries,
                        options=input_options,
                        response=response,
                    )
                    continue
    
                # If the response is streamed then we need to explicitly read the response
                # to completion before attempting to access the response text.
                if not err.response.is_closed:
                    await err.response.aread()
    
                log.debug("Re-raising status error")
>               raise self._make_status_error_from_response(err.response) from None
E               openai.BadRequestError: Error code: 400 - {'error': {'message': "Invalid schema for response_format 'chat': In context=(), 'additionalProperties' is required to be supplied and to be false.", 'type': 'invalid_request_error', 'param': 'text.format.schema', 'code': 'invalid_json_schema'}}

..\.venv\Lib\site-packages\openai\_base_client.py:1669: BadRequestError

The above exception was the direct cause of the following exception:

db_session = <sqlalchemy.orm.session.Session object at 0x0000015B39FF1D30>
monkeypatch = <_pytest.monkeypatch.MonkeyPatch object at 0x0000015B3AA23D90>

    @pytest.mark.asyncio
    async def test_input_validation_failure(db_session, monkeypatch):
        """AC 8: Input validation failure returns GatewayError (InputValidationError expected)."""
        schema = {
            "type": "object",
            "required": ["message"],
            "properties": {"message": {"type": "string", "minLength": 5}},
        }
        use_case = LlmUseCaseConfigModel(
            key="chat", display_name="C", description="D", input_schema=schema
        )
        db_session.add(use_case)
        p = LlmPromptVersionModel(
            use_case_key="chat",
            status=PromptStatus.PUBLISHED,
            model="m",
            developer_prompt="P {{locale}}",
            created_by="a",
        )
        db_session.add(p)
        db_session.commit()
    
        gateway = LLMGateway()
    
        # Invalid input (too short)
        with pytest.raises(GatewayError) as exc:
>           await gateway.execute(
                "chat", {"message": "hi"}, {"locale": "fr", "use_case": "chat"}, "r", "t", db=db_session
            )

app\tests\unit\test_use_case_contract.py:197: 
_ _ _ _ _ _ _ _ _ _ _ _ _ _ _ _ _ _ _ _ _ _ _ _ _ _ _ _ _ _ _ _ _ _ _ _ _ _ _ _
app\llm_orchestration\gateway.py:580: in execute
    return await self.execute_request(request, db=db)
           ^^^^^^^^^^^^^^^^^^^^^^^^^^^^^^^^^^^^^^^^^^
app\llm_orchestration\gateway.py:963: in execute_request
    provider_result = await self._call_provider(messages, plan, request)
                      ^^^^^^^^^^^^^^^^^^^^^^^^^^^^^^^^^^^^^^^^^^^^^^^^^^
app\llm_orchestration\gateway.py:762: in _call_provider
    return await self.client.execute(
app\llm_orchestration\providers\responses_client.py:156: in execute
    raise err
app\llm_orchestration\providers\responses_client.py:151: in execute
    response = await self._execute_with_retry(
_ _ _ _ _ _ _ _ _ _ _ _ _ _ _ _ _ _ _ _ _ _ _ _ _ _ _ _ _ _ _ _ _ _ _ _ _ _ _ _

self = <app.llm_orchestration.providers.responses_client.ResponsesClient object at 0x0000015B3A7EC550>
operation = 'responses_create'
func_factory = <function ResponsesClient.execute.<locals>.do_create at 0x0000015B3AA8A0C0>

    async def _execute_with_retry(
        self,
        operation: str,
        func_factory: Any,
        *,
        timeout_seconds: int,
    ) -> Any:
        """Reuse retry logic from OpenAIClient pattern."""
        max_retries = ai_engine_settings.max_retries
        base_delay_ms = ai_engine_settings.retry_base_delay_ms
        max_delay_ms = ai_engine_settings.retry_max_delay_ms
    
        last_error: Exception | None = None
        for attempt in range(max_retries + 1):
            try:
                return await asyncio.wait_for(func_factory(), timeout=timeout_seconds)
            except asyncio.TimeoutError as err:
                logger.warning(
                    "responses_timeout operation=%s attempt=%d timeout=%ds",
                    operation,
                    attempt + 1,
                    timeout_seconds,
                )
                last_error = err
            except Exception as err:
                # Handle OpenAI SDK-specific exceptions (non-retryable)
                if isinstance(err, RateLimitError):
                    raise UpstreamRateLimitError() from err
                if isinstance(err, APITimeoutError):
                    raise UpstreamTimeoutError(timeout_seconds) from err
                if isinstance(err, APIConnectionError):
                    raise UpstreamError(
                        f"Connection error: {str(err)}",
                        details={"kind": "connection_error"},
                    ) from err
    
                logger.warning(
                    "responses_error operation=%s attempt=%d error=%s",
                    operation,
                    attempt + 1,
                    str(err),
                )
                last_error = err
    
            if attempt < max_retries:
                delay_ms = min(base_delay_ms * (2**attempt), max_delay_ms)
                jitter_ms = random.randint(0, delay_ms // 4)
                await asyncio.sleep((delay_ms + jitter_ms) / 1000.0)
    
        if isinstance(last_error, asyncio.TimeoutError):
            raise UpstreamTimeoutError(timeout_seconds) from last_error
>       raise UpstreamError(
            f"responses {operation} failed after {max_retries + 1} attempts",
            details={"error": str(last_error)},
        ) from last_error
E       app.ai_engine.exceptions.UpstreamError: responses responses_create failed after 3 attempts

app\llm_orchestration\providers\responses_client.py:246: UpstreamError
------------------------------ Captured log call ------------------------------
WARNING  app.llm_orchestration.providers.responses_client:responses_client.py:231 responses_error operation=responses_create attempt=1 error=Error code: 400 - {'error': {'message': "Invalid schema for response_format 'chat': In context=(), 'additionalProperties' is required to be supplied and to be false.", 'type': 'invalid_request_error', 'param': 'text.format.schema', 'code': 'invalid_json_schema'}}
WARNING  app.llm_orchestration.providers.responses_client:responses_client.py:231 responses_error operation=responses_create attempt=2 error=Error code: 400 - {'error': {'message': "Invalid schema for response_format 'chat': In context=(), 'additionalProperties' is required to be supplied and to be false.", 'type': 'invalid_request_error', 'param': 'text.format.schema', 'code': 'invalid_json_schema'}}
WARNING  app.llm_orchestration.providers.responses_client:responses_client.py:231 responses_error operation=responses_create attempt=3 error=Error code: 400 - {'error': {'message': "Invalid schema for response_format 'chat': In context=(), 'additionalProperties' is required to be supplied and to be false.", 'type': 'invalid_request_error', 'param': 'text.format.schema', 'code': 'invalid_json_schema'}}
ERROR    app.llm_orchestration.gateway:gateway.py:965 gateway_step_failed:call_provider use_case=chat error=responses responses_create failed after 3 attempts
________________________ test_gateway_repair_sequence _________________________

db_session = <sqlalchemy.orm.session.Session object at 0x0000015B398CBA10>
monkeypatch = <_pytest.monkeypatch.MonkeyPatch object at 0x0000015B7DD79470>

    @pytest.mark.asyncio
    async def test_gateway_repair_sequence(db_session, monkeypatch):
        # 1. Setup DB
        schema_dict = {
            "type": "object",
            "required": ["message"],
            "properties": {"message": {"type": "string"}},
        }
        output_schema = LlmOutputSchemaModel(name="test_schema", json_schema=schema_dict)
        db_session.add(output_schema)
        db_session.flush()
    
        use_case = LlmUseCaseConfigModel(
            key="test_repair",
            display_name="Test",
            description="Test",
            output_schema_id=str(output_schema.id),
        )
        db_session.add(use_case)
    
        prompt = LlmPromptVersionModel(
            use_case_key="test_repair",
            status=PromptStatus.PUBLISHED,
            developer_prompt="Hello {{locale}}",
            model="gpt-4o-mini",
            created_by="admin",
        )
        db_session.add(prompt)
        db_session.commit()
    
        # 3. Mock ResponsesClient to fail once then succeed
        mock_client = MagicMock()
    
        # First response: invalid JSON
        res1 = MagicMock()
        res1.raw_output = "INVALID JSON"
        res1.usage = MagicMock()
        res1.meta = MagicMock()
        res1.meta.latency_ms = 100
    
        # Second response: valid JSON (repair success)
        res2 = MagicMock()
        res2.raw_output = '{"message": "fixed"}'
        res2.usage = MagicMock()
        res2.meta = MagicMock()
        res2.meta.latency_ms = 100
    
        mock_client.execute = AsyncMock(side_effect=[res1, res2])
    
        gateway = LLMGateway(responses_client=mock_client)
    
        # 4. Execute
>       result = await gateway.execute(
            use_case="test_repair",
            user_input={},
            context={"locale": "fr", "use_case": "test_repair"},
            request_id="req-repair",
            trace_id="trace-repair",
            user_id=1,
            db=db_session,
        )

app\tests\unit\test_validation_sequence.py:78: 
_ _ _ _ _ _ _ _ _ _ _ _ _ _ _ _ _ _ _ _ _ _ _ _ _ _ _ _ _ _ _ _ _ _ _ _ _ _ _ _
app\llm_orchestration\gateway.py:580: in execute
    return await self.execute_request(request, db=db)
           ^^^^^^^^^^^^^^^^^^^^^^^^^^^^^^^^^^^^^^^^^^
app\llm_orchestration\gateway.py:980: in execute_request
    recovery = await self._handle_repair_or_fallback(validation, request, plan, provider_result, db=db)
               ^^^^^^^^^^^^^^^^^^^^^^^^^^^^^^^^^^^^^^^^^^^^^^^^^^^^^^^^^^^^^^^^^^^^^^^^^^^^^^^^^^^^^^^^
_ _ _ _ _ _ _ _ _ _ _ _ _ _ _ _ _ _ _ _ _ _ _ _ _ _ _ _ _ _ _ _ _ _ _ _ _ _ _ _

self = <app.llm_orchestration.gateway.LLMGateway object at 0x0000015B3C3405D0>
validation_result = ValidationResult(valid=False, parsed=None, errors=['JSON syntax error: Expecting value: line 1 column 1 (char 0)'], warnings=[], error_category='parse_error', normalizations_applied=[])
request = LLMExecutionRequest(user_input=ExecutionUserInput(use_case='test_repair', locale='fr', message=None, question=None, si...n_id_override=None, visited_use_cases=[]), overrides=None, user_id=1, request_id='req-repair', trace_id='trace-repair')
plan = ResolvedExecutionPlan(model_id='gpt-4o-mini', model_source='config', rendered_developer_prompt='Hello fr', system_core...e'], 'properties': {'message': {'type': 'string'}}}), reasoning_effort=None, verbosity=None, context_quality='unknown')
provider_result = <MagicMock id='1491326676880'>
db = <sqlalchemy.orm.session.Session object at 0x0000015B398CBA10>

    async def _handle_repair_or_fallback(
        self,
        validation_result: ValidationResult,
        request: LLMExecutionRequest,
        plan: ResolvedExecutionPlan,
        provider_result: GatewayResult,
        db: Optional[Session] = None,
    ) -> RecoveryResult:
        """Stage 5: Orchestrates repair calls or use case fallbacks on validation failure."""
        use_case = request.user_input.use_case
        is_repair_call = request.flags.is_repair_call
    
        if not validation_result.valid and not is_repair_call:
            logger.warning("gateway_step:repair_invoked use_case=%s errors=%s", use_case, validation_result.errors)
            increment_counter(
                "llm_repair_invoked_total",
                labels={"use_case": use_case, "schema_version": plan.output_schema_version},
            )
            if use_case.startswith("natal"):
                increment_counter(
                    "natal_repair_total",
                    labels={"use_case": use_case, "schema_version": plan.output_schema_version},
                )
    
            repair_prompt = build_repair_prompt(provider_result.raw_output, validation_result.errors, plan.output_schema)
            repair_request = request.model_copy(deep=True)
            repair_request.flags.is_repair_call = True
            repair_request.flags.visited_use_cases = request.flags.visited_use_cases + [use_case]
            repair_request.context.extra_context["user_data_block"] = repair_prompt
    
            try:
                repair_result = await self.execute_request(repair_request, db=db)
                return RecoveryResult(result=repair_result, repair_attempts=1, fallback_reason=None)
            except Exception as e:
                logger.warning("gateway_repair_failed use_case=%s error=%s", use_case, str(e))
    
        context_dict = request.context.model_dump()
        extra = context_dict.pop("extra_context", {})
        context_dict.update(extra)
        config = await self._resolve_config(db, use_case, context_dict)
    
        if not validation_result.valid and config.fallback_use_case:
            logger.warning("gateway_step:fallback_invoked use_case=%s fallback=%s", use_case, config.fallback_use_case)
            increment_counter(
                "llm_fallback_invoked_total",
                labels={"use_case": use_case, "schema_version": plan.output_schema_version},
            )
            fallback_request = request.model_copy(deep=True)
            fallback_request.user_input.use_case = config.fallback_use_case
            fallback_request.flags.visited_use_cases = request.flags.visited_use_cases + [use_case]
            fallback_request.request_id = f"{request.request_id}-fallback"
    
            fallback_result = await self.execute_request(fallback_request, db=db)
            return RecoveryResult(
                result=fallback_result,
                repair_attempts=0,
                fallback_reason=str(validation_result.errors[0]) if validation_result.errors else "validation_failed"
            )
    
        if not validation_result.valid:
            if is_repair_call and use_case.startswith("natal"):
                increment_counter(
                    "natal_repair_fail_total",
                    labels={"use_case": use_case, "schema_version": plan.output_schema_version},
                )
>           raise OutputValidationError(f"Output validation failed for '{use_case}'", details={"errors": validation_result.errors})
E           app.llm_orchestration.models.OutputValidationError: Output validation failed for 'test_repair'

app\llm_orchestration\gateway.py:865: OutputValidationError
------------------------------ Captured log call ------------------------------
WARNING  app.llm_orchestration.gateway:gateway.py:610 gateway_common_context_failed use_case=test_repair error=birth profile not found
WARNING  app.llm_orchestration.gateway:gateway.py:813 gateway_step:repair_invoked use_case=test_repair errors=['JSON syntax error: Expecting value: line 1 column 1 (char 0)']
WARNING  app.llm_orchestration.gateway:gateway.py:610 gateway_common_context_failed use_case=test_repair error=birth profile not found
ERROR    app.llm_orchestration.gateway:gateway.py:984 gateway_step_failed:recovery use_case=test_repair error=1 validation error for RecoveryResult
result
  Input should be a valid dictionary or instance of GatewayResult [type=model_type, input_value=<MagicMock id='1491326674864'>, input_type=MagicMock]
    For further information visit https://errors.pydantic.dev/2.12/v/model_type
WARNING  app.llm_orchestration.gateway:gateway.py:834 gateway_repair_failed use_case=test_repair error=1 validation error for RecoveryResult
result
  Input should be a valid dictionary or instance of GatewayResult [type=model_type, input_value=<MagicMock id='1491326674864'>, input_type=MagicMock]
    For further information visit https://errors.pydantic.dev/2.12/v/model_type
ERROR    app.llm_orchestration.gateway:gateway.py:984 gateway_step_failed:recovery use_case=test_repair error=Output validation failed for 'test_repair'
_______________________ test_gateway_fallback_sequence ________________________

self = <AsyncMock name='mock.execute' id='1491326668144'>, args = ()
kwargs = {'max_output_tokens': 2048, 'messages': [{'content': 'Tu es un assistant dÆinterprÚtation astrologique. Ne crÚe jamais...role': 'developer'}, {'content': 'Technical Data: None', 'role': 'user'}], 'model': 'm', 'reasoning_effort': None, ...}
_call = call(messages=[{'role': 'system', 'content': 'Tu es un assistant dÆinterprÚtation astrologique. Ne crÚe jamais de plac...lback', trace_id='trace-fallback', use_case='fallback_uc', reasoning_effort=None, verbosity=None, response_format=None)
effect = <list_iterator object at 0x0000015B37EB2530>

    async def _execute_mock_call(self, /, *args, **kwargs):
        # This is nearly just like super(), except for special handling
        # of coroutines
    
        _call = _Call((args, kwargs), two=True)
        self.await_count += 1
        self.await_args = _call
        self.await_args_list.append(_call)
    
        effect = self.side_effect
        if effect is not None:
            if _is_exception(effect):
                raise effect
            elif not _callable(effect):
                try:
>                   result = next(effect)
                             ^^^^^^^^^^^^
E                   StopIteration

C:\Users\cyril\AppData\Local\Programs\Python\Python313\Lib\unittest\mock.py:2324: StopIteration

During handling of the above exception, another exception occurred:

db_session = <sqlalchemy.orm.session.Session object at 0x0000015B39FF38C0>
monkeypatch = <_pytest.monkeypatch.MonkeyPatch object at 0x0000015B399135B0>

    @pytest.mark.asyncio
    async def test_gateway_fallback_sequence(db_session, monkeypatch):
        # 1. Setup DB
        schema_dict = {"type": "object", "required": ["msg"]}
        output_schema = LlmOutputSchemaModel(name="test_schema", json_schema=schema_dict)
        db_session.add(output_schema)
        db_session.flush()
    
        # Primary use case with fallback
        use_case = LlmUseCaseConfigModel(
            key="primary",
            display_name="Primary",
            description="Test",
            output_schema_id=str(output_schema.id),
            fallback_use_case_key="fallback_uc",
        )
        # Fallback use case (no schema)
        fallback_uc = LlmUseCaseConfigModel(
            key="fallback_uc", display_name="Fallback", description="Test"
        )
        db_session.add_all([use_case, fallback_uc])
    
        p1 = LlmPromptVersionModel(
            use_case_key="primary",
            status=PromptStatus.PUBLISHED,
            model="m",
            developer_prompt="P {{locale}}",
            created_by="a",
        )
        p2 = LlmPromptVersionModel(
            use_case_key="fallback_uc",
            status=PromptStatus.PUBLISHED,
            model="m",
            developer_prompt="F {{locale}}",
            created_by="a",
        )
        db_session.add_all([p1, p2])
        db_session.commit()
    
        # 3. Mock ResponsesClient to always fail primary, then succeed fallback
        mock_client = MagicMock()
    
        # Responses for primary (call + repair)
        res_fail = MagicMock()
        res_fail.raw_output = "FAIL"
        res_fail.usage = MagicMock()
        res_fail.meta = MagicMock()
    
        # Response for fallback
        res_fallback = MagicMock()
        res_fallback.raw_output = "Fallback Success"
        res_fallback.usage = MagicMock()
        res_fallback.meta = MagicMock()
    
        mock_client.execute = AsyncMock(side_effect=[res_fail, res_fail, res_fallback])
    
        gateway = LLMGateway(responses_client=mock_client)
    
        # 4. Execute
>       result = await gateway.execute(
            use_case="primary",
            user_input={},
            context={"locale": "fr", "use_case": "primary"},
            request_id="req-fallback",
            trace_id="trace-fallback",
            user_id=1,
            db=db_session,
        )

app\tests\unit\test_validation_sequence.py:153: 
_ _ _ _ _ _ _ _ _ _ _ _ _ _ _ _ _ _ _ _ _ _ _ _ _ _ _ _ _ _ _ _ _ _ _ _ _ _ _ _
app\llm_orchestration\gateway.py:580: in execute
    return await self.execute_request(request, db=db)
           ^^^^^^^^^^^^^^^^^^^^^^^^^^^^^^^^^^^^^^^^^^
app\llm_orchestration\gateway.py:980: in execute_request
    recovery = await self._handle_repair_or_fallback(validation, request, plan, provider_result, db=db)
               ^^^^^^^^^^^^^^^^^^^^^^^^^^^^^^^^^^^^^^^^^^^^^^^^^^^^^^^^^^^^^^^^^^^^^^^^^^^^^^^^^^^^^^^^
app\llm_orchestration\gateway.py:852: in _handle_repair_or_fallback
    fallback_result = await self.execute_request(fallback_request, db=db)
                      ^^^^^^^^^^^^^^^^^^^^^^^^^^^^^^^^^^^^^^^^^^^^^^^^^^^
app\llm_orchestration\gateway.py:963: in execute_request
    provider_result = await self._call_provider(messages, plan, request)
                      ^^^^^^^^^^^^^^^^^^^^^^^^^^^^^^^^^^^^^^^^^^^^^^^^^^
app\llm_orchestration\gateway.py:762: in _call_provider
    return await self.client.execute(
_ _ _ _ _ _ _ _ _ _ _ _ _ _ _ _ _ _ _ _ _ _ _ _ _ _ _ _ _ _ _ _ _ _ _ _ _ _ _ _

self = <AsyncMock name='mock.execute' id='1491326668144'>, args = ()
kwargs = {'max_output_tokens': 2048, 'messages': [{'content': 'Tu es un assistant dÆinterprÚtation astrologique. Ne crÚe jamais...role': 'developer'}, {'content': 'Technical Data: None', 'role': 'user'}], 'model': 'm', 'reasoning_effort': None, ...}
_call = call(messages=[{'role': 'system', 'content': 'Tu es un assistant dÆinterprÚtation astrologique. Ne crÚe jamais de plac...lback', trace_id='trace-fallback', use_case='fallback_uc', reasoning_effort=None, verbosity=None, response_format=None)
effect = <list_iterator object at 0x0000015B37EB2530>

    async def _execute_mock_call(self, /, *args, **kwargs):
        # This is nearly just like super(), except for special handling
        # of coroutines
    
        _call = _Call((args, kwargs), two=True)
        self.await_count += 1
        self.await_args = _call
        self.await_args_list.append(_call)
    
        effect = self.side_effect
        if effect is not None:
            if _is_exception(effect):
                raise effect
            elif not _callable(effect):
                try:
                    result = next(effect)
                except StopIteration:
                    # It is impossible to propagate a StopIteration
                    # through coroutines because of PEP 479
>                   raise StopAsyncIteration
E                   StopAsyncIteration

C:\Users\cyril\AppData\Local\Programs\Python\Python313\Lib\unittest\mock.py:2328: StopAsyncIteration
------------------------------ Captured log call ------------------------------
WARNING  app.llm_orchestration.gateway:gateway.py:610 gateway_common_context_failed use_case=primary error=birth profile not found
WARNING  app.llm_orchestration.gateway:gateway.py:813 gateway_step:repair_invoked use_case=primary errors=['JSON syntax error: Expecting value: line 1 column 1 (char 0)']
WARNING  app.llm_orchestration.gateway:gateway.py:610 gateway_common_context_failed use_case=primary error=birth profile not found
WARNING  app.llm_orchestration.gateway:gateway.py:842 gateway_step:fallback_invoked use_case=primary fallback=fallback_uc
WARNING  app.llm_orchestration.gateway:gateway.py:610 gateway_common_context_failed use_case=fallback_uc error=birth profile not found
ERROR    app.llm_orchestration.gateway:gateway.py:984 gateway_step_failed:recovery use_case=fallback_uc error=1 validation error for RecoveryResult
result
  Input should be a valid dictionary or instance of GatewayResult [type=model_type, input_value=<MagicMock id='1491326670496'>, input_type=MagicMock]
    For further information visit https://errors.pydantic.dev/2.12/v/model_type
ERROR    app.llm_orchestration.gateway:gateway.py:984 gateway_step_failed:recovery use_case=primary error=1 validation error for RecoveryResult
result
  Input should be a valid dictionary or instance of GatewayResult [type=model_type, input_value=<MagicMock id='1491326670496'>, input_type=MagicMock]
    For further information visit https://errors.pydantic.dev/2.12/v/model_type
WARNING  app.llm_orchestration.gateway:gateway.py:834 gateway_repair_failed use_case=primary error=1 validation error for RecoveryResult
result
  Input should be a valid dictionary or instance of GatewayResult [type=model_type, input_value=<MagicMock id='1491326670496'>, input_type=MagicMock]
    For further information visit https://errors.pydantic.dev/2.12/v/model_type
WARNING  app.llm_orchestration.gateway:gateway.py:842 gateway_step:fallback_invoked use_case=primary fallback=fallback_uc
WARNING  app.llm_orchestration.gateway:gateway.py:610 gateway_common_context_failed use_case=fallback_uc error=birth profile not found
ERROR    app.llm_orchestration.gateway:gateway.py:965 gateway_step_failed:call_provider use_case=fallback_uc error=
ERROR    app.llm_orchestration.gateway:gateway.py:984 gateway_step_failed:recovery use_case=primary error=
=========================== short test summary info ===========================
FAILED app/tests/integration/test_gateway_gpt5_params.py::test_gateway_transmits_gpt5_params_from_db
FAILED app/tests/integration/test_gateway_gpt5_params.py::test_gateway_does_not_pass_reasoning_for_gpt4o
FAILED app/tests/integration/test_guidance_api.py::test_guidance_success_daily_and_weekly
FAILED app/tests/integration/test_natal_free_short_variant.py::test_interpret_natal_chart_free_user_gets_free_short_variant
FAILED app/tests/integration/test_natal_interpretation_endpoint.py::TestNatalInterpretationEndpointV2::test_short_success
FAILED app/tests/integration/test_natal_interpretation_endpoint.py::TestNatalInterpretationEndpointV2::test_complete_success
FAILED app/tests/integration/test_natal_interpretation_endpoint.py::TestNatalInterpretationEndpointV2::test_complete_persona_missing
FAILED app/tests/integration/test_natal_interpretation_endpoint.py::TestNatalInterpretationEndpointV2::test_gateway_config_error
FAILED app/tests/integration/test_natal_interpretation_endpoint.py::TestNatalInterpretationEndpointV2::test_unknown_use_case
FAILED app/tests/integration/test_natal_interpretation_endpoint.py::TestNatalInterpretationEndpointV2::test_upstream_timeout
FAILED app/tests/unit/test_ai_engine_adapter.py::test_generate_chat_reply_v2_omits_none_conversation_id
FAILED app/tests/unit/test_ai_engine_adapter.py::test_generate_chat_reply_v2_converts_conversation_id_to_string
FAILED app/tests/unit/test_ai_engine_adapter.py::test_generate_chat_reply_opening_turn_builds_minimal_user_data_block
FAILED app/tests/unit/test_common_context.py::test_build_common_context_with_interpretation
FAILED app/tests/unit/test_common_context.py::test_build_common_context_without_interpretation
FAILED app/tests/unit/test_gateway_behavioral.py::test_check_4_repair_limit_and_anti_loop
FAILED app/tests/unit/test_gateway_behavioral.py::test_check_2_fail_fast_missing_vars
FAILED app/tests/unit/test_gateway_modes.py::test_structured_mode_no_question
FAILED app/tests/unit/test_gateway_modes.py::test_structured_mode_optional_question
FAILED app/tests/unit/test_gateway_modes.py::test_chat_mode_with_history - As...
FAILED app/tests/unit/test_gateway_modes.py::test_schema_name_in_payload - As...
FAILED app/tests/unit/test_gateway_modes.py::test_catalog_schema_is_used_for_free_natal_fallback
FAILED app/tests/unit/test_natal_interpretation_service_v2.py::TestNatalInterpretationServiceV2UserInput::test_complete_level_does_not_include_question
FAILED app/tests/unit/test_natal_interpretation_service_v2.py::TestNatalInterpretationServiceV2UserInput::test_short_level_includes_question
FAILED app/tests/unit/test_natal_interpretation_service_v2.py::TestNatalInterpretationServiceV2UserInput::test_short_level_default_question_when_none
FAILED app/tests/unit/test_natal_interpretation_service_v2.py::TestNatalInterpretationServiceV2SchemaVersion::test_complete_level_sets_v2
FAILED app/tests/unit/test_natal_interpretation_service_v2.py::TestNatalInterpretationServiceV2SchemaVersion::test_short_level_sets_v1
FAILED app/tests/unit/test_natal_interpretation_service_v2.py::TestNatalInterpretationServiceV2Modules::test_complete_module_bypasses_persistence_and_injects_module_context
FAILED app/tests/unit/test_natal_interpretation_service_v2.py::TestNatalInterpretationServiceV2FreeShort::test_free_short_does_not_crash_on_non_uuid_prompt_version_id
FAILED app/tests/unit/test_natal_interpretation_service_v2.py::TestNatalInterpretationServiceV2FreeShort::test_free_short_updates_existing_row_instead_of_inserting_duplicate
FAILED app/tests/unit/test_natal_interpretation_service_v2.py::TestNatalInterpretationServiceV2FreeShort::test_free_short_records_token_usage_without_quota_consumption
FAILED app/tests/unit/test_natal_interpretation_service_v2.py::TestNatalInterpretationServiceV2EmptyComplete::test_complete_empty_payload_raises_runtime_error
FAILED app/tests/unit/test_output_validator.py::test_validate_output_evidence_aliases_strict_mode
FAILED app/tests/unit/test_persona_injection.py::test_persona_injection_success
FAILED app/tests/unit/test_persona_injection.py::test_persona_injection_disabled
FAILED app/tests/unit/test_use_case_contract.py::test_persona_strategy_forbidden
FAILED app/tests/unit/test_use_case_contract.py::test_persona_override_rejected
FAILED app/tests/unit/test_use_case_contract.py::test_persona_override_authorized
FAILED app/tests/unit/test_use_case_contract.py::test_input_validation_failure
FAILED app/tests/unit/test_validation_sequence.py::test_gateway_repair_sequence
FAILED app/tests/unit/test_validation_sequence.py::test_gateway_fallback_sequence
41 failed, 65 deselected in 25.22s
