============================= test session starts =============================
platform win32 -- Python 3.13.7, pytest-9.0.2, pluggy-1.6.0
rootdir: C:\dev\horoscope_front\backend
configfile: pyproject.toml
testpaths: app/tests, app/ai_engine/tests
plugins: anyio-4.12.1, asyncio-1.3.0
asyncio: mode=Mode.AUTO, debug=False, asyncio_default_fixture_loop_scope=None, asyncio_default_test_loop_scope=function
collected 72 items / 69 deselected / 3 selected
run-last-failure: rerun previous 3 failures (skipped 278 files)

app\tests\integration\test_ops_monitoring_api.py F                       [ 33%]
app\tests\integration\test_secret_rotation_critical_flows.py FF          [100%]

================================== FAILURES ===================================
____ test_ops_monitoring_persona_kpis_reflect_live_chat_and_guidance_flows ____
app\tests\integration\test_ops_monitoring_api.py:389: in test_ops_monitoring_persona_kpis_reflect_live_chat_and_guidance_flows
    assert persona["messages_total"] >= 2
E   assert 1 >= 2
------------------------------ Captured log call ------------------------------
WARNING  app.llm_orchestration.gateway:gateway.py:359 gateway_fallback_to_stub use_case=chat_astrologer
WARNING  app.prompts.common_context:common_context.py:132 common_context_no_natal_data user_id=2
WARNING  app.llm_orchestration.gateway:gateway.py:682 gateway_common_context_failed use_case=chat_astrologer error=1 validation error for PromptCommonContext
  Value error, Either natal_interpretation or natal_data must be provided [type=value_error, input_value={'natal_interpretation': ...key': 'chat_astrologer'}, input_type=dict]
    For further information visit https://errors.pydantic.dev/2.12/v/value_error
WARNING  app.services.astro_context_builder:astro_context_builder.py:211 astro_context_build_failed user_id=2 error=[location_missing] Localisation introuvable
WARNING  app.llm_orchestration.gateway:gateway.py:359 gateway_fallback_to_stub use_case=guidance_daily
WARNING  app.prompts.common_context:common_context.py:132 common_context_no_natal_data user_id=2
WARNING  app.llm_orchestration.gateway:gateway.py:682 gateway_common_context_failed use_case=guidance_daily error=1 validation error for PromptCommonContext
  Value error, Either natal_interpretation or natal_data must be provided [type=value_error, input_value={'natal_interpretation': ..._key': 'guidance_daily'}, input_type=dict]
    For further information visit https://errors.pydantic.dev/2.12/v/value_error
_________ test_secret_rotation_keeps_auth_billing_chat_and_b2b_alive __________
app\tests\integration\test_secret_rotation_critical_flows.py:343: in test_secret_rotation_keeps_auth_billing_chat_and_b2b_alive
    tokens_before, b2b_api_key = _run_pre_rotation_journey(client, run_id)
                                 ^^^^^^^^^^^^^^^^^^^^^^^^^^^^^^^^^^^^^^^^^
app\tests\integration\test_secret_rotation_critical_flows.py:280: in _run_pre_rotation_journey
    assert chat_first.status_code == 200
E   assert 422 == 200
E    +  where 422 = <Response [422 Unprocessable Entity]>.status_code
---------------------------- Captured stdout call -----------------------------
Creating template: period
Creating template: career
Creating template: orientation
Creating template: relationship
Creating template: timing
Seed completed successfully.
------------------------------ Captured log call ------------------------------
WARNING  app.main:main.py:189 llm_registry_auto_heal use_cases=0 prompts=0 active_short=False enabled_personas=1 persona_lock=False placeholder_drift=True degraded=True
WARNING  scripts.seed_30_8_v3_prompts:seed_30_8_v3_prompts.py:434 Lint warnings for natal_interpretation: ['Prompt is quite long (> 4,000 characters).']
WARNING  scripts.seed_30_8_v3_prompts:seed_30_8_v3_prompts.py:434 Lint warnings for natal_psy_profile: ['Prompt is quite long (> 4,000 characters).']
WARNING  scripts.seed_30_8_v3_prompts:seed_30_8_v3_prompts.py:434 Lint warnings for natal_shadow_integration: ['Prompt is quite long (> 4,000 characters).']
WARNING  scripts.seed_30_8_v3_prompts:seed_30_8_v3_prompts.py:434 Lint warnings for natal_leadership_workstyle: ['Prompt is quite long (> 4,000 characters).']
WARNING  scripts.seed_30_8_v3_prompts:seed_30_8_v3_prompts.py:434 Lint warnings for natal_creativity_joy: ['Prompt is quite long (> 4,000 characters).']
WARNING  scripts.seed_30_8_v3_prompts:seed_30_8_v3_prompts.py:434 Lint warnings for natal_relationship_style: ['Prompt is quite long (> 4,000 characters).']
WARNING  scripts.seed_30_8_v3_prompts:seed_30_8_v3_prompts.py:434 Lint warnings for natal_community_networks: ['Prompt is quite long (> 4,000 characters).']
WARNING  scripts.seed_30_8_v3_prompts:seed_30_8_v3_prompts.py:434 Lint warnings for natal_values_security: ['Prompt is quite long (> 4,000 characters).']
WARNING  scripts.seed_30_8_v3_prompts:seed_30_8_v3_prompts.py:434 Lint warnings for natal_evolution_path: ['Prompt is quite long (> 4,000 characters).']
WARNING  app.main:main.py:227 consultation_templates_auto_seed table is empty, seeding...
ERROR    asyncio:base_events.py:1879 Task exception was never retrieved
future: <Task finished name='Task-23' coro=<AsyncClient.aclose() done, defined at C:\dev\horoscope_front\.venv\Lib\site-packages\httpx\_client.py:1978> exception=RuntimeError('Event loop is closed')>
Traceback (most recent call last):
  File "C:\dev\horoscope_front\.venv\Lib\site-packages\httpx\_client.py", line 1985, in aclose
    await self._transport.aclose()
  File "C:\dev\horoscope_front\.venv\Lib\site-packages\httpx\_transports\default.py", line 406, in aclose
    await self._pool.aclose()
  File "C:\dev\horoscope_front\.venv\Lib\site-packages\httpcore\_async\connection_pool.py", line 353, in aclose
    await self._close_connections(closing_connections)
  File "C:\dev\horoscope_front\.venv\Lib\site-packages\httpcore\_async\connection_pool.py", line 345, in _close_connections
    await connection.aclose()
  File "C:\dev\horoscope_front\.venv\Lib\site-packages\httpcore\_async\connection.py", line 173, in aclose
    await self._connection.aclose()
  File "C:\dev\horoscope_front\.venv\Lib\site-packages\httpcore\_async\http11.py", line 258, in aclose
    await self._network_stream.aclose()
  File "C:\dev\horoscope_front\.venv\Lib\site-packages\httpcore\_backends\anyio.py", line 53, in aclose
    await self._stream.aclose()
  File "C:\dev\horoscope_front\.venv\Lib\site-packages\anyio\streams\tls.py", line 241, in aclose
    await self.transport_stream.aclose()
  File "C:\dev\horoscope_front\.venv\Lib\site-packages\anyio\_backends\_asyncio.py", line 1329, in aclose
    self._transport.close()
    ~~~~~~~~~~~~~~~~~~~~~^^
  File "C:\Users\cyril\AppData\Local\Programs\Python\Python313\Lib\asyncio\proactor_events.py", line 109, in close
    self._loop.call_soon(self._call_connection_lost, None)
    ~~~~~~~~~~~~~~~~~~~~^^^^^^^^^^^^^^^^^^^^^^^^^^^^^^^^^^
  File "C:\Users\cyril\AppData\Local\Programs\Python\Python313\Lib\asyncio\base_events.py", line 833, in call_soon
    self._check_closed()
    ~~~~~~~~~~~~~~~~~~^^
  File "C:\Users\cyril\AppData\Local\Programs\Python\Python313\Lib\asyncio\base_events.py", line 556, in _check_closed
    raise RuntimeError('Event loop is closed')
RuntimeError: Event loop is closed
WARNING  app.llm_orchestration.gateway:gateway.py:682 gateway_common_context_failed use_case=chat_astrologer error=birth profile not found
ERROR    app.llm_orchestration.gateway:gateway.py:754 gateway_prompt_render_error use_case=chat_astrologer request_id=f966025ba94e4bf6a2ad4f5bd98eaf10 error=Missing required variables for prompt rendering: current_datetime
WARNING  app.services.chat_guidance_service:chat_guidance_service.py:942 chat_generation_error request_id=f966025ba94e4bf6a2ad4f5bd98eaf10 code=prompt_render_error
WARNING  app.llm_orchestration.gateway:gateway.py:682 gateway_common_context_failed use_case=chat_astrologer error=birth profile not found
ERROR    app.llm_orchestration.gateway:gateway.py:754 gateway_prompt_render_error use_case=chat_astrologer request_id=f966025ba94e4bf6a2ad4f5bd98eaf10 error=Missing required variables for prompt rendering: current_datetime
WARNING  app.services.chat_guidance_service:chat_guidance_service.py:942 chat_generation_error request_id=f966025ba94e4bf6a2ad4f5bd98eaf10 code=prompt_render_error
ERROR    app.services.chat_guidance_service:chat_guidance_service.py:544 Exception in send_message (asyncio.run wrapper): failed to render prompt for chat
Traceback (most recent call last):
  File "C:\dev\horoscope_front\backend\app\services\chat_guidance_service.py", line 531, in send_message
    return asyncio.run(
           ~~~~~~~~~~~^
        ChatGuidanceService.send_message_async(
        ^^^^^^^^^^^^^^^^^^^^^^^^^^^^^^^^^^^^^^^
    ...<8 lines>...
        )
        ^
    )
    ^
  File "C:\Users\cyril\AppData\Local\Programs\Python\Python313\Lib\asyncio\runners.py", line 195, in run
    return runner.run(main)
           ~~~~~~~~~~^^^^^^
  File "C:\Users\cyril\AppData\Local\Programs\Python\Python313\Lib\asyncio\runners.py", line 118, in run
    return self._loop.run_until_complete(task)
           ~~~~~~~~~~~~~~~~~~~~~~~~~~~~~^^^^^^
  File "C:\Users\cyril\AppData\Local\Programs\Python\Python313\Lib\asyncio\base_events.py", line 725, in run_until_complete
    return future.result()
           ~~~~~~~~~~~~~^^
  File "C:\dev\horoscope_front\backend\app\services\chat_guidance_service.py", line 944, in send_message_async
    raise ChatGuidanceServiceError(
    ...<11 lines>...
    )
app.services.chat_guidance_service.ChatGuidanceServiceError: failed to render prompt for chat
________________ test_secret_rotation_survives_client_restart _________________
app\tests\integration\test_secret_rotation_critical_flows.py:358: in test_secret_rotation_survives_client_restart
    tokens_before, b2b_api_key = _run_pre_rotation_journey(before_restart_client, run_id)
                                 ^^^^^^^^^^^^^^^^^^^^^^^^^^^^^^^^^^^^^^^^^^^^^^^^^^^^^^^^
app\tests\integration\test_secret_rotation_critical_flows.py:280: in _run_pre_rotation_journey
    assert chat_first.status_code == 200
E   assert 422 == 200
E    +  where 422 = <Response [422 Unprocessable Entity]>.status_code
------------------------------ Captured log call ------------------------------
WARNING  app.llm_orchestration.gateway:gateway.py:682 gateway_common_context_failed use_case=chat_astrologer error=birth profile not found
ERROR    app.llm_orchestration.gateway:gateway.py:754 gateway_prompt_render_error use_case=chat_astrologer request_id=b2f1708d169a4f1ab98c1e9acecefd0f error=Missing required variables for prompt rendering: current_datetime
WARNING  app.services.chat_guidance_service:chat_guidance_service.py:942 chat_generation_error request_id=b2f1708d169a4f1ab98c1e9acecefd0f code=prompt_render_error
WARNING  app.llm_orchestration.gateway:gateway.py:682 gateway_common_context_failed use_case=chat_astrologer error=birth profile not found
ERROR    app.llm_orchestration.gateway:gateway.py:754 gateway_prompt_render_error use_case=chat_astrologer request_id=b2f1708d169a4f1ab98c1e9acecefd0f error=Missing required variables for prompt rendering: current_datetime
WARNING  app.services.chat_guidance_service:chat_guidance_service.py:942 chat_generation_error request_id=b2f1708d169a4f1ab98c1e9acecefd0f code=prompt_render_error
ERROR    app.services.chat_guidance_service:chat_guidance_service.py:544 Exception in send_message (asyncio.run wrapper): failed to render prompt for chat
Traceback (most recent call last):
  File "C:\dev\horoscope_front\backend\app\services\chat_guidance_service.py", line 531, in send_message
    return asyncio.run(
           ~~~~~~~~~~~^
        ChatGuidanceService.send_message_async(
        ^^^^^^^^^^^^^^^^^^^^^^^^^^^^^^^^^^^^^^^
    ...<8 lines>...
        )
        ^
    )
    ^
  File "C:\Users\cyril\AppData\Local\Programs\Python\Python313\Lib\asyncio\runners.py", line 195, in run
    return runner.run(main)
           ~~~~~~~~~~^^^^^^
  File "C:\Users\cyril\AppData\Local\Programs\Python\Python313\Lib\asyncio\runners.py", line 118, in run
    return self._loop.run_until_complete(task)
           ~~~~~~~~~~~~~~~~~~~~~~~~~~~~~^^^^^^
  File "C:\Users\cyril\AppData\Local\Programs\Python\Python313\Lib\asyncio\base_events.py", line 725, in run_until_complete
    return future.result()
           ~~~~~~~~~~~~~^^
  File "C:\dev\horoscope_front\backend\app\services\chat_guidance_service.py", line 944, in send_message_async
    raise ChatGuidanceServiceError(
    ...<11 lines>...
    )
app.services.chat_guidance_service.ChatGuidanceServiceError: failed to render prompt for chat
=========================== short test summary info ===========================
FAILED app/tests/integration/test_ops_monitoring_api.py::test_ops_monitoring_persona_kpis_reflect_live_chat_and_guidance_flows
FAILED app/tests/integration/test_secret_rotation_critical_flows.py::test_secret_rotation_keeps_auth_billing_chat_and_b2b_alive
FAILED app/tests/integration/test_secret_rotation_critical_flows.py::test_secret_rotation_survives_client_restart
====================== 3 failed, 69 deselected in 10.77s ======================
